<html>
<body>
<pre>
<h1>µVision Build Log</h1>
<h2>Tool Versions:</h2>
IDE-Version: µVision V5.38.0.0
Copyright (C) 2022 ARM Ltd and ARM Germany GmbH. All rights reserved.
License Information: Evgeny Dotsenko, home, LIC=----
 
Tool Versions:
Toolchain:       MDK-Lite  Version: 5.38.0.0
Toolchain Path:  C:\Keil_v5\ARM\ARMCLANG\Bin
C Compiler:      ArmClang.exe V6.19
Assembler:       Armasm.exe V6.19
Linker/Locator:  ArmLink.exe V6.19
Library Manager: ArmAr.exe V6.19
Hex Converter:   FromElf.exe V6.19
CPU DLL:         SARMCM3.DLL V5.38.0.0
Dialog DLL:      DCM.DLL V1.17.5.0
Target DLL:      STLink\ST-LINKIII-KEIL_SWO.dll V3.1.0.0
Dialog DLL:      TCM.DLL V1.56.4.0
 
<h2>Project:</h2>
D:\MK\STM32\Lab8_SPI\lab8_SPI.uvprojx
Project File Date:  05/03/2023

<h2>Output:</h2>
*** Using Compiler 'V6.19', folder: 'C:\Keil_v5\ARM\ARMCLANG\Bin'
Build target 'Target 1'
compiling main.c...
User/main.c(1): warning: In file included from...
./User/main.h(4): warning: In file included from...
./Pl\stm32f4xx.h(15): warning: invalid UTF-8 in comment [-Winvalid-utf8]
  *              - To use or not the peripheral<92>s drivers in application code(i.e. 
                                               ^
./Pl\stm32f4xx.h(16): warning: invalid UTF-8 in comment [-Winvalid-utf8]
  *                code will be based on direct access to peripheral<92>s registers 
                                                                    ^
./Pl\stm32f4xx.h(23): warning: invalid UTF-8 in comment [-Winvalid-utf8]
  *           - Macros to access peripheral<92>s registers hardware
                                           ^
User/main.c(1): warning: In file included from...
./User/main.h(4): warning: In file included from...
./Pl\stm32f4xx.h(12027): warning: In file included from...
./Pl/stm32f4xx_conf.h(34): warning: In file included from...
./Pl/inc\stm32f4xx_adc.h(38): warning: In file included from...
./Pl\stm32f4xx.h(15): warning: invalid UTF-8 in comment [-Winvalid-utf8]
  *              - To use or not the peripheral<92>s drivers in application code(i.e. 
                                               ^
./Pl\stm32f4xx.h(16): warning: invalid UTF-8 in comment [-Winvalid-utf8]
  *                code will be based on direct access to peripheral<92>s registers 
                                                                    ^
./Pl\stm32f4xx.h(23): warning: invalid UTF-8 in comment [-Winvalid-utf8]
  *           - Macros to access peripheral<92>s registers hardware
                                           ^
User/main.c(1): warning: In file included from...
./User/main.h(4): warning: In file included from...
./Pl\stm32f4xx.h(12027): warning: In file included from...
./Pl/stm32f4xx_conf.h(35): warning: In file included from...
./Pl/inc\stm32f4xx_crc.h(38): warning: In file included from...
./Pl\stm32f4xx.h(15): warning: invalid UTF-8 in comment [-Winvalid-utf8]
  *              - To use or not the peripheral<92>s drivers in application code(i.e. 
                                               ^
./Pl\stm32f4xx.h(16): warning: invalid UTF-8 in comment [-Winvalid-utf8]
  *                code will be based on direct access to peripheral<92>s registers 
                                                                    ^
./Pl\stm32f4xx.h(23): warning: invalid UTF-8 in comment [-Winvalid-utf8]
  *           - Macros to access peripheral<92>s registers hardware
                                           ^
User/main.c(1): warning: In file included from...
./User/main.h(4): warning: In file included from...
./Pl\stm32f4xx.h(12027): warning: In file included from...
./Pl/stm32f4xx_conf.h(36): warning: In file included from...
./Pl/inc\stm32f4xx_dbgmcu.h(37): warning: In file included from...
./Pl\stm32f4xx.h(15): warning: invalid UTF-8 in comment [-Winvalid-utf8]
  *              - To use or not the peripheral<92>s drivers in application code(i.e. 
                                               ^
./Pl\stm32f4xx.h(16): warning: invalid UTF-8 in comment [-Winvalid-utf8]
  *                code will be based on direct access to peripheral<92>s registers 
                                                                    ^
./Pl\stm32f4xx.h(23): warning: invalid UTF-8 in comment [-Winvalid-utf8]
  *           - Macros to access peripheral<92>s registers hardware
                                           ^
User/main.c(1): warning: In file included from...
./User/main.h(4): warning: In file included from...
./Pl\stm32f4xx.h(12027): warning: In file included from...
./Pl/stm32f4xx_conf.h(37): warning: In file included from...
./Pl/inc\stm32f4xx_dma.h(38): warning: In file included from...
./Pl\stm32f4xx.h(15): warning: invalid UTF-8 in comment [-Winvalid-utf8]
  *              - To use or not the peripheral<92>s drivers in application code(i.e. 
                                               ^
./Pl\stm32f4xx.h(16): warning: invalid UTF-8 in comment [-Winvalid-utf8]
  *                code will be based on direct access to peripheral<92>s registers 
                                                                    ^
./Pl\stm32f4xx.h(23): warning: invalid UTF-8 in comment [-Winvalid-utf8]
  *           - Macros to access peripheral<92>s registers hardware
                                           ^
User/main.c(1): warning: In file included from...
./User/main.h(4): warning: In file included from...
./Pl\stm32f4xx.h(12027): warning: In file included from...
./Pl/stm32f4xx_conf.h(38): warning: In file included from...
./Pl/inc\stm32f4xx_exti.h(38): warning: In file included from...
./Pl\stm32f4xx.h(15): warning: invalid UTF-8 in comment [-Winvalid-utf8]
  *              - To use or not the peripheral<92>s drivers in application code(i.e. 
                                               ^
./Pl\stm32f4xx.h(16): warning: invalid UTF-8 in comment [-Winvalid-utf8]
  *                code will be based on direct access to peripheral<92>s registers 
                                                                    ^
./Pl\stm32f4xx.h(23): warning: invalid UTF-8 in comment [-Winvalid-utf8]
  *           - Macros to access peripheral<92>s registers hardware
                                           ^
User/main.c(1): warning: In file included from...
./User/main.h(4): warning: In file included from...
./Pl\stm32f4xx.h(12027): warning: In file included from...
./Pl/stm32f4xx_conf.h(39): warning: In file included from...
./Pl/inc\stm32f4xx_flash.h(38): warning: In file included from...
./Pl\stm32f4xx.h(15): warning: invalid UTF-8 in comment [-Winvalid-utf8]
  *              - To use or not the peripheral<92>s drivers in application code(i.e. 
                                               ^
./Pl\stm32f4xx.h(16): warning: invalid UTF-8 in comment [-Winvalid-utf8]
  *                code will be based on direct access to peripheral<92>s registers 
                                                                    ^
./Pl\stm32f4xx.h(23): warning: invalid UTF-8 in comment [-Winvalid-utf8]
  *           - Macros to access peripheral<92>s registers hardware
                                           ^
User/main.c(1): warning: In file included from...
./User/main.h(4): warning: In file included from...
./Pl\stm32f4xx.h(12027): warning: In file included from...
./Pl/stm32f4xx_conf.h(40): warning: In file included from...
./Pl/inc\stm32f4xx_gpio.h(38): warning: In file included from...
./Pl\stm32f4xx.h(15): warning: invalid UTF-8 in comment [-Winvalid-utf8]
  *              - To use or not the peripheral<92>s drivers in application code(i.e. 
                                               ^
./Pl\stm32f4xx.h(16): warning: invalid UTF-8 in comment [-Winvalid-utf8]
  *                code will be based on direct access to peripheral<92>s registers 
                                                                    ^
./Pl\stm32f4xx.h(23): warning: invalid UTF-8 in comment [-Winvalid-utf8]
  *           - Macros to access peripheral<92>s registers hardware
                                           ^
User/main.c(1): warning: In file included from...
./User/main.h(4): warning: In file included from...
./Pl\stm32f4xx.h(12027): warning: In file included from...
./Pl/stm32f4xx_conf.h(41): warning: In file included from...
./Pl/inc\stm32f4xx_i2c.h(38): warning: In file included from...
./Pl\stm32f4xx.h(15): warning: invalid UTF-8 in comment [-Winvalid-utf8]
  *              - To use or not the peripheral<92>s drivers in application code(i.e. 
                                               ^
./Pl\stm32f4xx.h(16): warning: invalid UTF-8 in comment [-Winvalid-utf8]
  *                code will be based on direct access to peripheral<92>s registers 
                                                                    ^
./Pl\stm32f4xx.h(23): warning: invalid UTF-8 in comment [-Winvalid-utf8]
  *           - Macros to access peripheral<92>s registers hardware
                                           ^
User/main.c(1): warning: In file included from...
./User/main.h(4): warning: In file included from...
./Pl\stm32f4xx.h(12027): warning: In file included from...
./Pl/stm32f4xx_conf.h(42): warning: In file included from...
./Pl/inc\stm32f4xx_iwdg.h(38): warning: In file included from...
./Pl\stm32f4xx.h(15): warning: invalid UTF-8 in comment [-Winvalid-utf8]
  *              - To use or not the peripheral<92>s drivers in application code(i.e. 
                                               ^
./Pl\stm32f4xx.h(16): warning: invalid UTF-8 in comment [-Winvalid-utf8]
  *                code will be based on direct access to peripheral<92>s registers 
                                                                    ^
./Pl\stm32f4xx.h(23): warning: invalid UTF-8 in comment [-Winvalid-utf8]
  *           - Macros to access peripheral<92>s registers hardware
                                           ^
User/main.c(1): warning: In file included from...
./User/main.h(4): warning: In file included from...
./Pl\stm32f4xx.h(12027): warning: In file included from...
./Pl/stm32f4xx_conf.h(43): warning: In file included from...
./Pl/inc\stm32f4xx_pwr.h(38): warning: In file included from...
./Pl\stm32f4xx.h(15): warning: invalid UTF-8 in comment [-Winvalid-utf8]
  *              - To use or not the peripheral<92>s drivers in application code(i.e. 
                                               ^
./Pl\stm32f4xx.h(16): warning: invalid UTF-8 in comment [-Winvalid-utf8]
  *                code will be based on direct access to peripheral<92>s registers 
                                                                    ^
./Pl\stm32f4xx.h(23): warning: invalid UTF-8 in comment [-Winvalid-utf8]
  *           - Macros to access peripheral<92>s registers hardware
                                           ^
User/main.c(1): warning: In file included from...
./User/main.h(4): warning: In file included from...
./Pl\stm32f4xx.h(12027): warning: In file included from...
./Pl/stm32f4xx_conf.h(44): warning: In file included from...
./Pl/inc\stm32f4xx_rcc.h(37): warning: In file included from...
./Pl\stm32f4xx.h(15): warning: invalid UTF-8 in comment [-Winvalid-utf8]
  *              - To use or not the peripheral<92>s drivers in application code(i.e. 
                                               ^
./Pl\stm32f4xx.h(16): warning: invalid UTF-8 in comment [-Winvalid-utf8]
  *                code will be based on direct access to peripheral<92>s registers 
                                                                    ^
./Pl\stm32f4xx.h(23): warning: invalid UTF-8 in comment [-Winvalid-utf8]
  *           - Macros to access peripheral<92>s registers hardware
                                           ^
User/main.c(1): warning: In file included from...
./User/main.h(4): warning: In file included from...
./Pl\stm32f4xx.h(12027): warning: In file included from...
./Pl/stm32f4xx_conf.h(45): warning: In file included from...
./Pl/inc\stm32f4xx_rtc.h(38): warning: In file included from...
./Pl\stm32f4xx.h(15): warning: invalid UTF-8 in comment [-Winvalid-utf8]
  *              - To use or not the peripheral<92>s drivers in application code(i.e. 
                                               ^
./Pl\stm32f4xx.h(16): warning: invalid UTF-8 in comment [-Winvalid-utf8]
  *                code will be based on direct access to peripheral<92>s registers 
                                                                    ^
./Pl\stm32f4xx.h(23): warning: invalid UTF-8 in comment [-Winvalid-utf8]
  *           - Macros to access peripheral<92>s registers hardware
                                           ^
User/main.c(1): warning: In file included from...
./User/main.h(4): warning: In file included from...
./Pl\stm32f4xx.h(12027): warning: In file included from...
./Pl/stm32f4xx_conf.h(46): warning: In file included from...
./Pl/inc\stm32f4xx_sdio.h(38): warning: In file included from...
./Pl\stm32f4xx.h(15): warning: invalid UTF-8 in comment [-Winvalid-utf8]
  *              - To use or not the peripheral<92>s drivers in application code(i.e. 
                                               ^
./Pl\stm32f4xx.h(16): warning: invalid UTF-8 in comment [-Winvalid-utf8]
  *                code will be based on direct access to peripheral<92>s registers 
                                                                    ^
./Pl\stm32f4xx.h(23): warning: invalid UTF-8 in comment [-Winvalid-utf8]
  *           - Macros to access peripheral<92>s registers hardware
                                           ^
User/main.c(1): warning: In file included from...
./User/main.h(4): warning: In file included from...
./Pl\stm32f4xx.h(12027): warning: In file included from...
./Pl/stm32f4xx_conf.h(47): warning: In file included from...
./Pl/inc\stm32f4xx_spi.h(38): warning: In file included from...
./Pl\stm32f4xx.h(15): warning: invalid UTF-8 in comment [-Winvalid-utf8]
  *              - To use or not the peripheral<92>s drivers in application code(i.e. 
                                               ^
./Pl\stm32f4xx.h(16): warning: invalid UTF-8 in comment [-Winvalid-utf8]
  *                code will be based on direct access to peripheral<92>s registers 
                                                                    ^
./Pl\stm32f4xx.h(23): warning: invalid UTF-8 in comment [-Winvalid-utf8]
  *           - Macros to access peripheral<92>s registers hardware
                                           ^
User/main.c(1): warning: In file included from...
./User/main.h(4): warning: In file included from...
./Pl\stm32f4xx.h(12027): warning: In file included from...
./Pl/stm32f4xx_conf.h(48): warning: In file included from...
./Pl/inc\stm32f4xx_syscfg.h(38): warning: In file included from...
./Pl\stm32f4xx.h(15): warning: invalid UTF-8 in comment [-Winvalid-utf8]
  *              - To use or not the peripheral<92>s drivers in application code(i.e. 
                                               ^
./Pl\stm32f4xx.h(16): warning: invalid UTF-8 in comment [-Winvalid-utf8]
  *                code will be based on direct access to peripheral<92>s registers 
                                                                    ^
./Pl\stm32f4xx.h(23): warning: invalid UTF-8 in comment [-Winvalid-utf8]
  *           - Macros to access peripheral<92>s registers hardware
                                           ^
User/main.c(1): warning: In file included from...
./User/main.h(4): warning: In file included from...
./Pl\stm32f4xx.h(12027): warning: In file included from...
./Pl/stm32f4xx_conf.h(49): warning: In file included from...
./Pl/inc\stm32f4xx_tim.h(38): warning: In file included from...
./Pl\stm32f4xx.h(15): warning: invalid UTF-8 in comment [-Winvalid-utf8]
  *              - To use or not the peripheral<92>s drivers in application code(i.e. 
                                               ^
./Pl\stm32f4xx.h(16): warning: invalid UTF-8 in comment [-Winvalid-utf8]
  *                code will be based on direct access to peripheral<92>s registers 
                                                                    ^
./Pl\stm32f4xx.h(23): warning: invalid UTF-8 in comment [-Winvalid-utf8]
  *           - Macros to access peripheral<92>s registers hardware
                                           ^
User/main.c(1): warning: In file included from...
./User/main.h(4): warning: In file included from...
./Pl\stm32f4xx.h(12027): warning: In file included from...
./Pl/stm32f4xx_conf.h(50): warning: In file included from...
./Pl/inc\stm32f4xx_usart.h(38): warning: In file included from...
./Pl\stm32f4xx.h(15): warning: invalid UTF-8 in comment [-Winvalid-utf8]
  *              - To use or not the peripheral<92>s drivers in application code(i.e. 
                                               ^
./Pl\stm32f4xx.h(16): warning: invalid UTF-8 in comment [-Winvalid-utf8]
  *                code will be based on direct access to peripheral<92>s registers 
                                                                    ^
./Pl\stm32f4xx.h(23): warning: invalid UTF-8 in comment [-Winvalid-utf8]
  *           - Macros to access peripheral<92>s registers hardware
                                           ^
User/main.c(1): warning: In file included from...
./User/main.h(4): warning: In file included from...
./Pl\stm32f4xx.h(12027): warning: In file included from...
./Pl/stm32f4xx_conf.h(51): warning: In file included from...
./Pl/inc\stm32f4xx_wwdg.h(38): warning: In file included from...
./Pl\stm32f4xx.h(15): warning: invalid UTF-8 in comment [-Winvalid-utf8]
  *              - To use or not the peripheral<92>s drivers in application code(i.e. 
                                               ^
./Pl\stm32f4xx.h(16): warning: invalid UTF-8 in comment [-Winvalid-utf8]
  *                code will be based on direct access to peripheral<92>s registers 
                                                                    ^
./Pl\stm32f4xx.h(23): warning: invalid UTF-8 in comment [-Winvalid-utf8]
  *           - Macros to access peripheral<92>s registers hardware
                                           ^
User/main.c(1): warning: In file included from...
./User/main.h(4): warning: In file included from...
./Pl\stm32f4xx.h(12027): warning: In file included from...
./Pl/stm32f4xx_conf.h(52): warning: In file included from...
./Pl/inc\misc.h(38): warning: In file included from...
./Pl\stm32f4xx.h(15): warning: invalid UTF-8 in comment [-Winvalid-utf8]
  *              - To use or not the peripheral<92>s drivers in application code(i.e. 
                                               ^
./Pl\stm32f4xx.h(16): warning: invalid UTF-8 in comment [-Winvalid-utf8]
  *                code will be based on direct access to peripheral<92>s registers 
                                                                    ^
./Pl\stm32f4xx.h(23): warning: invalid UTF-8 in comment [-Winvalid-utf8]
  *           - Macros to access peripheral<92>s registers hardware
                                           ^
User/main.c(1): warning: In file included from...
./User/main.h(4): warning: In file included from...
./Pl\stm32f4xx.h(12027): warning: In file included from...
./Pl/stm32f4xx_conf.h(80): warning: In file included from...
./Pl/inc\stm32f4xx_cryp.h(38): warning: In file included from...
./Pl\stm32f4xx.h(15): warning: invalid UTF-8 in comment [-Winvalid-utf8]
  *              - To use or not the peripheral<92>s drivers in application code(i.e. 
                                               ^
./Pl\stm32f4xx.h(16): warning: invalid UTF-8 in comment [-Winvalid-utf8]
  *                code will be based on direct access to peripheral<92>s registers 
                                                                    ^
./Pl\stm32f4xx.h(23): warning: invalid UTF-8 in comment [-Winvalid-utf8]
  *           - Macros to access peripheral<92>s registers hardware
                                           ^
User/main.c(1): warning: In file included from...
./User/main.h(4): warning: In file included from...
./Pl\stm32f4xx.h(12027): warning: In file included from...
./Pl/stm32f4xx_conf.h(81): warning: In file included from...
./Pl/inc\stm32f4xx_hash.h(38): warning: In file included from...
./Pl\stm32f4xx.h(15): warning: invalid UTF-8 in comment [-Winvalid-utf8]
  *              - To use or not the peripheral<92>s drivers in application code(i.e. 
                                               ^
./Pl\stm32f4xx.h(16): warning: invalid UTF-8 in comment [-Winvalid-utf8]
  *                code will be based on direct access to peripheral<92>s registers 
                                                                    ^
./Pl\stm32f4xx.h(23): warning: invalid UTF-8 in comment [-Winvalid-utf8]
  *           - Macros to access peripheral<92>s registers hardware
                                           ^
User/main.c(1): warning: In file included from...
./User/main.h(4): warning: In file included from...
./Pl\stm32f4xx.h(12027): warning: In file included from...
./Pl/stm32f4xx_conf.h(82): warning: In file included from...
./Pl/inc\stm32f4xx_rng.h(38): warning: In file included from...
./Pl\stm32f4xx.h(15): warning: invalid UTF-8 in comment [-Winvalid-utf8]
  *              - To use or not the peripheral<92>s drivers in application code(i.e. 
                                               ^
./Pl\stm32f4xx.h(16): warning: invalid UTF-8 in comment [-Winvalid-utf8]
  *                code will be based on direct access to peripheral<92>s registers 
                                                                    ^
./Pl\stm32f4xx.h(23): warning: invalid UTF-8 in comment [-Winvalid-utf8]
  *           - Macros to access peripheral<92>s registers hardware
                                           ^
User/main.c(1): warning: In file included from...
./User/main.h(4): warning: In file included from...
./Pl\stm32f4xx.h(12027): warning: In file included from...
./Pl/stm32f4xx_conf.h(83): warning: In file included from...
./Pl/inc\stm32f4xx_can.h(38): warning: In file included from...
./Pl\stm32f4xx.h(15): warning: invalid UTF-8 in comment [-Winvalid-utf8]
  *              - To use or not the peripheral<92>s drivers in application code(i.e. 
                                               ^
./Pl\stm32f4xx.h(16): warning: invalid UTF-8 in comment [-Winvalid-utf8]
  *                code will be based on direct access to peripheral<92>s registers 
                                                                    ^
./Pl\stm32f4xx.h(23): warning: invalid UTF-8 in comment [-Winvalid-utf8]
  *           - Macros to access peripheral<92>s registers hardware
                                           ^
User/main.c(1): warning: In file included from...
./User/main.h(4): warning: In file included from...
./Pl\stm32f4xx.h(12027): warning: In file included from...
./Pl/stm32f4xx_conf.h(84): warning: In file included from...
./Pl/inc\stm32f4xx_dac.h(38): warning: In file included from...
./Pl\stm32f4xx.h(15): warning: invalid UTF-8 in comment [-Winvalid-utf8]
  *              - To use or not the peripheral<92>s drivers in application code(i.e. 
                                               ^
./Pl\stm32f4xx.h(16): warning: invalid UTF-8 in comment [-Winvalid-utf8]
  *                code will be based on direct access to peripheral<92>s registers 
                                                                    ^
./Pl\stm32f4xx.h(23): warning: invalid UTF-8 in comment [-Winvalid-utf8]
  *           - Macros to access peripheral<92>s registers hardware
                                           ^
User/main.c(1): warning: In file included from...
./User/main.h(4): warning: In file included from...
./Pl\stm32f4xx.h(12027): warning: In file included from...
./Pl/stm32f4xx_conf.h(85): warning: In file included from...
./Pl/inc\stm32f4xx_dcmi.h(37): warning: In file included from...
./Pl\stm32f4xx.h(15): warning: invalid UTF-8 in comment [-Winvalid-utf8]
  *              - To use or not the peripheral<92>s drivers in application code(i.e. 
                                               ^
./Pl\stm32f4xx.h(16): warning: invalid UTF-8 in comment [-Winvalid-utf8]
  *                code will be based on direct access to peripheral<92>s registers 
                                                                    ^
./Pl\stm32f4xx.h(23): warning: invalid UTF-8 in comment [-Winvalid-utf8]
  *           - Macros to access peripheral<92>s registers hardware
                                           ^
User/main.c(1): warning: In file included from...
./User/main.h(4): warning: In file included from...
./Pl\stm32f4xx.h(12027): warning: In file included from...
./Pl/stm32f4xx_conf.h(86): warning: In file included from...
./Pl/inc\stm32f4xx_fsmc.h(38): warning: In file included from...
./Pl\stm32f4xx.h(15): warning: invalid UTF-8 in comment [-Winvalid-utf8]
  *              - To use or not the peripheral<92>s drivers in application code(i.e. 
                                               ^
./Pl\stm32f4xx.h(16): warning: invalid UTF-8 in comment [-Winvalid-utf8]
  *                code will be based on direct access to peripheral<92>s registers 
                                                                    ^
./Pl\stm32f4xx.h(23): warning: invalid UTF-8 in comment [-Winvalid-utf8]
  *           - Macros to access peripheral<92>s registers hardware
                                           ^
User/main.c(1): warning: In file included from...
./User/main.h(8): warning: In file included from...
./User/LED_init.h(6): warning: invalid UTF-8 in comment [-Winvalid-utf8]
#define OFF_All_LEDs GPIO_ResetBits(GPIOD, GPIO_Pin_12|GPIO_Pin_13|GPIO_Pin_14|GPIO_Pin_15); //<F3><F1><F2><E0><ED><E0><E2><EB><E8><E2><E0><E5><EC> <ED><E8><E7><EA><E8><E9> <F3><F0><EE><E2><E5><ED><FC> <ED><E0><EF><F0><FF><E6><E5><ED><E8><FF> 0 <ED><E0> <ED><EE><E6><EA><E8> <F1><E2><E5><F2><EE><E4><E8><EE><E4><EE><E2> PD12/13/14/15
                                                                                               ^
./User/LED_init.h(6): warning: invalid UTF-8 in comment [-Winvalid-utf8]
#define OFF_All_LEDs GPIO_ResetBits(GPIOD, GPIO_Pin_12|GPIO_Pin_13|GPIO_Pin_14|GPIO_Pin_15); //<F3><F1><F2><E0><ED><E0><E2><EB><E8><E2><E0><E5><EC> <ED><E8><E7><EA><E8><E9> <F3><F0><EE><E2><E5><ED><FC> <ED><E0><EF><F0><FF><E6><E5><ED><E8><FF> 0 <ED><E0> <ED><EE><E6><EA><E8> <F1><E2><E5><F2><EE><E4><E8><EE><E4><EE><E2> PD12/13/14/15
                                                                                                                                                    ^
./User/LED_init.h(6): warning: invalid UTF-8 in comment [-Winvalid-utf8]
#define OFF_All_LEDs GPIO_ResetBits(GPIOD, GPIO_Pin_12|GPIO_Pin_13|GPIO_Pin_14|GPIO_Pin_15); //<F3><F1><F2><E0><ED><E0><E2><EB><E8><E2><E0><E5><EC> <ED><E8><E7><EA><E8><E9> <F3><F0><EE><E2><E5><ED><FC> <ED><E0><EF><F0><FF><E6><E5><ED><E8><FF> 0 <ED><E0> <ED><EE><E6><EA><E8> <F1><E2><E5><F2><EE><E4><E8><EE><E4><EE><E2> PD12/13/14/15
                                                                                                                                                                             ^
./User/LED_init.h(6): warning: invalid UTF-8 in comment [-Winvalid-utf8]
#define OFF_All_LEDs GPIO_ResetBits(GPIOD, GPIO_Pin_12|GPIO_Pin_13|GPIO_Pin_14|GPIO_Pin_15); //<F3><F1><F2><E0><ED><E0><E2><EB><E8><E2><E0><E5><EC> <ED><E8><E7><EA><E8><E9> <F3><F0><EE><E2><E5><ED><FC> <ED><E0><EF><F0><FF><E6><E5><ED><E8><FF> 0 <ED><E0> <ED><EE><E6><EA><E8> <F1><E2><E5><F2><EE><E4><E8><EE><E4><EE><E2> PD12/13/14/15
                                                                                                                                                                                                          ^
./User/LED_init.h(6): warning: invalid UTF-8 in comment [-Winvalid-utf8]
#define OFF_All_LEDs GPIO_ResetBits(GPIOD, GPIO_Pin_12|GPIO_Pin_13|GPIO_Pin_14|GPIO_Pin_15); //<F3><F1><F2><E0><ED><E0><E2><EB><E8><E2><E0><E5><EC> <ED><E8><E7><EA><E8><E9> <F3><F0><EE><E2><E5><ED><FC> <ED><E0><EF><F0><FF><E6><E5><ED><E8><FF> 0 <ED><E0> <ED><EE><E6><EA><E8> <F1><E2><E5><F2><EE><E4><E8><EE><E4><EE><E2> PD12/13/14/15
                                                                                                                                                                                                                                                     ^
./User/LED_init.h(6): warning: invalid UTF-8 in comment [-Winvalid-utf8]
#define OFF_All_LEDs GPIO_ResetBits(GPIOD, GPIO_Pin_12|GPIO_Pin_13|GPIO_Pin_14|GPIO_Pin_15); //<F3><F1><F2><E0><ED><E0><E2><EB><E8><E2><E0><E5><EC> <ED><E8><E7><EA><E8><E9> <F3><F0><EE><E2><E5><ED><FC> <ED><E0><EF><F0><FF><E6><E5><ED><E8><FF> 0 <ED><E0> <ED><EE><E6><EA><E8> <F1><E2><E5><F2><EE><E4><E8><EE><E4><EE><E2> PD12/13/14/15
                                                                                                                                                                                                                                                              ^
./User/LED_init.h(6): warning: invalid UTF-8 in comment [-Winvalid-utf8]
#define OFF_All_LEDs GPIO_ResetBits(GPIOD, GPIO_Pin_12|GPIO_Pin_13|GPIO_Pin_14|GPIO_Pin_15); //<F3><F1><F2><E0><ED><E0><E2><EB><E8><E2><E0><E5><EC> <ED><E8><E7><EA><E8><E9> <F3><F0><EE><E2><E5><ED><FC> <ED><E0><EF><F0><FF><E6><E5><ED><E8><FF> 0 <ED><E0> <ED><EE><E6><EA><E8> <F1><E2><E5><F2><EE><E4><E8><EE><E4><EE><E2> PD12/13/14/15
                                                                                                                                                                                                                                                                                   ^
./User/LED_init.h(7): warning: invalid UTF-8 in comment [-Winvalid-utf8]
#define ON_All_LEDs GPIO_SetBits(GPIOD, GPIO_Pin_12|GPIO_Pin_13|GPIO_Pin_14|GPIO_Pin_15); //<F3><F1><F2><E0><ED><E0><E2><EB><E8><E2><E0><E5><EC> <E2><FB><F1><EE><EA><E8><E9> <F3><F0><EE><E2><E5><ED><FC> <ED><E0><EF><F0><FF><E6><E5><ED><E8><FF> 1 <ED><E0> <ED><EE><E6><EA><E8> <F1><E2><E5><F2><EE><E4><E8><EE><E4><EE><E2> PD12/13/14/15
                                                                                            ^
./User/LED_init.h(7): warning: invalid UTF-8 in comment [-Winvalid-utf8]
#define ON_All_LEDs GPIO_SetBits(GPIOD, GPIO_Pin_12|GPIO_Pin_13|GPIO_Pin_14|GPIO_Pin_15); //<F3><F1><F2><E0><ED><E0><E2><EB><E8><E2><E0><E5><EC> <E2><FB><F1><EE><EA><E8><E9> <F3><F0><EE><E2><E5><ED><FC> <ED><E0><EF><F0><FF><E6><E5><ED><E8><FF> 1 <ED><E0> <ED><EE><E6><EA><E8> <F1><E2><E5><F2><EE><E4><E8><EE><E4><EE><E2> PD12/13/14/15
                                                                                                                                                 ^
./User/LED_init.h(7): warning: invalid UTF-8 in comment [-Winvalid-utf8]
#define ON_All_LEDs GPIO_SetBits(GPIOD, GPIO_Pin_12|GPIO_Pin_13|GPIO_Pin_14|GPIO_Pin_15); //<F3><F1><F2><E0><ED><E0><E2><EB><E8><E2><E0><E5><EC> <E2><FB><F1><EE><EA><E8><E9> <F3><F0><EE><E2><E5><ED><FC> <ED><E0><EF><F0><FF><E6><E5><ED><E8><FF> 1 <ED><E0> <ED><EE><E6><EA><E8> <F1><E2><E5><F2><EE><E4><E8><EE><E4><EE><E2> PD12/13/14/15
                                                                                                                                                                              ^
./User/LED_init.h(7): warning: invalid UTF-8 in comment [-Winvalid-utf8]
#define ON_All_LEDs GPIO_SetBits(GPIOD, GPIO_Pin_12|GPIO_Pin_13|GPIO_Pin_14|GPIO_Pin_15); //<F3><F1><F2><E0><ED><E0><E2><EB><E8><E2><E0><E5><EC> <E2><FB><F1><EE><EA><E8><E9> <F3><F0><EE><E2><E5><ED><FC> <ED><E0><EF><F0><FF><E6><E5><ED><E8><FF> 1 <ED><E0> <ED><EE><E6><EA><E8> <F1><E2><E5><F2><EE><E4><E8><EE><E4><EE><E2> PD12/13/14/15
                                                                                                                                                                                                           ^
./User/LED_init.h(7): warning: invalid UTF-8 in comment [-Winvalid-utf8]
#define ON_All_LEDs GPIO_SetBits(GPIOD, GPIO_Pin_12|GPIO_Pin_13|GPIO_Pin_14|GPIO_Pin_15); //<F3><F1><F2><E0><ED><E0><E2><EB><E8><E2><E0><E5><EC> <E2><FB><F1><EE><EA><E8><E9> <F3><F0><EE><E2><E5><ED><FC> <ED><E0><EF><F0><FF><E6><E5><ED><E8><FF> 1 <ED><E0> <ED><EE><E6><EA><E8> <F1><E2><E5><F2><EE><E4><E8><EE><E4><EE><E2> PD12/13/14/15
                                                                                                                                                                                                                                                      ^
./User/LED_init.h(7): warning: invalid UTF-8 in comment [-Winvalid-utf8]
#define ON_All_LEDs GPIO_SetBits(GPIOD, GPIO_Pin_12|GPIO_Pin_13|GPIO_Pin_14|GPIO_Pin_15); //<F3><F1><F2><E0><ED><E0><E2><EB><E8><E2><E0><E5><EC> <E2><FB><F1><EE><EA><E8><E9> <F3><F0><EE><E2><E5><ED><FC> <ED><E0><EF><F0><FF><E6><E5><ED><E8><FF> 1 <ED><E0> <ED><EE><E6><EA><E8> <F1><E2><E5><F2><EE><E4><E8><EE><E4><EE><E2> PD12/13/14/15
                                                                                                                                                                                                                                                               ^
./User/LED_init.h(7): warning: invalid UTF-8 in comment [-Winvalid-utf8]
#define ON_All_LEDs GPIO_SetBits(GPIOD, GPIO_Pin_12|GPIO_Pin_13|GPIO_Pin_14|GPIO_Pin_15); //<F3><F1><F2><E0><ED><E0><E2><EB><E8><E2><E0><E5><EC> <E2><FB><F1><EE><EA><E8><E9> <F3><F0><EE><E2><E5><ED><FC> <ED><E0><EF><F0><FF><E6><E5><ED><E8><FF> 1 <ED><E0> <ED><EE><E6><EA><E8> <F1><E2><E5><F2><EE><E4><E8><EE><E4><EE><E2> PD12/13/14/15
                                                                                                                                                                                                                                                                                    ^
./User/LED_init.h(9): warning: invalid UTF-8 in comment [-Winvalid-utf8]
#define Green_ON GPIO_SetBits(GPIOD, GPIO_Pin_12); //<F3><F1><F2><E0><ED><E0><E2><EB><E8><E2><E0><E5><EC> <E2><FB><F1><EE><EA><E8><E9> <F3><F0><EE><E2><E5><ED><FC> <ED><E0><EF><F0><FF><E6><E5><ED><E8><FF> 1 <ED><E0> <ED><EE><E6><EA><E5> <F1><E2><E5><F2><EE><E4><E8><EE><E4><E0> PD12
                                                     ^
./User/LED_init.h(9): warning: invalid UTF-8 in comment [-Winvalid-utf8]
#define Green_ON GPIO_SetBits(GPIOD, GPIO_Pin_12); //<F3><F1><F2><E0><ED><E0><E2><EB><E8><E2><E0><E5><EC> <E2><FB><F1><EE><EA><E8><E9> <F3><F0><EE><E2><E5><ED><FC> <ED><E0><EF><F0><FF><E6><E5><ED><E8><FF> 1 <ED><E0> <ED><EE><E6><EA><E5> <F1><E2><E5><F2><EE><E4><E8><EE><E4><E0> PD12
                                                                                                          ^
./User/LED_init.h(9): warning: invalid UTF-8 in comment [-Winvalid-utf8]
#define Green_ON GPIO_SetBits(GPIOD, GPIO_Pin_12); //<F3><F1><F2><E0><ED><E0><E2><EB><E8><E2><E0><E5><EC> <E2><FB><F1><EE><EA><E8><E9> <F3><F0><EE><E2><E5><ED><FC> <ED><E0><EF><F0><FF><E6><E5><ED><E8><FF> 1 <ED><E0> <ED><EE><E6><EA><E5> <F1><E2><E5><F2><EE><E4><E8><EE><E4><E0> PD12
                                                                                                                                       ^
./User/LED_init.h(9): warning: invalid UTF-8 in comment [-Winvalid-utf8]
#define Green_ON GPIO_SetBits(GPIOD, GPIO_Pin_12); //<F3><F1><F2><E0><ED><E0><E2><EB><E8><E2><E0><E5><EC> <E2><FB><F1><EE><EA><E8><E9> <F3><F0><EE><E2><E5><ED><FC> <ED><E0><EF><F0><FF><E6><E5><ED><E8><FF> 1 <ED><E0> <ED><EE><E6><EA><E5> <F1><E2><E5><F2><EE><E4><E8><EE><E4><E0> PD12
                                                                                                                                                                    ^
./User/LED_init.h(9): warning: invalid UTF-8 in comment [-Winvalid-utf8]
#define Green_ON GPIO_SetBits(GPIOD, GPIO_Pin_12); //<F3><F1><F2><E0><ED><E0><E2><EB><E8><E2><E0><E5><EC> <E2><FB><F1><EE><EA><E8><E9> <F3><F0><EE><E2><E5><ED><FC> <ED><E0><EF><F0><FF><E6><E5><ED><E8><FF> 1 <ED><E0> <ED><EE><E6><EA><E5> <F1><E2><E5><F2><EE><E4><E8><EE><E4><E0> PD12
                                                                                                                                                                                                               ^
./User/LED_init.h(9): warning: invalid UTF-8 in comment [-Winvalid-utf8]
#define Green_ON GPIO_SetBits(GPIOD, GPIO_Pin_12); //<F3><F1><F2><E0><ED><E0><E2><EB><E8><E2><E0><E5><EC> <E2><FB><F1><EE><EA><E8><E9> <F3><F0><EE><E2><E5><ED><FC> <ED><E0><EF><F0><FF><E6><E5><ED><E8><FF> 1 <ED><E0> <ED><EE><E6><EA><E5> <F1><E2><E5><F2><EE><E4><E8><EE><E4><E0> PD12
                                                                                                                                                                                                                        ^
./User/LED_init.h(9): warning: invalid UTF-8 in comment [-Winvalid-utf8]
#define Green_ON GPIO_SetBits(GPIOD, GPIO_Pin_12); //<F3><F1><F2><E0><ED><E0><E2><EB><E8><E2><E0><E5><EC> <E2><FB><F1><EE><EA><E8><E9> <F3><F0><EE><E2><E5><ED><FC> <ED><E0><EF><F0><FF><E6><E5><ED><E8><FF> 1 <ED><E0> <ED><EE><E6><EA><E5> <F1><E2><E5><F2><EE><E4><E8><EE><E4><E0> PD12
                                                                                                                                                                                                                                             ^
./User/LED_init.h(10): warning: invalid UTF-8 in comment [-Winvalid-utf8]
#define Green_OFF GPIO_ResetBits(GPIOD, GPIO_Pin_12); //<F3><F1><F2><E0><ED><E0><E2><EB><E8><E2><E0><E5><EC> <ED><E8><E7><EA><E8><E9> <F3><F0><EE><E2><E5><ED><FC> <ED><E0><EF><F0><FF><E6><E5><ED><E8><FF> 0 <ED><E0> <ED><EE><E6><EA><E5> <F1><E2><E5><F2><EE><E4><E8><EE><E4><E0> PD12
                                                        ^
./User/LED_init.h(10): warning: invalid UTF-8 in comment [-Winvalid-utf8]
#define Green_OFF GPIO_ResetBits(GPIOD, GPIO_Pin_12); //<F3><F1><F2><E0><ED><E0><E2><EB><E8><E2><E0><E5><EC> <ED><E8><E7><EA><E8><E9> <F3><F0><EE><E2><E5><ED><FC> <ED><E0><EF><F0><FF><E6><E5><ED><E8><FF> 0 <ED><E0> <ED><EE><E6><EA><E5> <F1><E2><E5><F2><EE><E4><E8><EE><E4><E0> PD12
                                                                                                             ^
./User/LED_init.h(10): warning: invalid UTF-8 in comment [-Winvalid-utf8]
#define Green_OFF GPIO_ResetBits(GPIOD, GPIO_Pin_12); //<F3><F1><F2><E0><ED><E0><E2><EB><E8><E2><E0><E5><EC> <ED><E8><E7><EA><E8><E9> <F3><F0><EE><E2><E5><ED><FC> <ED><E0><EF><F0><FF><E6><E5><ED><E8><FF> 0 <ED><E0> <ED><EE><E6><EA><E5> <F1><E2><E5><F2><EE><E4><E8><EE><E4><E0> PD12
                                                                                                                                      ^
./User/LED_init.h(10): warning: invalid UTF-8 in comment [-Winvalid-utf8]
#define Green_OFF GPIO_ResetBits(GPIOD, GPIO_Pin_12); //<F3><F1><F2><E0><ED><E0><E2><EB><E8><E2><E0><E5><EC> <ED><E8><E7><EA><E8><E9> <F3><F0><EE><E2><E5><ED><FC> <ED><E0><EF><F0><FF><E6><E5><ED><E8><FF> 0 <ED><E0> <ED><EE><E6><EA><E5> <F1><E2><E5><F2><EE><E4><E8><EE><E4><E0> PD12
                                                                                                                                                                   ^
./User/LED_init.h(10): warning: invalid UTF-8 in comment [-Winvalid-utf8]
#define Green_OFF GPIO_ResetBits(GPIOD, GPIO_Pin_12); //<F3><F1><F2><E0><ED><E0><E2><EB><E8><E2><E0><E5><EC> <ED><E8><E7><EA><E8><E9> <F3><F0><EE><E2><E5><ED><FC> <ED><E0><EF><F0><FF><E6><E5><ED><E8><FF> 0 <ED><E0> <ED><EE><E6><EA><E5> <F1><E2><E5><F2><EE><E4><E8><EE><E4><E0> PD12
                                                                                                                                                                                                              ^
./User/LED_init.h(10): warning: invalid UTF-8 in comment [-Winvalid-utf8]
#define Green_OFF GPIO_ResetBits(GPIOD, GPIO_Pin_12); //<F3><F1><F2><E0><ED><E0><E2><EB><E8><E2><E0><E5><EC> <ED><E8><E7><EA><E8><E9> <F3><F0><EE><E2><E5><ED><FC> <ED><E0><EF><F0><FF><E6><E5><ED><E8><FF> 0 <ED><E0> <ED><EE><E6><EA><E5> <F1><E2><E5><F2><EE><E4><E8><EE><E4><E0> PD12
                                                                                                                                                                                                                       ^
./User/LED_init.h(10): warning: invalid UTF-8 in comment [-Winvalid-utf8]
#define Green_OFF GPIO_ResetBits(GPIOD, GPIO_Pin_12); //<F3><F1><F2><E0><ED><E0><E2><EB><E8><E2><E0><E5><EC> <ED><E8><E7><EA><E8><E9> <F3><F0><EE><E2><E5><ED><FC> <ED><E0><EF><F0><FF><E6><E5><ED><E8><FF> 0 <ED><E0> <ED><EE><E6><EA><E5> <F1><E2><E5><F2><EE><E4><E8><EE><E4><E0> PD12
                                                                                                                                                                                                                                            ^
./User/LED_init.h(12): warning: invalid UTF-8 in comment [-Winvalid-utf8]
#define Yellow_ON GPIO_SetBits(GPIOD, GPIO_Pin_13); //<F3><F1><F2><E0><ED><E0><E2><EB><E8><E2><E0><E5><EC> <E2><FB><F1><EE><EA><E8><E9> <F3><F0><EE><E2><E5><ED><FC> <ED><E0><EF><F0><FF><E6><E5><ED><E8><FF> 1 <ED><E0> <ED><EE><E6><EA><E5> <F1><E2><E5><F2><EE><E4><E8><EE><E4><E0> PD13
                                                      ^
./User/LED_init.h(12): warning: invalid UTF-8 in comment [-Winvalid-utf8]
#define Yellow_ON GPIO_SetBits(GPIOD, GPIO_Pin_13); //<F3><F1><F2><E0><ED><E0><E2><EB><E8><E2><E0><E5><EC> <E2><FB><F1><EE><EA><E8><E9> <F3><F0><EE><E2><E5><ED><FC> <ED><E0><EF><F0><FF><E6><E5><ED><E8><FF> 1 <ED><E0> <ED><EE><E6><EA><E5> <F1><E2><E5><F2><EE><E4><E8><EE><E4><E0> PD13
                                                                                                           ^
./User/LED_init.h(12): warning: invalid UTF-8 in comment [-Winvalid-utf8]
#define Yellow_ON GPIO_SetBits(GPIOD, GPIO_Pin_13); //<F3><F1><F2><E0><ED><E0><E2><EB><E8><E2><E0><E5><EC> <E2><FB><F1><EE><EA><E8><E9> <F3><F0><EE><E2><E5><ED><FC> <ED><E0><EF><F0><FF><E6><E5><ED><E8><FF> 1 <ED><E0> <ED><EE><E6><EA><E5> <F1><E2><E5><F2><EE><E4><E8><EE><E4><E0> PD13
                                                                                                                                        ^
./User/LED_init.h(12): warning: invalid UTF-8 in comment [-Winvalid-utf8]
#define Yellow_ON GPIO_SetBits(GPIOD, GPIO_Pin_13); //<F3><F1><F2><E0><ED><E0><E2><EB><E8><E2><E0><E5><EC> <E2><FB><F1><EE><EA><E8><E9> <F3><F0><EE><E2><E5><ED><FC> <ED><E0><EF><F0><FF><E6><E5><ED><E8><FF> 1 <ED><E0> <ED><EE><E6><EA><E5> <F1><E2><E5><F2><EE><E4><E8><EE><E4><E0> PD13
                                                                                                                                                                     ^
./User/LED_init.h(12): warning: invalid UTF-8 in comment [-Winvalid-utf8]
#define Yellow_ON GPIO_SetBits(GPIOD, GPIO_Pin_13); //<F3><F1><F2><E0><ED><E0><E2><EB><E8><E2><E0><E5><EC> <E2><FB><F1><EE><EA><E8><E9> <F3><F0><EE><E2><E5><ED><FC> <ED><E0><EF><F0><FF><E6><E5><ED><E8><FF> 1 <ED><E0> <ED><EE><E6><EA><E5> <F1><E2><E5><F2><EE><E4><E8><EE><E4><E0> PD13
                                                                                                                                                                                                                ^
./User/LED_init.h(12): warning: invalid UTF-8 in comment [-Winvalid-utf8]
#define Yellow_ON GPIO_SetBits(GPIOD, GPIO_Pin_13); //<F3><F1><F2><E0><ED><E0><E2><EB><E8><E2><E0><E5><EC> <E2><FB><F1><EE><EA><E8><E9> <F3><F0><EE><E2><E5><ED><FC> <ED><E0><EF><F0><FF><E6><E5><ED><E8><FF> 1 <ED><E0> <ED><EE><E6><EA><E5> <F1><E2><E5><F2><EE><E4><E8><EE><E4><E0> PD13
                                                                                                                                                                                                                         ^
./User/LED_init.h(12): warning: invalid UTF-8 in comment [-Winvalid-utf8]
#define Yellow_ON GPIO_SetBits(GPIOD, GPIO_Pin_13); //<F3><F1><F2><E0><ED><E0><E2><EB><E8><E2><E0><E5><EC> <E2><FB><F1><EE><EA><E8><E9> <F3><F0><EE><E2><E5><ED><FC> <ED><E0><EF><F0><FF><E6><E5><ED><E8><FF> 1 <ED><E0> <ED><EE><E6><EA><E5> <F1><E2><E5><F2><EE><E4><E8><EE><E4><E0> PD13
                                                                                                                                                                                                                                              ^
./User/LED_init.h(13): warning: invalid UTF-8 in comment [-Winvalid-utf8]
#define Yellow_OFF GPIO_ResetBits(GPIOD, GPIO_Pin_13); //<F3><F1><F2><E0><ED><E0><E2><EB><E8><E2><E0><E5><EC> <ED><E8><E7><EA><E8><E9> <F3><F0><EE><E2><E5><ED><FC> <ED><E0><EF><F0><FF><E6><E5><ED><E8><FF> 0 <ED><E0> <ED><EE><E6><EA><E5> <F1><E2><E5><F2><EE><E4><E8><EE><E4><E0> PD13
                                                         ^
./User/LED_init.h(13): warning: invalid UTF-8 in comment [-Winvalid-utf8]
#define Yellow_OFF GPIO_ResetBits(GPIOD, GPIO_Pin_13); //<F3><F1><F2><E0><ED><E0><E2><EB><E8><E2><E0><E5><EC> <ED><E8><E7><EA><E8><E9> <F3><F0><EE><E2><E5><ED><FC> <ED><E0><EF><F0><FF><E6><E5><ED><E8><FF> 0 <ED><E0> <ED><EE><E6><EA><E5> <F1><E2><E5><F2><EE><E4><E8><EE><E4><E0> PD13
                                                                                                              ^
./User/LED_init.h(13): warning: invalid UTF-8 in comment [-Winvalid-utf8]
#define Yellow_OFF GPIO_ResetBits(GPIOD, GPIO_Pin_13); //<F3><F1><F2><E0><ED><E0><E2><EB><E8><E2><E0><E5><EC> <ED><E8><E7><EA><E8><E9> <F3><F0><EE><E2><E5><ED><FC> <ED><E0><EF><F0><FF><E6><E5><ED><E8><FF> 0 <ED><E0> <ED><EE><E6><EA><E5> <F1><E2><E5><F2><EE><E4><E8><EE><E4><E0> PD13
                                                                                                                                       ^
./User/LED_init.h(13): warning: invalid UTF-8 in comment [-Winvalid-utf8]
#define Yellow_OFF GPIO_ResetBits(GPIOD, GPIO_Pin_13); //<F3><F1><F2><E0><ED><E0><E2><EB><E8><E2><E0><E5><EC> <ED><E8><E7><EA><E8><E9> <F3><F0><EE><E2><E5><ED><FC> <ED><E0><EF><F0><FF><E6><E5><ED><E8><FF> 0 <ED><E0> <ED><EE><E6><EA><E5> <F1><E2><E5><F2><EE><E4><E8><EE><E4><E0> PD13
                                                                                                                                                                    ^
./User/LED_init.h(13): warning: invalid UTF-8 in comment [-Winvalid-utf8]
#define Yellow_OFF GPIO_ResetBits(GPIOD, GPIO_Pin_13); //<F3><F1><F2><E0><ED><E0><E2><EB><E8><E2><E0><E5><EC> <ED><E8><E7><EA><E8><E9> <F3><F0><EE><E2><E5><ED><FC> <ED><E0><EF><F0><FF><E6><E5><ED><E8><FF> 0 <ED><E0> <ED><EE><E6><EA><E5> <F1><E2><E5><F2><EE><E4><E8><EE><E4><E0> PD13
                                                                                                                                                                                                               ^
./User/LED_init.h(13): warning: invalid UTF-8 in comment [-Winvalid-utf8]
#define Yellow_OFF GPIO_ResetBits(GPIOD, GPIO_Pin_13); //<F3><F1><F2><E0><ED><E0><E2><EB><E8><E2><E0><E5><EC> <ED><E8><E7><EA><E8><E9> <F3><F0><EE><E2><E5><ED><FC> <ED><E0><EF><F0><FF><E6><E5><ED><E8><FF> 0 <ED><E0> <ED><EE><E6><EA><E5> <F1><E2><E5><F2><EE><E4><E8><EE><E4><E0> PD13
                                                                                                                                                                                                                        ^
./User/LED_init.h(13): warning: invalid UTF-8 in comment [-Winvalid-utf8]
#define Yellow_OFF GPIO_ResetBits(GPIOD, GPIO_Pin_13); //<F3><F1><F2><E0><ED><E0><E2><EB><E8><E2><E0><E5><EC> <ED><E8><E7><EA><E8><E9> <F3><F0><EE><E2><E5><ED><FC> <ED><E0><EF><F0><FF><E6><E5><ED><E8><FF> 0 <ED><E0> <ED><EE><E6><EA><E5> <F1><E2><E5><F2><EE><E4><E8><EE><E4><E0> PD13
                                                                                                                                                                                                                                             ^
./User/LED_init.h(15): warning: invalid UTF-8 in comment [-Winvalid-utf8]
#define Red_ON GPIO_SetBits(GPIOD, GPIO_Pin_14); //<F3><F1><F2><E0><ED><E0><E2><EB><E8><E2><E0><E5><EC> <E2><FB><F1><EE><EA><E8><E9> <F3><F0><EE><E2><E5><ED><FC> <ED><E0><EF><F0><FF><E6><E5><ED><E8><FF> 1 <ED><E0> <ED><EE><E6><EA><E5> <F1><E2><E5><F2><EE><E4><E8><EE><E4><E0> PD14
                                                   ^
./User/LED_init.h(15): warning: invalid UTF-8 in comment [-Winvalid-utf8]
#define Red_ON GPIO_SetBits(GPIOD, GPIO_Pin_14); //<F3><F1><F2><E0><ED><E0><E2><EB><E8><E2><E0><E5><EC> <E2><FB><F1><EE><EA><E8><E9> <F3><F0><EE><E2><E5><ED><FC> <ED><E0><EF><F0><FF><E6><E5><ED><E8><FF> 1 <ED><E0> <ED><EE><E6><EA><E5> <F1><E2><E5><F2><EE><E4><E8><EE><E4><E0> PD14
                                                                                                        ^
./User/LED_init.h(15): warning: invalid UTF-8 in comment [-Winvalid-utf8]
#define Red_ON GPIO_SetBits(GPIOD, GPIO_Pin_14); //<F3><F1><F2><E0><ED><E0><E2><EB><E8><E2><E0><E5><EC> <E2><FB><F1><EE><EA><E8><E9> <F3><F0><EE><E2><E5><ED><FC> <ED><E0><EF><F0><FF><E6><E5><ED><E8><FF> 1 <ED><E0> <ED><EE><E6><EA><E5> <F1><E2><E5><F2><EE><E4><E8><EE><E4><E0> PD14
                                                                                                                                     ^
./User/LED_init.h(15): warning: invalid UTF-8 in comment [-Winvalid-utf8]
#define Red_ON GPIO_SetBits(GPIOD, GPIO_Pin_14); //<F3><F1><F2><E0><ED><E0><E2><EB><E8><E2><E0><E5><EC> <E2><FB><F1><EE><EA><E8><E9> <F3><F0><EE><E2><E5><ED><FC> <ED><E0><EF><F0><FF><E6><E5><ED><E8><FF> 1 <ED><E0> <ED><EE><E6><EA><E5> <F1><E2><E5><F2><EE><E4><E8><EE><E4><E0> PD14
                                                                                                                                                                  ^
./User/LED_init.h(15): warning: invalid UTF-8 in comment [-Winvalid-utf8]
#define Red_ON GPIO_SetBits(GPIOD, GPIO_Pin_14); //<F3><F1><F2><E0><ED><E0><E2><EB><E8><E2><E0><E5><EC> <E2><FB><F1><EE><EA><E8><E9> <F3><F0><EE><E2><E5><ED><FC> <ED><E0><EF><F0><FF><E6><E5><ED><E8><FF> 1 <ED><E0> <ED><EE><E6><EA><E5> <F1><E2><E5><F2><EE><E4><E8><EE><E4><E0> PD14
                                                                                                                                                                                                             ^
./User/LED_init.h(15): warning: invalid UTF-8 in comment [-Winvalid-utf8]
#define Red_ON GPIO_SetBits(GPIOD, GPIO_Pin_14); //<F3><F1><F2><E0><ED><E0><E2><EB><E8><E2><E0><E5><EC> <E2><FB><F1><EE><EA><E8><E9> <F3><F0><EE><E2><E5><ED><FC> <ED><E0><EF><F0><FF><E6><E5><ED><E8><FF> 1 <ED><E0> <ED><EE><E6><EA><E5> <F1><E2><E5><F2><EE><E4><E8><EE><E4><E0> PD14
                                                                                                                                                                                                                      ^
./User/LED_init.h(15): warning: invalid UTF-8 in comment [-Winvalid-utf8]
#define Red_ON GPIO_SetBits(GPIOD, GPIO_Pin_14); //<F3><F1><F2><E0><ED><E0><E2><EB><E8><E2><E0><E5><EC> <E2><FB><F1><EE><EA><E8><E9> <F3><F0><EE><E2><E5><ED><FC> <ED><E0><EF><F0><FF><E6><E5><ED><E8><FF> 1 <ED><E0> <ED><EE><E6><EA><E5> <F1><E2><E5><F2><EE><E4><E8><EE><E4><E0> PD14
                                                                                                                                                                                                                                           ^
./User/LED_init.h(16): warning: invalid UTF-8 in comment [-Winvalid-utf8]
#define Red_OFF GPIO_ResetBits(GPIOD, GPIO_Pin_14); //<F3><F1><F2><E0><ED><E0><E2><EB><E8><E2><E0><E5><EC> <ED><E8><E7><EA><E8><E9> <F3><F0><EE><E2><E5><ED><FC> <ED><E0><EF><F0><FF><E6><E5><ED><E8><FF> 0 <ED><E0> <ED><EE><E6><EA><E5> <F1><E2><E5><F2><EE><E4><E8><EE><E4><E0> PD14
                                                      ^
./User/LED_init.h(16): warning: invalid UTF-8 in comment [-Winvalid-utf8]
#define Red_OFF GPIO_ResetBits(GPIOD, GPIO_Pin_14); //<F3><F1><F2><E0><ED><E0><E2><EB><E8><E2><E0><E5><EC> <ED><E8><E7><EA><E8><E9> <F3><F0><EE><E2><E5><ED><FC> <ED><E0><EF><F0><FF><E6><E5><ED><E8><FF> 0 <ED><E0> <ED><EE><E6><EA><E5> <F1><E2><E5><F2><EE><E4><E8><EE><E4><E0> PD14
                                                                                                           ^
./User/LED_init.h(16): warning: invalid UTF-8 in comment [-Winvalid-utf8]
#define Red_OFF GPIO_ResetBits(GPIOD, GPIO_Pin_14); //<F3><F1><F2><E0><ED><E0><E2><EB><E8><E2><E0><E5><EC> <ED><E8><E7><EA><E8><E9> <F3><F0><EE><E2><E5><ED><FC> <ED><E0><EF><F0><FF><E6><E5><ED><E8><FF> 0 <ED><E0> <ED><EE><E6><EA><E5> <F1><E2><E5><F2><EE><E4><E8><EE><E4><E0> PD14
                                                                                                                                    ^
./User/LED_init.h(16): warning: invalid UTF-8 in comment [-Winvalid-utf8]
#define Red_OFF GPIO_ResetBits(GPIOD, GPIO_Pin_14); //<F3><F1><F2><E0><ED><E0><E2><EB><E8><E2><E0><E5><EC> <ED><E8><E7><EA><E8><E9> <F3><F0><EE><E2><E5><ED><FC> <ED><E0><EF><F0><FF><E6><E5><ED><E8><FF> 0 <ED><E0> <ED><EE><E6><EA><E5> <F1><E2><E5><F2><EE><E4><E8><EE><E4><E0> PD14
                                                                                                                                                                 ^
./User/LED_init.h(16): warning: invalid UTF-8 in comment [-Winvalid-utf8]
#define Red_OFF GPIO_ResetBits(GPIOD, GPIO_Pin_14); //<F3><F1><F2><E0><ED><E0><E2><EB><E8><E2><E0><E5><EC> <ED><E8><E7><EA><E8><E9> <F3><F0><EE><E2><E5><ED><FC> <ED><E0><EF><F0><FF><E6><E5><ED><E8><FF> 0 <ED><E0> <ED><EE><E6><EA><E5> <F1><E2><E5><F2><EE><E4><E8><EE><E4><E0> PD14
                                                                                                                                                                                                            ^
./User/LED_init.h(16): warning: invalid UTF-8 in comment [-Winvalid-utf8]
#define Red_OFF GPIO_ResetBits(GPIOD, GPIO_Pin_14); //<F3><F1><F2><E0><ED><E0><E2><EB><E8><E2><E0><E5><EC> <ED><E8><E7><EA><E8><E9> <F3><F0><EE><E2><E5><ED><FC> <ED><E0><EF><F0><FF><E6><E5><ED><E8><FF> 0 <ED><E0> <ED><EE><E6><EA><E5> <F1><E2><E5><F2><EE><E4><E8><EE><E4><E0> PD14
                                                                                                                                                                                                                     ^
./User/LED_init.h(16): warning: invalid UTF-8 in comment [-Winvalid-utf8]
#define Red_OFF GPIO_ResetBits(GPIOD, GPIO_Pin_14); //<F3><F1><F2><E0><ED><E0><E2><EB><E8><E2><E0><E5><EC> <ED><E8><E7><EA><E8><E9> <F3><F0><EE><E2><E5><ED><FC> <ED><E0><EF><F0><FF><E6><E5><ED><E8><FF> 0 <ED><E0> <ED><EE><E6><EA><E5> <F1><E2><E5><F2><EE><E4><E8><EE><E4><E0> PD14
                                                                                                                                                                                                                                          ^
./User/LED_init.h(18): warning: invalid UTF-8 in comment [-Winvalid-utf8]
#define Blue_ON GPIO_SetBits(GPIOD, GPIO_Pin_15); //<F3><F1><F2><E0><ED><E0><E2><EB><E8><E2><E0><E5><EC> <E2><FB><F1><EE><EA><E8><E9> <F3><F0><EE><E2><E5><ED><FC> <ED><E0><EF><F0><FF><E6><E5><ED><E8><FF> 1 <ED><E0> <ED><EE><E6><EA><E5> <F1><E2><E5><F2><EE><E4><E8><EE><E4><E0> PD15
                                                    ^
./User/LED_init.h(18): warning: invalid UTF-8 in comment [-Winvalid-utf8]
#define Blue_ON GPIO_SetBits(GPIOD, GPIO_Pin_15); //<F3><F1><F2><E0><ED><E0><E2><EB><E8><E2><E0><E5><EC> <E2><FB><F1><EE><EA><E8><E9> <F3><F0><EE><E2><E5><ED><FC> <ED><E0><EF><F0><FF><E6><E5><ED><E8><FF> 1 <ED><E0> <ED><EE><E6><EA><E5> <F1><E2><E5><F2><EE><E4><E8><EE><E4><E0> PD15
                                                                                                         ^
./User/LED_init.h(18): warning: invalid UTF-8 in comment [-Winvalid-utf8]
#define Blue_ON GPIO_SetBits(GPIOD, GPIO_Pin_15); //<F3><F1><F2><E0><ED><E0><E2><EB><E8><E2><E0><E5><EC> <E2><FB><F1><EE><EA><E8><E9> <F3><F0><EE><E2><E5><ED><FC> <ED><E0><EF><F0><FF><E6><E5><ED><E8><FF> 1 <ED><E0> <ED><EE><E6><EA><E5> <F1><E2><E5><F2><EE><E4><E8><EE><E4><E0> PD15
                                                                                                                                      ^
./User/LED_init.h(18): warning: invalid UTF-8 in comment [-Winvalid-utf8]
#define Blue_ON GPIO_SetBits(GPIOD, GPIO_Pin_15); //<F3><F1><F2><E0><ED><E0><E2><EB><E8><E2><E0><E5><EC> <E2><FB><F1><EE><EA><E8><E9> <F3><F0><EE><E2><E5><ED><FC> <ED><E0><EF><F0><FF><E6><E5><ED><E8><FF> 1 <ED><E0> <ED><EE><E6><EA><E5> <F1><E2><E5><F2><EE><E4><E8><EE><E4><E0> PD15
                                                                                                                                                                   ^
./User/LED_init.h(18): warning: invalid UTF-8 in comment [-Winvalid-utf8]
#define Blue_ON GPIO_SetBits(GPIOD, GPIO_Pin_15); //<F3><F1><F2><E0><ED><E0><E2><EB><E8><E2><E0><E5><EC> <E2><FB><F1><EE><EA><E8><E9> <F3><F0><EE><E2><E5><ED><FC> <ED><E0><EF><F0><FF><E6><E5><ED><E8><FF> 1 <ED><E0> <ED><EE><E6><EA><E5> <F1><E2><E5><F2><EE><E4><E8><EE><E4><E0> PD15
                                                                                                                                                                                                              ^
./User/LED_init.h(18): warning: invalid UTF-8 in comment [-Winvalid-utf8]
#define Blue_ON GPIO_SetBits(GPIOD, GPIO_Pin_15); //<F3><F1><F2><E0><ED><E0><E2><EB><E8><E2><E0><E5><EC> <E2><FB><F1><EE><EA><E8><E9> <F3><F0><EE><E2><E5><ED><FC> <ED><E0><EF><F0><FF><E6><E5><ED><E8><FF> 1 <ED><E0> <ED><EE><E6><EA><E5> <F1><E2><E5><F2><EE><E4><E8><EE><E4><E0> PD15
                                                                                                                                                                                                                       ^
./User/LED_init.h(18): warning: invalid UTF-8 in comment [-Winvalid-utf8]
#define Blue_ON GPIO_SetBits(GPIOD, GPIO_Pin_15); //<F3><F1><F2><E0><ED><E0><E2><EB><E8><E2><E0><E5><EC> <E2><FB><F1><EE><EA><E8><E9> <F3><F0><EE><E2><E5><ED><FC> <ED><E0><EF><F0><FF><E6><E5><ED><E8><FF> 1 <ED><E0> <ED><EE><E6><EA><E5> <F1><E2><E5><F2><EE><E4><E8><EE><E4><E0> PD15
                                                                                                                                                                                                                                            ^
./User/LED_init.h(19): warning: invalid UTF-8 in comment [-Winvalid-utf8]
#define Blue_OFF GPIO_ResetBits(GPIOD, GPIO_Pin_15); //<F3><F1><F2><E0><ED><E0><E2><EB><E8><E2><E0><E5><EC> <ED><E8><E7><EA><E8><E9> <F3><F0><EE><E2><E5><ED><FC> <ED><E0><EF><F0><FF><E6><E5><ED><E8><FF> 0 <ED><E0> <ED><EE><E6><EA><E5> <F1><E2><E5><F2><EE><E4><E8><EE><E4><E0> PD15
                                                       ^
./User/LED_init.h(19): warning: invalid UTF-8 in comment [-Winvalid-utf8]
#define Blue_OFF GPIO_ResetBits(GPIOD, GPIO_Pin_15); //<F3><F1><F2><E0><ED><E0><E2><EB><E8><E2><E0><E5><EC> <ED><E8><E7><EA><E8><E9> <F3><F0><EE><E2><E5><ED><FC> <ED><E0><EF><F0><FF><E6><E5><ED><E8><FF> 0 <ED><E0> <ED><EE><E6><EA><E5> <F1><E2><E5><F2><EE><E4><E8><EE><E4><E0> PD15
                                                                                                            ^
./User/LED_init.h(19): warning: invalid UTF-8 in comment [-Winvalid-utf8]
#define Blue_OFF GPIO_ResetBits(GPIOD, GPIO_Pin_15); //<F3><F1><F2><E0><ED><E0><E2><EB><E8><E2><E0><E5><EC> <ED><E8><E7><EA><E8><E9> <F3><F0><EE><E2><E5><ED><FC> <ED><E0><EF><F0><FF><E6><E5><ED><E8><FF> 0 <ED><E0> <ED><EE><E6><EA><E5> <F1><E2><E5><F2><EE><E4><E8><EE><E4><E0> PD15
                                                                                                                                     ^
./User/LED_init.h(19): warning: invalid UTF-8 in comment [-Winvalid-utf8]
#define Blue_OFF GPIO_ResetBits(GPIOD, GPIO_Pin_15); //<F3><F1><F2><E0><ED><E0><E2><EB><E8><E2><E0><E5><EC> <ED><E8><E7><EA><E8><E9> <F3><F0><EE><E2><E5><ED><FC> <ED><E0><EF><F0><FF><E6><E5><ED><E8><FF> 0 <ED><E0> <ED><EE><E6><EA><E5> <F1><E2><E5><F2><EE><E4><E8><EE><E4><E0> PD15
                                                                                                                                                                  ^
./User/LED_init.h(19): warning: invalid UTF-8 in comment [-Winvalid-utf8]
#define Blue_OFF GPIO_ResetBits(GPIOD, GPIO_Pin_15); //<F3><F1><F2><E0><ED><E0><E2><EB><E8><E2><E0><E5><EC> <ED><E8><E7><EA><E8><E9> <F3><F0><EE><E2><E5><ED><FC> <ED><E0><EF><F0><FF><E6><E5><ED><E8><FF> 0 <ED><E0> <ED><EE><E6><EA><E5> <F1><E2><E5><F2><EE><E4><E8><EE><E4><E0> PD15
                                                                                                                                                                                                             ^
./User/LED_init.h(19): warning: invalid UTF-8 in comment [-Winvalid-utf8]
#define Blue_OFF GPIO_ResetBits(GPIOD, GPIO_Pin_15); //<F3><F1><F2><E0><ED><E0><E2><EB><E8><E2><E0><E5><EC> <ED><E8><E7><EA><E8><E9> <F3><F0><EE><E2><E5><ED><FC> <ED><E0><EF><F0><FF><E6><E5><ED><E8><FF> 0 <ED><E0> <ED><EE><E6><EA><E5> <F1><E2><E5><F2><EE><E4><E8><EE><E4><E0> PD15
                                                                                                                                                                                                                      ^
./User/LED_init.h(19): warning: invalid UTF-8 in comment [-Winvalid-utf8]
#define Blue_OFF GPIO_ResetBits(GPIOD, GPIO_Pin_15); //<F3><F1><F2><E0><ED><E0><E2><EB><E8><E2><E0><E5><EC> <ED><E8><E7><EA><E8><E9> <F3><F0><EE><E2><E5><ED><FC> <ED><E0><EF><F0><FF><E6><E5><ED><E8><FF> 0 <ED><E0> <ED><EE><E6><EA><E5> <F1><E2><E5><F2><EE><E4><E8><EE><E4><E0> PD15
                                                                                                                                                                                                                                           ^
./User/LED_init.h(22): warning: invalid UTF-8 in comment [-Winvalid-utf8]
//<C0><EA><F1><E5><EB><E5><F0><EE><EC><E5><F2><F0>
  ^
User/main.c(9): warning: no previous extern declaration for non-static variable 'SysTick_CNT' [-Wmissing-variable-declarations]
uint32_t SysTick_CNT = 1;
         ^
User/main.c(9): note: declare 'static' if the variable is not intended to be used outside of this translation unit
uint32_t SysTick_CNT = 1;
^
User/main.c(17): warning: invalid UTF-8 in comment [-Winvalid-utf8]
//<D4><F3><ED><EA><F6><E8><FF> <EE><E4><ED><EE><E9> <EF><E5><F0><E5><E4><E0><F7><E8>
  ^
User/main.c(17): warning: invalid UTF-8 in comment [-Winvalid-utf8]
//<D4><F3><ED><EA><F6><E8><FF> <EE><E4><ED><EE><E9> <EF><E5><F0><E5><E4><E0><F7><E8>
                               ^
User/main.c(17): warning: invalid UTF-8 in comment [-Winvalid-utf8]
//<D4><F3><ED><EA><F6><E8><FF> <EE><E4><ED><EE><E9> <EF><E5><F0><E5><E4><E0><F7><E8>
                                                    ^
User/main.c(19): warning: empty expression statement has no effect; remove unnecessary ';' to silence this warning [-Wextra-semi-stmt]
        while(SPI_I2S_GetFlagStatus(SPI1, SPI_I2S_FLAG_BSY) == SET) {};
                                                                      ^
User/main.c(21): warning: empty expression statement has no effect; remove unnecessary ';' to silence this warning [-Wextra-semi-stmt]
        while(SPI_I2S_GetFlagStatus(SPI1, SPI_I2S_FLAG_BSY) == SET) {};
                                                                      ^
User/main.c(22): warning: implicit conversion loses integer precision: 'uint16_t' (aka 'unsigned short') to 'uint8_t' (aka 'unsigned char') [-Wimplicit-int-conversion]
        return SPI_I2S_ReceiveData(SPI1);
        ~~~~~~ ^~~~~~~~~~~~~~~~~~~~~~~~~
User/main.c(25): warning: invalid UTF-8 in comment [-Winvalid-utf8]
//<D7><F2><E5><ED><E8><E5> <E8><E7> <F0><E5><E3><E8><F1><F2><F0><E0>:
  ^
User/main.c(25): warning: invalid UTF-8 in comment [-Winvalid-utf8]
//<D7><F2><E5><ED><E8><E5> <E8><E7> <F0><E5><E3><E8><F1><F2><F0><E0>:
                           ^
User/main.c(25): warning: invalid UTF-8 in comment [-Winvalid-utf8]
//<D7><F2><E5><ED><E8><E5> <E8><E7> <F0><E5><E3><E8><F1><F2><F0><E0>:
                                    ^
User/main.c(18): warning: no previous prototype for function 'writeData' [-Wmissing-prototypes]
uint8_t writeData(uint8_t data) {
        ^
User/main.c(18): note: declare 'static' if the function is not intended to be used outside of this translation unit
uint8_t writeData(uint8_t data) {
^
static 
User/main.c(28): warning: invalid UTF-8 in comment [-Winvalid-utf8]
        address|=(1<<7); //<F3><F1><F2><E0><ED><E0><E2><EB><E8><E2><E0><E5><EC> <F1><F2><E0><F0><F8><E8><E9> <E1><E8><F2> <E2> <E5><E4><E8><ED><E8><F6><F3>, <FD><F2><EE> <EE><E7><ED><E0><F7><E0><E5><F2>, <F7><F2><EE> <E1><F3><E4><E5><F2> <EF><F0><EE><E8><E7><E2><EE><E4><E8><F2><FC><F1><FF> <F7><F2><E5><ED><E8><E5> <E4><E0><ED><ED><FB><F5>
                           ^
User/main.c(28): warning: invalid UTF-8 in comment [-Winvalid-utf8]
        address|=(1<<7); //<F3><F1><F2><E0><ED><E0><E2><EB><E8><E2><E0><E5><EC> <F1><F2><E0><F0><F8><E8><E9> <E1><E8><F2> <E2> <E5><E4><E8><ED><E8><F6><F3>, <FD><F2><EE> <EE><E7><ED><E0><F7><E0><E5><F2>, <F7><F2><EE> <E1><F3><E4><E5><F2> <EF><F0><EE><E8><E7><E2><EE><E4><E8><F2><FC><F1><FF> <F7><F2><E5><ED><E8><E5> <E4><E0><ED><ED><FB><F5>
                                                                                ^
User/main.c(28): warning: invalid UTF-8 in comment [-Winvalid-utf8]
        address|=(1<<7); //<F3><F1><F2><E0><ED><E0><E2><EB><E8><E2><E0><E5><EC> <F1><F2><E0><F0><F8><E8><E9> <E1><E8><F2> <E2> <E5><E4><E8><ED><E8><F6><F3>, <FD><F2><EE> <EE><E7><ED><E0><F7><E0><E5><F2>, <F7><F2><EE> <E1><F3><E4><E5><F2> <EF><F0><EE><E8><E7><E2><EE><E4><E8><F2><FC><F1><FF> <F7><F2><E5><ED><E8><E5> <E4><E0><ED><ED><FB><F5>
                                                                                                             ^
User/main.c(28): warning: invalid UTF-8 in comment [-Winvalid-utf8]
        address|=(1<<7); //<F3><F1><F2><E0><ED><E0><E2><EB><E8><E2><E0><E5><EC> <F1><F2><E0><F0><F8><E8><E9> <E1><E8><F2> <E2> <E5><E4><E8><ED><E8><F6><F3>, <FD><F2><EE> <EE><E7><ED><E0><F7><E0><E5><F2>, <F7><F2><EE> <E1><F3><E4><E5><F2> <EF><F0><EE><E8><E7><E2><EE><E4><E8><F2><FC><F1><FF> <F7><F2><E5><ED><E8><E5> <E4><E0><ED><ED><FB><F5>
                                                                                                                          ^
User/main.c(28): warning: invalid UTF-8 in comment [-Winvalid-utf8]
        address|=(1<<7); //<F3><F1><F2><E0><ED><E0><E2><EB><E8><E2><E0><E5><EC> <F1><F2><E0><F0><F8><E8><E9> <E1><E8><F2> <E2> <E5><E4><E8><ED><E8><F6><F3>, <FD><F2><EE> <EE><E7><ED><E0><F7><E0><E5><F2>, <F7><F2><EE> <E1><F3><E4><E5><F2> <EF><F0><EE><E8><E7><E2><EE><E4><E8><F2><FC><F1><FF> <F7><F2><E5><ED><E8><E5> <E4><E0><ED><ED><FB><F5>
                                                                                                                               ^
User/main.c(28): warning: invalid UTF-8 in comment [-Winvalid-utf8]
        address|=(1<<7); //<F3><F1><F2><E0><ED><E0><E2><EB><E8><E2><E0><E5><EC> <F1><F2><E0><F0><F8><E8><E9> <E1><E8><F2> <E2> <E5><E4><E8><ED><E8><F6><F3>, <FD><F2><EE> <EE><E7><ED><E0><F7><E0><E5><F2>, <F7><F2><EE> <E1><F3><E4><E5><F2> <EF><F0><EE><E8><E7><E2><EE><E4><E8><F2><FC><F1><FF> <F7><F2><E5><ED><E8><E5> <E4><E0><ED><ED><FB><F5>
                                                                                                                                                             ^
User/main.c(28): warning: invalid UTF-8 in comment [-Winvalid-utf8]
        address|=(1<<7); //<F3><F1><F2><E0><ED><E0><E2><EB><E8><E2><E0><E5><EC> <F1><F2><E0><F0><F8><E8><E9> <E1><E8><F2> <E2> <E5><E4><E8><ED><E8><F6><F3>, <FD><F2><EE> <EE><E7><ED><E0><F7><E0><E5><F2>, <F7><F2><EE> <E1><F3><E4><E5><F2> <EF><F0><EE><E8><E7><E2><EE><E4><E8><F2><FC><F1><FF> <F7><F2><E5><ED><E8><E5> <E4><E0><ED><ED><FB><F5>
                                                                                                                                                                          ^
User/main.c(28): warning: invalid UTF-8 in comment [-Winvalid-utf8]
        address|=(1<<7); //<F3><F1><F2><E0><ED><E0><E2><EB><E8><E2><E0><E5><EC> <F1><F2><E0><F0><F8><E8><E9> <E1><E8><F2> <E2> <E5><E4><E8><ED><E8><F6><F3>, <FD><F2><EE> <EE><E7><ED><E0><F7><E0><E5><F2>, <F7><F2><EE> <E1><F3><E4><E5><F2> <EF><F0><EE><E8><E7><E2><EE><E4><E8><F2><FC><F1><FF> <F7><F2><E5><ED><E8><E5> <E4><E0><ED><ED><FB><F5>
                                                                                                                                                                                                            ^
User/main.c(28): warning: invalid UTF-8 in comment [-Winvalid-utf8]
        address|=(1<<7); //<F3><F1><F2><E0><ED><E0><E2><EB><E8><E2><E0><E5><EC> <F1><F2><E0><F0><F8><E8><E9> <E1><E8><F2> <E2> <E5><E4><E8><ED><E8><F6><F3>, <FD><F2><EE> <EE><E7><ED><E0><F7><E0><E5><F2>, <F7><F2><EE> <E1><F3><E4><E5><F2> <EF><F0><EE><E8><E7><E2><EE><E4><E8><F2><FC><F1><FF> <F7><F2><E5><ED><E8><E5> <E4><E0><ED><ED><FB><F5>
                                                                                                                                                                                                                         ^
User/main.c(28): warning: invalid UTF-8 in comment [-Winvalid-utf8]
        address|=(1<<7); //<F3><F1><F2><E0><ED><E0><E2><EB><E8><E2><E0><E5><EC> <F1><F2><E0><F0><F8><E8><E9> <E1><E8><F2> <E2> <E5><E4><E8><ED><E8><F6><F3>, <FD><F2><EE> <EE><E7><ED><E0><F7><E0><E5><F2>, <F7><F2><EE> <E1><F3><E4><E5><F2> <EF><F0><EE><E8><E7><E2><EE><E4><E8><F2><FC><F1><FF> <F7><F2><E5><ED><E8><E5> <E4><E0><ED><ED><FB><F5>
                                                                                                                                                                                                                                              ^
User/main.c(28): warning: invalid UTF-8 in comment [-Winvalid-utf8]
        address|=(1<<7); //<F3><F1><F2><E0><ED><E0><E2><EB><E8><E2><E0><E5><EC> <F1><F2><E0><F0><F8><E8><E9> <E1><E8><F2> <E2> <E5><E4><E8><ED><E8><F6><F3>, <FD><F2><EE> <EE><E7><ED><E0><F7><E0><E5><F2>, <F7><F2><EE> <E1><F3><E4><E5><F2> <EF><F0><EE><E8><E7><E2><EE><E4><E8><F2><FC><F1><FF> <F7><F2><E5><ED><E8><E5> <E4><E0><ED><ED><FB><F5>
                                                                                                                                                                                                                                                                                                   ^
User/main.c(28): warning: invalid UTF-8 in comment [-Winvalid-utf8]
        address|=(1<<7); //<F3><F1><F2><E0><ED><E0><E2><EB><E8><E2><E0><E5><EC> <F1><F2><E0><F0><F8><E8><E9> <E1><E8><F2> <E2> <E5><E4><E8><ED><E8><F6><F3>, <FD><F2><EE> <EE><E7><ED><E0><F7><E0><E5><F2>, <F7><F2><EE> <E1><F3><E4><E5><F2> <EF><F0><EE><E8><E7><E2><EE><E4><E8><F2><FC><F1><FF> <F7><F2><E5><ED><E8><E5> <E4><E0><ED><ED><FB><F5>
                                                                                                                                                                                                                                                                                                                            ^
User/main.c(36): warning: invalid UTF-8 in comment [-Winvalid-utf8]
//<C7><E0><EF><E8><F1><FC> <E2> <F0><E5><E3><E8><F1><F2><F0> <E2><FB><E3><EB><FF><E4><E8><F2> <F2><E0><EA>:
  ^
User/main.c(36): warning: invalid UTF-8 in comment [-Winvalid-utf8]
//<C7><E0><EF><E8><F1><FC> <E2> <F0><E5><E3><E8><F1><F2><F0> <E2><FB><E3><EB><FF><E4><E8><F2> <F2><E0><EA>:
                           ^
User/main.c(36): warning: invalid UTF-8 in comment [-Winvalid-utf8]
//<C7><E0><EF><E8><F1><FC> <E2> <F0><E5><E3><E8><F1><F2><F0> <E2><FB><E3><EB><FF><E4><E8><F2> <F2><E0><EA>:
                                ^
User/main.c(36): warning: invalid UTF-8 in comment [-Winvalid-utf8]
//<C7><E0><EF><E8><F1><FC> <E2> <F0><E5><E3><E8><F1><F2><F0> <E2><FB><E3><EB><FF><E4><E8><F2> <F2><E0><EA>:
                                                             ^
User/main.c(36): warning: invalid UTF-8 in comment [-Winvalid-utf8]
//<C7><E0><EF><E8><F1><FC> <E2> <F0><E5><E3><E8><F1><F2><F0> <E2><FB><E3><EB><FF><E4><E8><F2> <F2><E0><EA>:
                                                                                              ^
User/main.c(26): warning: no previous prototype for function 'getReg' [-Wmissing-prototypes]
uint8_t getReg(uint8_t address) {
        ^
User/main.c(26): note: declare 'static' if the function is not intended to be used outside of this translation unit
uint8_t getReg(uint8_t address) {
^
static 
User/main.c(37): warning: no previous prototype for function 'setReg' [-Wmissing-prototypes]
void setReg(uint8_t address, uint8_t value){
     ^
User/main.c(37): note: declare 'static' if the function is not intended to be used outside of this translation unit
void setReg(uint8_t address, uint8_t value){
^
static 
User/main.c(70): warning: empty expression statement has no effect; remove unnecessary ';' to silence this warning [-Wextra-semi-stmt]
                Blue_ON; Yellow_OFF;
                       ^
User/main.c(70): warning: empty expression statement has no effect; remove unnecessary ';' to silence this warning [-Wextra-semi-stmt]
                Blue_ON; Yellow_OFF;
                                   ^
User/main.c(72): warning: empty expression statement has no effect; remove unnecessary ';' to silence this warning [-Wextra-semi-stmt]
                Blue_OFF; Yellow_ON;
                        ^
User/main.c(72): warning: empty expression statement has no effect; remove unnecessary ';' to silence this warning [-Wextra-semi-stmt]
                Blue_OFF; Yellow_ON;
                                   ^
User/main.c(74): warning: empty expression statement has no effect; remove unnecessary ';' to silence this warning [-Wextra-semi-stmt]
                Yellow_OFF; Blue_OFF;
                          ^
User/main.c(74): warning: empty expression statement has no effect; remove unnecessary ';' to silence this warning [-Wextra-semi-stmt]
                Yellow_OFF; Blue_OFF;
                                    ^
User/main.c(78): warning: empty expression statement has no effect; remove unnecessary ';' to silence this warning [-Wextra-semi-stmt]
                Red_ON; Green_OFF;
                      ^
User/main.c(78): warning: empty expression statement has no effect; remove unnecessary ';' to silence this warning [-Wextra-semi-stmt]
                Red_ON; Green_OFF;
                                 ^
User/main.c(80): warning: empty expression statement has no effect; remove unnecessary ';' to silence this warning [-Wextra-semi-stmt]
                Red_OFF; Green_ON;
                       ^
User/main.c(80): warning: empty expression statement has no effect; remove unnecessary ';' to silence this warning [-Wextra-semi-stmt]
                Red_OFF; Green_ON;
                                 ^
User/main.c(82): warning: empty expression statement has no effect; remove unnecessary ';' to silence this warning [-Wextra-semi-stmt]
                Red_OFF; Green_OFF;
                       ^
User/main.c(82): warning: empty expression statement has no effect; remove unnecessary ';' to silence this warning [-Wextra-semi-stmt]
                Red_OFF; Green_OFF;
                                  ^
User/main.c(71): warning: result of comparison of constant -10 with expression of type 'uint8_t' (aka 'unsigned char') is always false [-Wtautological-constant-out-of-range-compare]
                } else if (SPI_data < -10) {
                           ~~~~~~~~ ^ ~~~
User/main.c(79): warning: result of comparison of constant -10 with expression of type 'uint8_t' (aka 'unsigned char') is always false [-Wtautological-constant-out-of-range-compare]
                } else if (SPI_data < -10) {
                           ~~~~~~~~ ^ ~~~
User/main.c(95): warning: no newline at end of file [-Wnewline-eof]
        
        ^
User/main.c(91): warning: no previous prototype for function 'SysTick_Handler' [-Wmissing-prototypes]
void SysTick_Handler(void) {
     ^
User/main.c(91): note: declare 'static' if the function is not intended to be used outside of this translation unit
void SysTick_Handler(void) {
^
static 
User/main.c(8): warning: no previous extern declaration for non-static variable 'count' [-Wmissing-variable-declarations]
uint32_t count;
         ^
User/main.c(8): note: declare 'static' if the variable is not intended to be used outside of this translation unit
uint32_t count;
^
User/main.c(13): warning: no previous extern declaration for non-static variable 'TestVar' [-Wmissing-variable-declarations]
uint8_t TestVar;
        ^
User/main.c(13): note: declare 'static' if the variable is not intended to be used outside of this translation unit
uint8_t TestVar;
^
User/main.c(14): warning: no previous extern declaration for non-static variable 'Test' [-Wmissing-variable-declarations]
uint32_t Test;
         ^
User/main.c(14): note: declare 'static' if the variable is not intended to be used outside of this translation unit
uint32_t Test;
^
User/main.c(3): warning: unused variable 'flag' [-Wunused-variable]
static uint8_t flag = 0;
               ^
User/main.c(15): warning: unused variable 'decision' [-Wunused-variable]
static uint8_t decision[4] = {0, 0, 0, 0};
               ^
203 warnings generated.
linking...
Program Size: Code=3464 RO-data=456 RW-data=8 ZI-data=1640  
".\Objects\lab8_SPI.axf" - 0 Error(s), 203 Warning(s).

<h2>Software Packages used:</h2>

Package Vendor: ARM
                http://www.keil.com/pack/ARM.CMSIS.5.9.0.pack
                ARM.CMSIS.5.9.0
                CMSIS (Common Microcontroller Software Interface Standard)
   * Component: CORE Version: 5.6.0

Package Vendor: Keil
                https://www.keil.com/pack/Keil.STM32F4xx_DFP.2.17.0.pack
                Keil.STM32F4xx_DFP.2.17.0
                STMicroelectronics STM32F4 Series Device Support, Drivers and Examples
   * Component: Startup Version: 2.6.3

<h2>Collection of Component include folders:</h2>
  ./RTE/_Target_1
  C:/Users/Evgen/AppData/Local/Arm/Packs/ARM/CMSIS/5.9.0/CMSIS/Core/Include
  C:/Users/Evgen/AppData/Local/Arm/Packs/Keil/STM32F4xx_DFP/2.17.0/Drivers/CMSIS/Device/ST/STM32F4xx/Include

<h2>Collection of Component Files used:</h2>

   * Component: ARM::CMSIS:CORE:5.6.0

   * Component: Keil::Device:Startup:2.6.3
      Source file:   MDK/Device/Source/ARM/STM32F40xxx_41xxx_OPT.s
      Source file:   MDK/Device/Source/ARM/STM32F4xx_OTP.s
      Include file:  Drivers/CMSIS/Device/ST/STM32F4xx/Include/stm32f4xx.h
      Source file:   Drivers/CMSIS/Device/ST/STM32F4xx/Source/Templates/arm/startup_stm32f407xx.s
      Source file:   Drivers/CMSIS/Device/ST/STM32F4xx/Source/Templates/system_stm32f4xx.c
Build Time Elapsed:  00:00:02
</pre>
</body>
</html>
