<html>
<body>
<pre>
<h1>µVision Build Log</h1>
<h2>Tool Versions:</h2>
IDE-Version: µVision V5.38.0.0
Copyright (C) 2022 ARM Ltd and ARM Germany GmbH. All rights reserved.
License Information: Evgeny Dotsenko, home, LIC=----
 
Tool Versions:
Toolchain:       MDK-Lite  Version: 5.38.0.0
Toolchain Path:  C:\Keil_v5\ARM\ARMCLANG\Bin
C Compiler:      ArmClang.exe V6.19
Assembler:       Armasm.exe V6.19
Linker/Locator:  ArmLink.exe V6.19
Library Manager: ArmAr.exe V6.19
Hex Converter:   FromElf.exe V6.19
CPU DLL:         SARMCM3.DLL V5.38.0.0
Dialog DLL:      DCM.DLL V1.17.5.0
Target DLL:      STLink\ST-LINKIII-KEIL_SWO.dll V3.1.0.0
Dialog DLL:      TCM.DLL V1.56.4.0
 
<h2>Project:</h2>
D:\MK\STM32\Lab7\lab7.uvprojx
Project File Date:  04/24/2023

<h2>Output:</h2>
*** Using Compiler 'V6.19', folder: 'C:\Keil_v5\ARM\ARMCLANG\Bin'
Build target 'Target 1'
compiling usart.c...
User/usart.c(1): warning: In file included from...
./Pl\stm32f4xx.h(15): warning: invalid UTF-8 in comment [-Winvalid-utf8]
  *              - To use or not the peripheral<92>s drivers in application code(i.e. 
                                               ^
./Pl\stm32f4xx.h(16): warning: invalid UTF-8 in comment [-Winvalid-utf8]
  *                code will be based on direct access to peripheral<92>s registers 
                                                                    ^
./Pl\stm32f4xx.h(23): warning: invalid UTF-8 in comment [-Winvalid-utf8]
  *           - Macros to access peripheral<92>s registers hardware
                                           ^
User/usart.c(1): warning: In file included from...
./Pl\stm32f4xx.h(12027): warning: In file included from...
./Pl/stm32f4xx_conf.h(34): warning: In file included from...
./Pl/inc\stm32f4xx_adc.h(38): warning: In file included from...
./Pl\stm32f4xx.h(15): warning: invalid UTF-8 in comment [-Winvalid-utf8]
  *              - To use or not the peripheral<92>s drivers in application code(i.e. 
                                               ^
./Pl\stm32f4xx.h(16): warning: invalid UTF-8 in comment [-Winvalid-utf8]
  *                code will be based on direct access to peripheral<92>s registers 
                                                                    ^
./Pl\stm32f4xx.h(23): warning: invalid UTF-8 in comment [-Winvalid-utf8]
  *           - Macros to access peripheral<92>s registers hardware
                                           ^
User/usart.c(1): warning: In file included from...
./Pl\stm32f4xx.h(12027): warning: In file included from...
./Pl/stm32f4xx_conf.h(35): warning: In file included from...
./Pl/inc\stm32f4xx_crc.h(38): warning: In file included from...
./Pl\stm32f4xx.h(15): warning: invalid UTF-8 in comment [-Winvalid-utf8]
  *              - To use or not the peripheral<92>s drivers in application code(i.e. 
                                               ^
./Pl\stm32f4xx.h(16): warning: invalid UTF-8 in comment [-Winvalid-utf8]
  *                code will be based on direct access to peripheral<92>s registers 
                                                                    ^
./Pl\stm32f4xx.h(23): warning: invalid UTF-8 in comment [-Winvalid-utf8]
  *           - Macros to access peripheral<92>s registers hardware
                                           ^
User/usart.c(1): warning: In file included from...
./Pl\stm32f4xx.h(12027): warning: In file included from...
./Pl/stm32f4xx_conf.h(36): warning: In file included from...
./Pl/inc\stm32f4xx_dbgmcu.h(37): warning: In file included from...
./Pl\stm32f4xx.h(15): warning: invalid UTF-8 in comment [-Winvalid-utf8]
  *              - To use or not the peripheral<92>s drivers in application code(i.e. 
                                               ^
./Pl\stm32f4xx.h(16): warning: invalid UTF-8 in comment [-Winvalid-utf8]
  *                code will be based on direct access to peripheral<92>s registers 
                                                                    ^
./Pl\stm32f4xx.h(23): warning: invalid UTF-8 in comment [-Winvalid-utf8]
  *           - Macros to access peripheral<92>s registers hardware
                                           ^
User/usart.c(1): warning: In file included from...
./Pl\stm32f4xx.h(12027): warning: In file included from...
./Pl/stm32f4xx_conf.h(37): warning: In file included from...
./Pl/inc\stm32f4xx_dma.h(38): warning: In file included from...
./Pl\stm32f4xx.h(15): warning: invalid UTF-8 in comment [-Winvalid-utf8]
  *              - To use or not the peripheral<92>s drivers in application code(i.e. 
                                               ^
./Pl\stm32f4xx.h(16): warning: invalid UTF-8 in comment [-Winvalid-utf8]
  *                code will be based on direct access to peripheral<92>s registers 
                                                                    ^
./Pl\stm32f4xx.h(23): warning: invalid UTF-8 in comment [-Winvalid-utf8]
  *           - Macros to access peripheral<92>s registers hardware
                                           ^
User/usart.c(1): warning: In file included from...
./Pl\stm32f4xx.h(12027): warning: In file included from...
./Pl/stm32f4xx_conf.h(38): warning: In file included from...
./Pl/inc\stm32f4xx_exti.h(38): warning: In file included from...
./Pl\stm32f4xx.h(15): warning: invalid UTF-8 in comment [-Winvalid-utf8]
  *              - To use or not the peripheral<92>s drivers in application code(i.e. 
                                               ^
./Pl\stm32f4xx.h(16): warning: invalid UTF-8 in comment [-Winvalid-utf8]
  *                code will be based on direct access to peripheral<92>s registers 
                                                                    ^
./Pl\stm32f4xx.h(23): warning: invalid UTF-8 in comment [-Winvalid-utf8]
  *           - Macros to access peripheral<92>s registers hardware
                                           ^
User/usart.c(1): warning: In file included from...
./Pl\stm32f4xx.h(12027): warning: In file included from...
./Pl/stm32f4xx_conf.h(39): warning: In file included from...
./Pl/inc\stm32f4xx_flash.h(38): warning: In file included from...
./Pl\stm32f4xx.h(15): warning: invalid UTF-8 in comment [-Winvalid-utf8]
  *              - To use or not the peripheral<92>s drivers in application code(i.e. 
                                               ^
./Pl\stm32f4xx.h(16): warning: invalid UTF-8 in comment [-Winvalid-utf8]
  *                code will be based on direct access to peripheral<92>s registers 
                                                                    ^
./Pl\stm32f4xx.h(23): warning: invalid UTF-8 in comment [-Winvalid-utf8]
  *           - Macros to access peripheral<92>s registers hardware
                                           ^
User/usart.c(1): warning: In file included from...
./Pl\stm32f4xx.h(12027): warning: In file included from...
./Pl/stm32f4xx_conf.h(40): warning: In file included from...
./Pl/inc\stm32f4xx_gpio.h(38): warning: In file included from...
./Pl\stm32f4xx.h(15): warning: invalid UTF-8 in comment [-Winvalid-utf8]
  *              - To use or not the peripheral<92>s drivers in application code(i.e. 
                                               ^
./Pl\stm32f4xx.h(16): warning: invalid UTF-8 in comment [-Winvalid-utf8]
  *                code will be based on direct access to peripheral<92>s registers 
                                                                    ^
./Pl\stm32f4xx.h(23): warning: invalid UTF-8 in comment [-Winvalid-utf8]
  *           - Macros to access peripheral<92>s registers hardware
                                           ^
User/usart.c(1): warning: In file included from...
./Pl\stm32f4xx.h(12027): warning: In file included from...
./Pl/stm32f4xx_conf.h(41): warning: In file included from...
./Pl/inc\stm32f4xx_i2c.h(38): warning: In file included from...
./Pl\stm32f4xx.h(15): warning: invalid UTF-8 in comment [-Winvalid-utf8]
  *              - To use or not the peripheral<92>s drivers in application code(i.e. 
                                               ^
./Pl\stm32f4xx.h(16): warning: invalid UTF-8 in comment [-Winvalid-utf8]
  *                code will be based on direct access to peripheral<92>s registers 
                                                                    ^
./Pl\stm32f4xx.h(23): warning: invalid UTF-8 in comment [-Winvalid-utf8]
  *           - Macros to access peripheral<92>s registers hardware
                                           ^
User/usart.c(1): warning: In file included from...
./Pl\stm32f4xx.h(12027): warning: In file included from...
./Pl/stm32f4xx_conf.h(42): warning: In file included from...
./Pl/inc\stm32f4xx_iwdg.h(38): warning: In file included from...
./Pl\stm32f4xx.h(15): warning: invalid UTF-8 in comment [-Winvalid-utf8]
  *              - To use or not the peripheral<92>s drivers in application code(i.e. 
                                               ^
./Pl\stm32f4xx.h(16): warning: invalid UTF-8 in comment [-Winvalid-utf8]
  *                code will be based on direct access to peripheral<92>s registers 
                                                                    ^
./Pl\stm32f4xx.h(23): warning: invalid UTF-8 in comment [-Winvalid-utf8]
  *           - Macros to access peripheral<92>s registers hardware
                                           ^
User/usart.c(1): warning: In file included from...
./Pl\stm32f4xx.h(12027): warning: In file included from...
./Pl/stm32f4xx_conf.h(43): warning: In file included from...
./Pl/inc\stm32f4xx_pwr.h(38): warning: In file included from...
./Pl\stm32f4xx.h(15): warning: invalid UTF-8 in comment [-Winvalid-utf8]
  *              - To use or not the peripheral<92>s drivers in application code(i.e. 
                                               ^
./Pl\stm32f4xx.h(16): warning: invalid UTF-8 in comment [-Winvalid-utf8]
  *                code will be based on direct access to peripheral<92>s registers 
                                                                    ^
./Pl\stm32f4xx.h(23): warning: invalid UTF-8 in comment [-Winvalid-utf8]
  *           - Macros to access peripheral<92>s registers hardware
                                           ^
User/usart.c(1): warning: In file included from...
./Pl\stm32f4xx.h(12027): warning: In file included from...
./Pl/stm32f4xx_conf.h(44): warning: In file included from...
./Pl/inc\stm32f4xx_rcc.h(37): warning: In file included from...
./Pl\stm32f4xx.h(15): warning: invalid UTF-8 in comment [-Winvalid-utf8]
  *              - To use or not the peripheral<92>s drivers in application code(i.e. 
                                               ^
./Pl\stm32f4xx.h(16): warning: invalid UTF-8 in comment [-Winvalid-utf8]
  *                code will be based on direct access to peripheral<92>s registers 
                                                                    ^
./Pl\stm32f4xx.h(23): warning: invalid UTF-8 in comment [-Winvalid-utf8]
  *           - Macros to access peripheral<92>s registers hardware
                                           ^
User/usart.c(1): warning: In file included from...
./Pl\stm32f4xx.h(12027): warning: In file included from...
./Pl/stm32f4xx_conf.h(45): warning: In file included from...
./Pl/inc\stm32f4xx_rtc.h(38): warning: In file included from...
./Pl\stm32f4xx.h(15): warning: invalid UTF-8 in comment [-Winvalid-utf8]
  *              - To use or not the peripheral<92>s drivers in application code(i.e. 
                                               ^
./Pl\stm32f4xx.h(16): warning: invalid UTF-8 in comment [-Winvalid-utf8]
  *                code will be based on direct access to peripheral<92>s registers 
                                                                    ^
./Pl\stm32f4xx.h(23): warning: invalid UTF-8 in comment [-Winvalid-utf8]
  *           - Macros to access peripheral<92>s registers hardware
                                           ^
User/usart.c(1): warning: In file included from...
./Pl\stm32f4xx.h(12027): warning: In file included from...
./Pl/stm32f4xx_conf.h(46): warning: In file included from...
./Pl/inc\stm32f4xx_sdio.h(38): warning: In file included from...
./Pl\stm32f4xx.h(15): warning: invalid UTF-8 in comment [-Winvalid-utf8]
  *              - To use or not the peripheral<92>s drivers in application code(i.e. 
                                               ^
./Pl\stm32f4xx.h(16): warning: invalid UTF-8 in comment [-Winvalid-utf8]
  *                code will be based on direct access to peripheral<92>s registers 
                                                                    ^
./Pl\stm32f4xx.h(23): warning: invalid UTF-8 in comment [-Winvalid-utf8]
  *           - Macros to access peripheral<92>s registers hardware
                                           ^
User/usart.c(1): warning: In file included from...
./Pl\stm32f4xx.h(12027): warning: In file included from...
./Pl/stm32f4xx_conf.h(47): warning: In file included from...
./Pl/inc\stm32f4xx_spi.h(38): warning: In file included from...
./Pl\stm32f4xx.h(15): warning: invalid UTF-8 in comment [-Winvalid-utf8]
  *              - To use or not the peripheral<92>s drivers in application code(i.e. 
                                               ^
./Pl\stm32f4xx.h(16): warning: invalid UTF-8 in comment [-Winvalid-utf8]
  *                code will be based on direct access to peripheral<92>s registers 
                                                                    ^
./Pl\stm32f4xx.h(23): warning: invalid UTF-8 in comment [-Winvalid-utf8]
  *           - Macros to access peripheral<92>s registers hardware
                                           ^
User/usart.c(1): warning: In file included from...
./Pl\stm32f4xx.h(12027): warning: In file included from...
./Pl/stm32f4xx_conf.h(48): warning: In file included from...
./Pl/inc\stm32f4xx_syscfg.h(38): warning: In file included from...
./Pl\stm32f4xx.h(15): warning: invalid UTF-8 in comment [-Winvalid-utf8]
  *              - To use or not the peripheral<92>s drivers in application code(i.e. 
                                               ^
./Pl\stm32f4xx.h(16): warning: invalid UTF-8 in comment [-Winvalid-utf8]
  *                code will be based on direct access to peripheral<92>s registers 
                                                                    ^
./Pl\stm32f4xx.h(23): warning: invalid UTF-8 in comment [-Winvalid-utf8]
  *           - Macros to access peripheral<92>s registers hardware
                                           ^
User/usart.c(1): warning: In file included from...
./Pl\stm32f4xx.h(12027): warning: In file included from...
./Pl/stm32f4xx_conf.h(49): warning: In file included from...
./Pl/inc\stm32f4xx_tim.h(38): warning: In file included from...
./Pl\stm32f4xx.h(15): warning: invalid UTF-8 in comment [-Winvalid-utf8]
  *              - To use or not the peripheral<92>s drivers in application code(i.e. 
                                               ^
./Pl\stm32f4xx.h(16): warning: invalid UTF-8 in comment [-Winvalid-utf8]
  *                code will be based on direct access to peripheral<92>s registers 
                                                                    ^
./Pl\stm32f4xx.h(23): warning: invalid UTF-8 in comment [-Winvalid-utf8]
  *           - Macros to access peripheral<92>s registers hardware
                                           ^
User/usart.c(1): warning: In file included from...
./Pl\stm32f4xx.h(12027): warning: In file included from...
./Pl/stm32f4xx_conf.h(50): warning: In file included from...
./Pl/inc\stm32f4xx_usart.h(38): warning: In file included from...
./Pl\stm32f4xx.h(15): warning: invalid UTF-8 in comment [-Winvalid-utf8]
  *              - To use or not the peripheral<92>s drivers in application code(i.e. 
                                               ^
./Pl\stm32f4xx.h(16): warning: invalid UTF-8 in comment [-Winvalid-utf8]
  *                code will be based on direct access to peripheral<92>s registers 
                                                                    ^
./Pl\stm32f4xx.h(23): warning: invalid UTF-8 in comment [-Winvalid-utf8]
  *           - Macros to access peripheral<92>s registers hardware
                                           ^
User/usart.c(1): warning: In file included from...
./Pl\stm32f4xx.h(12027): warning: In file included from...
./Pl/stm32f4xx_conf.h(51): warning: In file included from...
./Pl/inc\stm32f4xx_wwdg.h(38): warning: In file included from...
./Pl\stm32f4xx.h(15): warning: invalid UTF-8 in comment [-Winvalid-utf8]
  *              - To use or not the peripheral<92>s drivers in application code(i.e. 
                                               ^
./Pl\stm32f4xx.h(16): warning: invalid UTF-8 in comment [-Winvalid-utf8]
  *                code will be based on direct access to peripheral<92>s registers 
                                                                    ^
./Pl\stm32f4xx.h(23): warning: invalid UTF-8 in comment [-Winvalid-utf8]
  *           - Macros to access peripheral<92>s registers hardware
                                           ^
User/usart.c(1): warning: In file included from...
./Pl\stm32f4xx.h(12027): warning: In file included from...
./Pl/stm32f4xx_conf.h(52): warning: In file included from...
./Pl/inc\misc.h(38): warning: In file included from...
./Pl\stm32f4xx.h(15): warning: invalid UTF-8 in comment [-Winvalid-utf8]
  *              - To use or not the peripheral<92>s drivers in application code(i.e. 
                                               ^
./Pl\stm32f4xx.h(16): warning: invalid UTF-8 in comment [-Winvalid-utf8]
  *                code will be based on direct access to peripheral<92>s registers 
                                                                    ^
./Pl\stm32f4xx.h(23): warning: invalid UTF-8 in comment [-Winvalid-utf8]
  *           - Macros to access peripheral<92>s registers hardware
                                           ^
User/usart.c(1): warning: In file included from...
./Pl\stm32f4xx.h(12027): warning: In file included from...
./Pl/stm32f4xx_conf.h(80): warning: In file included from...
./Pl/inc\stm32f4xx_cryp.h(38): warning: In file included from...
./Pl\stm32f4xx.h(15): warning: invalid UTF-8 in comment [-Winvalid-utf8]
  *              - To use or not the peripheral<92>s drivers in application code(i.e. 
                                               ^
./Pl\stm32f4xx.h(16): warning: invalid UTF-8 in comment [-Winvalid-utf8]
  *                code will be based on direct access to peripheral<92>s registers 
                                                                    ^
./Pl\stm32f4xx.h(23): warning: invalid UTF-8 in comment [-Winvalid-utf8]
  *           - Macros to access peripheral<92>s registers hardware
                                           ^
User/usart.c(1): warning: In file included from...
./Pl\stm32f4xx.h(12027): warning: In file included from...
./Pl/stm32f4xx_conf.h(81): warning: In file included from...
./Pl/inc\stm32f4xx_hash.h(38): warning: In file included from...
./Pl\stm32f4xx.h(15): warning: invalid UTF-8 in comment [-Winvalid-utf8]
  *              - To use or not the peripheral<92>s drivers in application code(i.e. 
                                               ^
./Pl\stm32f4xx.h(16): warning: invalid UTF-8 in comment [-Winvalid-utf8]
  *                code will be based on direct access to peripheral<92>s registers 
                                                                    ^
./Pl\stm32f4xx.h(23): warning: invalid UTF-8 in comment [-Winvalid-utf8]
  *           - Macros to access peripheral<92>s registers hardware
                                           ^
User/usart.c(1): warning: In file included from...
./Pl\stm32f4xx.h(12027): warning: In file included from...
./Pl/stm32f4xx_conf.h(82): warning: In file included from...
./Pl/inc\stm32f4xx_rng.h(38): warning: In file included from...
./Pl\stm32f4xx.h(15): warning: invalid UTF-8 in comment [-Winvalid-utf8]
  *              - To use or not the peripheral<92>s drivers in application code(i.e. 
                                               ^
./Pl\stm32f4xx.h(16): warning: invalid UTF-8 in comment [-Winvalid-utf8]
  *                code will be based on direct access to peripheral<92>s registers 
                                                                    ^
./Pl\stm32f4xx.h(23): warning: invalid UTF-8 in comment [-Winvalid-utf8]
  *           - Macros to access peripheral<92>s registers hardware
                                           ^
User/usart.c(1): warning: In file included from...
./Pl\stm32f4xx.h(12027): warning: In file included from...
./Pl/stm32f4xx_conf.h(83): warning: In file included from...
./Pl/inc\stm32f4xx_can.h(38): warning: In file included from...
./Pl\stm32f4xx.h(15): warning: invalid UTF-8 in comment [-Winvalid-utf8]
  *              - To use or not the peripheral<92>s drivers in application code(i.e. 
                                               ^
./Pl\stm32f4xx.h(16): warning: invalid UTF-8 in comment [-Winvalid-utf8]
  *                code will be based on direct access to peripheral<92>s registers 
                                                                    ^
./Pl\stm32f4xx.h(23): warning: invalid UTF-8 in comment [-Winvalid-utf8]
  *           - Macros to access peripheral<92>s registers hardware
                                           ^
User/usart.c(1): warning: In file included from...
./Pl\stm32f4xx.h(12027): warning: In file included from...
./Pl/stm32f4xx_conf.h(84): warning: In file included from...
./Pl/inc\stm32f4xx_dac.h(38): warning: In file included from...
./Pl\stm32f4xx.h(15): warning: invalid UTF-8 in comment [-Winvalid-utf8]
  *              - To use or not the peripheral<92>s drivers in application code(i.e. 
                                               ^
./Pl\stm32f4xx.h(16): warning: invalid UTF-8 in comment [-Winvalid-utf8]
  *                code will be based on direct access to peripheral<92>s registers 
                                                                    ^
./Pl\stm32f4xx.h(23): warning: invalid UTF-8 in comment [-Winvalid-utf8]
  *           - Macros to access peripheral<92>s registers hardware
                                           ^
User/usart.c(1): warning: In file included from...
./Pl\stm32f4xx.h(12027): warning: In file included from...
./Pl/stm32f4xx_conf.h(85): warning: In file included from...
./Pl/inc\stm32f4xx_dcmi.h(37): warning: In file included from...
./Pl\stm32f4xx.h(15): warning: invalid UTF-8 in comment [-Winvalid-utf8]
  *              - To use or not the peripheral<92>s drivers in application code(i.e. 
                                               ^
./Pl\stm32f4xx.h(16): warning: invalid UTF-8 in comment [-Winvalid-utf8]
  *                code will be based on direct access to peripheral<92>s registers 
                                                                    ^
./Pl\stm32f4xx.h(23): warning: invalid UTF-8 in comment [-Winvalid-utf8]
  *           - Macros to access peripheral<92>s registers hardware
                                           ^
User/usart.c(1): warning: In file included from...
./Pl\stm32f4xx.h(12027): warning: In file included from...
./Pl/stm32f4xx_conf.h(86): warning: In file included from...
./Pl/inc\stm32f4xx_fsmc.h(38): warning: In file included from...
./Pl\stm32f4xx.h(15): warning: invalid UTF-8 in comment [-Winvalid-utf8]
  *              - To use or not the peripheral<92>s drivers in application code(i.e. 
                                               ^
./Pl\stm32f4xx.h(16): warning: invalid UTF-8 in comment [-Winvalid-utf8]
  *                code will be based on direct access to peripheral<92>s registers 
                                                                    ^
./Pl\stm32f4xx.h(23): warning: invalid UTF-8 in comment [-Winvalid-utf8]
  *           - Macros to access peripheral<92>s registers hardware
                                           ^
User/usart.c(15): warning: invalid UTF-8 in comment [-Winvalid-utf8]
        GPIO_struct_USART2.GPIO_Pin   = GPIO_Pin_2 | GPIO_Pin_3; //<EA><EE><ED><F4><E8><E3><F3><F0><E8><F0><F3><E5><EC> <F1><F2><F0><F3><EA><F2><F3><F0><F3> <F1> <EF><E0><F0><E0><EC><E5><F2><F0><E0><EC><E8> <ED><E0> <ED><EE><E6><EA><E0><F5> PA2 <E8> PA3
                                                                   ^
User/usart.c(15): warning: invalid UTF-8 in comment [-Winvalid-utf8]
        GPIO_struct_USART2.GPIO_Pin   = GPIO_Pin_2 | GPIO_Pin_3; //<EA><EE><ED><F4><E8><E3><F3><F0><E8><F0><F3><E5><EC> <F1><F2><F0><F3><EA><F2><F3><F0><F3> <F1> <EF><E0><F0><E0><EC><E5><F2><F0><E0><EC><E8> <ED><E0> <ED><EE><E6><EA><E0><F5> PA2 <E8> PA3
                                                                                                                        ^
User/usart.c(15): warning: invalid UTF-8 in comment [-Winvalid-utf8]
        GPIO_struct_USART2.GPIO_Pin   = GPIO_Pin_2 | GPIO_Pin_3; //<EA><EE><ED><F4><E8><E3><F3><F0><E8><F0><F3><E5><EC> <F1><F2><F0><F3><EA><F2><F3><F0><F3> <F1> <EF><E0><F0><E0><EC><E5><F2><F0><E0><EC><E8> <ED><E0> <ED><EE><E6><EA><E0><F5> PA2 <E8> PA3
                                                                                                                                                             ^
User/usart.c(15): warning: invalid UTF-8 in comment [-Winvalid-utf8]
        GPIO_struct_USART2.GPIO_Pin   = GPIO_Pin_2 | GPIO_Pin_3; //<EA><EE><ED><F4><E8><E3><F3><F0><E8><F0><F3><E5><EC> <F1><F2><F0><F3><EA><F2><F3><F0><F3> <F1> <EF><E0><F0><E0><EC><E5><F2><F0><E0><EC><E8> <ED><E0> <ED><EE><E6><EA><E0><F5> PA2 <E8> PA3
                                                                                                                                                                  ^
User/usart.c(15): warning: invalid UTF-8 in comment [-Winvalid-utf8]
        GPIO_struct_USART2.GPIO_Pin   = GPIO_Pin_2 | GPIO_Pin_3; //<EA><EE><ED><F4><E8><E3><F3><F0><E8><F0><F3><E5><EC> <F1><F2><F0><F3><EA><F2><F3><F0><F3> <F1> <EF><E0><F0><E0><EC><E5><F2><F0><E0><EC><E8> <ED><E0> <ED><EE><E6><EA><E0><F5> PA2 <E8> PA3
                                                                                                                                                                                                               ^
User/usart.c(15): warning: invalid UTF-8 in comment [-Winvalid-utf8]
        GPIO_struct_USART2.GPIO_Pin   = GPIO_Pin_2 | GPIO_Pin_3; //<EA><EE><ED><F4><E8><E3><F3><F0><E8><F0><F3><E5><EC> <F1><F2><F0><F3><EA><F2><F3><F0><F3> <F1> <EF><E0><F0><E0><EC><E5><F2><F0><E0><EC><E8> <ED><E0> <ED><EE><E6><EA><E0><F5> PA2 <E8> PA3
                                                                                                                                                                                                                        ^
User/usart.c(15): warning: invalid UTF-8 in comment [-Winvalid-utf8]
        GPIO_struct_USART2.GPIO_Pin   = GPIO_Pin_2 | GPIO_Pin_3; //<EA><EE><ED><F4><E8><E3><F3><F0><E8><F0><F3><E5><EC> <F1><F2><F0><F3><EA><F2><F3><F0><F3> <F1> <EF><E0><F0><E0><EC><E5><F2><F0><E0><EC><E8> <ED><E0> <ED><EE><E6><EA><E0><F5> PA2 <E8> PA3
                                                                                                                                                                                                                                                     ^
User/usart.c(16): warning: invalid UTF-8 in comment [-Winvalid-utf8]
        GPIO_struct_USART2.GPIO_Mode  = GPIO_Mode_AF; //<E2><EA><EB><FE><F7><E0><E5><EC> <ED><EE><E6><EA><E8> PA2 <E8> PA3 <ED><E0> <F0><E5><E6><E8><EC> <E0><EB><FC><F2><E5><F0><ED><E0><F2><E8><E2><ED><EE><E9> <F4><F3><ED><EA><F6><E8><E8>
                                                        ^
User/usart.c(16): warning: invalid UTF-8 in comment [-Winvalid-utf8]
        GPIO_struct_USART2.GPIO_Mode  = GPIO_Mode_AF; //<E2><EA><EB><FE><F7><E0><E5><EC> <ED><EE><E6><EA><E8> PA2 <E8> PA3 <ED><E0> <F0><E5><E6><E8><EC> <E0><EB><FC><F2><E5><F0><ED><E0><F2><E8><E2><ED><EE><E9> <F4><F3><ED><EA><F6><E8><E8>
                                                                                         ^
User/usart.c(16): warning: invalid UTF-8 in comment [-Winvalid-utf8]
        GPIO_struct_USART2.GPIO_Mode  = GPIO_Mode_AF; //<E2><EA><EB><FE><F7><E0><E5><EC> <ED><EE><E6><EA><E8> PA2 <E8> PA3 <ED><E0> <F0><E5><E6><E8><EC> <E0><EB><FC><F2><E5><F0><ED><E0><F2><E8><E2><ED><EE><E9> <F4><F3><ED><EA><F6><E8><E8>
                                                                                                                  ^
User/usart.c(16): warning: invalid UTF-8 in comment [-Winvalid-utf8]
        GPIO_struct_USART2.GPIO_Mode  = GPIO_Mode_AF; //<E2><EA><EB><FE><F7><E0><E5><EC> <ED><EE><E6><EA><E8> PA2 <E8> PA3 <ED><E0> <F0><E5><E6><E8><EC> <E0><EB><FC><F2><E5><F0><ED><E0><F2><E8><E2><ED><EE><E9> <F4><F3><ED><EA><F6><E8><E8>
                                                                                                                           ^
User/usart.c(16): warning: invalid UTF-8 in comment [-Winvalid-utf8]
        GPIO_struct_USART2.GPIO_Mode  = GPIO_Mode_AF; //<E2><EA><EB><FE><F7><E0><E5><EC> <ED><EE><E6><EA><E8> PA2 <E8> PA3 <ED><E0> <F0><E5><E6><E8><EC> <E0><EB><FC><F2><E5><F0><ED><E0><F2><E8><E2><ED><EE><E9> <F4><F3><ED><EA><F6><E8><E8>
                                                                                                                                    ^
User/usart.c(16): warning: invalid UTF-8 in comment [-Winvalid-utf8]
        GPIO_struct_USART2.GPIO_Mode  = GPIO_Mode_AF; //<E2><EA><EB><FE><F7><E0><E5><EC> <ED><EE><E6><EA><E8> PA2 <E8> PA3 <ED><E0> <F0><E5><E6><E8><EC> <E0><EB><FC><F2><E5><F0><ED><E0><F2><E8><E2><ED><EE><E9> <F4><F3><ED><EA><F6><E8><E8>
                                                                                                                                                         ^
User/usart.c(16): warning: invalid UTF-8 in comment [-Winvalid-utf8]
        GPIO_struct_USART2.GPIO_Mode  = GPIO_Mode_AF; //<E2><EA><EB><FE><F7><E0><E5><EC> <ED><EE><E6><EA><E8> PA2 <E8> PA3 <ED><E0> <F0><E5><E6><E8><EC> <E0><EB><FC><F2><E5><F0><ED><E0><F2><E8><E2><ED><EE><E9> <F4><F3><ED><EA><F6><E8><E8>
                                                                                                                                                                                                                  ^
User/usart.c(17): warning: invalid UTF-8 in comment [-Winvalid-utf8]
        GPIO_struct_USART2.GPIO_Speed = GPIO_Low_Speed; //<F3><F1><F2><E0><ED><EE><E2><E8><EC> <F1><EA><EE><F0><EE><F1><F2><FC> LOW <ED><E0> <EA><EE><ED><F4><E8><E3><F3><F0><E8><F0><F3><E5><EC><FB><E5> <ED><EE><E6><EA><E8> <EF><EE><F0><F2><E0>*/
                                                          ^
User/usart.c(17): warning: invalid UTF-8 in comment [-Winvalid-utf8]
        GPIO_struct_USART2.GPIO_Speed = GPIO_Low_Speed; //<F3><F1><F2><E0><ED><EE><E2><E8><EC> <F1><EA><EE><F0><EE><F1><F2><FC> LOW <ED><E0> <EA><EE><ED><F4><E8><E3><F3><F0><E8><F0><F3><E5><EC><FB><E5> <ED><EE><E6><EA><E8> <EF><EE><F0><F2><E0>*/
                                                                                               ^
User/usart.c(17): warning: invalid UTF-8 in comment [-Winvalid-utf8]
        GPIO_struct_USART2.GPIO_Speed = GPIO_Low_Speed; //<F3><F1><F2><E0><ED><EE><E2><E8><EC> <F1><EA><EE><F0><EE><F1><F2><FC> LOW <ED><E0> <EA><EE><ED><F4><E8><E3><F3><F0><E8><F0><F3><E5><EC><FB><E5> <ED><EE><E6><EA><E8> <EF><EE><F0><F2><E0>*/
                                                                                                                                    ^
User/usart.c(17): warning: invalid UTF-8 in comment [-Winvalid-utf8]
        GPIO_struct_USART2.GPIO_Speed = GPIO_Low_Speed; //<F3><F1><F2><E0><ED><EE><E2><E8><EC> <F1><EA><EE><F0><EE><F1><F2><FC> LOW <ED><E0> <EA><EE><ED><F4><E8><E3><F3><F0><E8><F0><F3><E5><EC><FB><E5> <ED><EE><E6><EA><E8> <EF><EE><F0><F2><E0>*/
                                                                                                                                             ^
User/usart.c(17): warning: invalid UTF-8 in comment [-Winvalid-utf8]
        GPIO_struct_USART2.GPIO_Speed = GPIO_Low_Speed; //<F3><F1><F2><E0><ED><EE><E2><E8><EC> <F1><EA><EE><F0><EE><F1><F2><FC> LOW <ED><E0> <EA><EE><ED><F4><E8><E3><F3><F0><E8><F0><F3><E5><EC><FB><E5> <ED><EE><E6><EA><E8> <EF><EE><F0><F2><E0>*/
                                                                                                                                                                                                          ^
User/usart.c(17): warning: invalid UTF-8 in comment [-Winvalid-utf8]
        GPIO_struct_USART2.GPIO_Speed = GPIO_Low_Speed; //<F3><F1><F2><E0><ED><EE><E2><E8><EC> <F1><EA><EE><F0><EE><F1><F2><FC> LOW <ED><E0> <EA><EE><ED><F4><E8><E3><F3><F0><E8><F0><F3><E5><EC><FB><E5> <ED><EE><E6><EA><E8> <EF><EE><F0><F2><E0>*/
                                                                                                                                                                                                                               ^
User/usart.c(18): warning: invalid UTF-8 in comment [-Winvalid-utf8]
        GPIO_struct_USART2.GPIO_OType = GPIO_OType_PP; //<E2><EA><EB><FE><F7><E5><EC> <EE><E4><F2><FF><E3><E8><E2><E0><FE><F9><E5><E5> <F1><EE><EF><F0><EE><F2><E8><E2><EB><E5><ED><E8><E5> <ED><E0> <E2><E5><F1><FC> <EF><EE><F0><F2>
                                                         ^
User/usart.c(18): warning: invalid UTF-8 in comment [-Winvalid-utf8]
        GPIO_struct_USART2.GPIO_OType = GPIO_OType_PP; //<E2><EA><EB><FE><F7><E5><EC> <EE><E4><F2><FF><E3><E8><E2><E0><FE><F9><E5><E5> <F1><EE><EF><F0><EE><F2><E8><E2><EB><E5><ED><E8><E5> <ED><E0> <E2><E5><F1><FC> <EF><EE><F0><F2>
                                                                                      ^
User/usart.c(18): warning: invalid UTF-8 in comment [-Winvalid-utf8]
        GPIO_struct_USART2.GPIO_OType = GPIO_OType_PP; //<E2><EA><EB><FE><F7><E5><EC> <EE><E4><F2><FF><E3><E8><E2><E0><FE><F9><E5><E5> <F1><EE><EF><F0><EE><F2><E8><E2><EB><E5><ED><E8><E5> <ED><E0> <E2><E5><F1><FC> <EF><EE><F0><F2>
                                                                                                                                       ^
User/usart.c(18): warning: invalid UTF-8 in comment [-Winvalid-utf8]
        GPIO_struct_USART2.GPIO_OType = GPIO_OType_PP; //<E2><EA><EB><FE><F7><E5><EC> <EE><E4><F2><FF><E3><E8><E2><E0><FE><F9><E5><E5> <F1><EE><EF><F0><EE><F2><E8><E2><EB><E5><ED><E8><E5> <ED><E0> <E2><E5><F1><FC> <EF><EE><F0><F2>
                                                                                                                                                                                            ^
User/usart.c(18): warning: invalid UTF-8 in comment [-Winvalid-utf8]
        GPIO_struct_USART2.GPIO_OType = GPIO_OType_PP; //<E2><EA><EB><FE><F7><E5><EC> <EE><E4><F2><FF><E3><E8><E2><E0><FE><F9><E5><E5> <F1><EE><EF><F0><EE><F2><E8><E2><EB><E5><ED><E8><E5> <ED><E0> <E2><E5><F1><FC> <EF><EE><F0><F2>
                                                                                                                                                                                                     ^
User/usart.c(18): warning: invalid UTF-8 in comment [-Winvalid-utf8]
        GPIO_struct_USART2.GPIO_OType = GPIO_OType_PP; //<E2><EA><EB><FE><F7><E5><EC> <EE><E4><F2><FF><E3><E8><E2><E0><FE><F9><E5><E5> <F1><EE><EF><F0><EE><F2><E8><E2><EB><E5><ED><E8><E5> <ED><E0> <E2><E5><F1><FC> <EF><EE><F0><F2>
                                                                                                                                                                                                                      ^
User/usart.c(19): warning: invalid UTF-8 in comment [-Winvalid-utf8]
        GPIO_struct_USART2.GPIO_PuPd  = GPIO_PuPd_UP;//<E2><EA><EB><FE><F7><E0><E5><EC> <EF><EE><E4><F2><FF><E3><E8><E2><E0><ED><E8><E5> <E2><E2><E5><F0><F5>
                                                       ^
User/usart.c(19): warning: invalid UTF-8 in comment [-Winvalid-utf8]
        GPIO_struct_USART2.GPIO_PuPd  = GPIO_PuPd_UP;//<E2><EA><EB><FE><F7><E0><E5><EC> <EF><EE><E4><F2><FF><E3><E8><E2><E0><ED><E8><E5> <E2><E2><E5><F0><F5>
                                                                                        ^
User/usart.c(19): warning: invalid UTF-8 in comment [-Winvalid-utf8]
        GPIO_struct_USART2.GPIO_PuPd  = GPIO_PuPd_UP;//<E2><EA><EB><FE><F7><E0><E5><EC> <EF><EE><E4><F2><FF><E3><E8><E2><E0><ED><E8><E5> <E2><E2><E5><F0><F5>
                                                                                                                                         ^
User/usart.c(20): warning: invalid UTF-8 in comment [-Winvalid-utf8]
        GPIO_Init(GPIOA, &GPIO_struct_USART2); //<E8><ED><E8><F6><E8><E0><EB><E8><E7><E8><F0><F3><E5><EC> <EF><EE><F0><F2> A;
                                                 ^
User/usart.c(20): warning: invalid UTF-8 in comment [-Winvalid-utf8]
        GPIO_Init(GPIOA, &GPIO_struct_USART2); //<E8><ED><E8><F6><E8><E0><EB><E8><E7><E8><F0><F3><E5><EC> <EF><EE><F0><F2> A;
                                                                                                          ^
User/usart.c(27): warning: invalid UTF-8 in comment [-Winvalid-utf8]
        USART_InitStruct.USART_BaudRate = 9600; // <F1><EA><EE><F0><EE><F1><F2><FC> <EF><E5><F0><E5><E4><E0><F7><E8> <E4><E0><ED><ED><FB><F5> <E4><EE><EB><E6><ED><E0> <F1><EE><E2><EF><E0><E4><E0><F2><FC> <F1> <F3><EA><E0><E7><E0><ED><ED><EE><E9> <E2> <EF><F0><E8><EB><EE><E6><E5><ED><E8><E8> <ED><E0> <EA><EE><EC><EF><E5>
                                                   ^
User/usart.c(27): warning: invalid UTF-8 in comment [-Winvalid-utf8]
        USART_InitStruct.USART_BaudRate = 9600; // <F1><EA><EE><F0><EE><F1><F2><FC> <EF><E5><F0><E5><E4><E0><F7><E8> <E4><E0><ED><ED><FB><F5> <E4><EE><EB><E6><ED><E0> <F1><EE><E2><EF><E0><E4><E0><F2><FC> <F1> <F3><EA><E0><E7><E0><ED><ED><EE><E9> <E2> <EF><F0><E8><EB><EE><E6><E5><ED><E8><E8> <ED><E0> <EA><EE><EC><EF><E5>
                                                                                    ^
User/usart.c(27): warning: invalid UTF-8 in comment [-Winvalid-utf8]
        USART_InitStruct.USART_BaudRate = 9600; // <F1><EA><EE><F0><EE><F1><F2><FC> <EF><E5><F0><E5><E4><E0><F7><E8> <E4><E0><ED><ED><FB><F5> <E4><EE><EB><E6><ED><E0> <F1><EE><E2><EF><E0><E4><E0><F2><FC> <F1> <F3><EA><E0><E7><E0><ED><ED><EE><E9> <E2> <EF><F0><E8><EB><EE><E6><E5><ED><E8><E8> <ED><E0> <EA><EE><EC><EF><E5>
                                                                                                                     ^
User/usart.c(27): warning: invalid UTF-8 in comment [-Winvalid-utf8]
        USART_InitStruct.USART_BaudRate = 9600; // <F1><EA><EE><F0><EE><F1><F2><FC> <EF><E5><F0><E5><E4><E0><F7><E8> <E4><E0><ED><ED><FB><F5> <E4><EE><EB><E6><ED><E0> <F1><EE><E2><EF><E0><E4><E0><F2><FC> <F1> <F3><EA><E0><E7><E0><ED><ED><EE><E9> <E2> <EF><F0><E8><EB><EE><E6><E5><ED><E8><E8> <ED><E0> <EA><EE><EC><EF><E5>
                                                                                                                                              ^
User/usart.c(27): warning: invalid UTF-8 in comment [-Winvalid-utf8]
        USART_InitStruct.USART_BaudRate = 9600; // <F1><EA><EE><F0><EE><F1><F2><FC> <EF><E5><F0><E5><E4><E0><F7><E8> <E4><E0><ED><ED><FB><F5> <E4><EE><EB><E6><ED><E0> <F1><EE><E2><EF><E0><E4><E0><F2><FC> <F1> <F3><EA><E0><E7><E0><ED><ED><EE><E9> <E2> <EF><F0><E8><EB><EE><E6><E5><ED><E8><E8> <ED><E0> <EA><EE><EC><EF><E5>
                                                                                                                                                                       ^
User/usart.c(27): warning: invalid UTF-8 in comment [-Winvalid-utf8]
        USART_InitStruct.USART_BaudRate = 9600; // <F1><EA><EE><F0><EE><F1><F2><FC> <EF><E5><F0><E5><E4><E0><F7><E8> <E4><E0><ED><ED><FB><F5> <E4><EE><EB><E6><ED><E0> <F1><EE><E2><EF><E0><E4><E0><F2><FC> <F1> <F3><EA><E0><E7><E0><ED><ED><EE><E9> <E2> <EF><F0><E8><EB><EE><E6><E5><ED><E8><E8> <ED><E0> <EA><EE><EC><EF><E5>
                                                                                                                                                                                                            ^
User/usart.c(27): warning: invalid UTF-8 in comment [-Winvalid-utf8]
        USART_InitStruct.USART_BaudRate = 9600; // <F1><EA><EE><F0><EE><F1><F2><FC> <EF><E5><F0><E5><E4><E0><F7><E8> <E4><E0><ED><ED><FB><F5> <E4><EE><EB><E6><ED><E0> <F1><EE><E2><EF><E0><E4><E0><F2><FC> <F1> <F3><EA><E0><E7><E0><ED><ED><EE><E9> <E2> <EF><F0><E8><EB><EE><E6><E5><ED><E8><E8> <ED><E0> <EA><EE><EC><EF><E5>
                                                                                                                                                                                                                 ^
User/usart.c(27): warning: invalid UTF-8 in comment [-Winvalid-utf8]
        USART_InitStruct.USART_BaudRate = 9600; // <F1><EA><EE><F0><EE><F1><F2><FC> <EF><E5><F0><E5><E4><E0><F7><E8> <E4><E0><ED><ED><FB><F5> <E4><EE><EB><E6><ED><E0> <F1><EE><E2><EF><E0><E4><E0><F2><FC> <F1> <F3><EA><E0><E7><E0><ED><ED><EE><E9> <E2> <EF><F0><E8><EB><EE><E6><E5><ED><E8><E8> <ED><E0> <EA><EE><EC><EF><E5>
                                                                                                                                                                                                                                                      ^
User/usart.c(27): warning: invalid UTF-8 in comment [-Winvalid-utf8]
        USART_InitStruct.USART_BaudRate = 9600; // <F1><EA><EE><F0><EE><F1><F2><FC> <EF><E5><F0><E5><E4><E0><F7><E8> <E4><E0><ED><ED><FB><F5> <E4><EE><EB><E6><ED><E0> <F1><EE><E2><EF><E0><E4><E0><F2><FC> <F1> <F3><EA><E0><E7><E0><ED><ED><EE><E9> <E2> <EF><F0><E8><EB><EE><E6><E5><ED><E8><E8> <ED><E0> <EA><EE><EC><EF><E5>
                                                                                                                                                                                                                                                           ^
User/usart.c(27): warning: invalid UTF-8 in comment [-Winvalid-utf8]
        USART_InitStruct.USART_BaudRate = 9600; // <F1><EA><EE><F0><EE><F1><F2><FC> <EF><E5><F0><E5><E4><E0><F7><E8> <E4><E0><ED><ED><FB><F5> <E4><EE><EB><E6><ED><E0> <F1><EE><E2><EF><E0><E4><E0><F2><FC> <F1> <F3><EA><E0><E7><E0><ED><ED><EE><E9> <E2> <EF><F0><E8><EB><EE><E6><E5><ED><E8><E8> <ED><E0> <EA><EE><EC><EF><E5>
                                                                                                                                                                                                                                                                                                    ^
User/usart.c(27): warning: invalid UTF-8 in comment [-Winvalid-utf8]
        USART_InitStruct.USART_BaudRate = 9600; // <F1><EA><EE><F0><EE><F1><F2><FC> <EF><E5><F0><E5><E4><E0><F7><E8> <E4><E0><ED><ED><FB><F5> <E4><EE><EB><E6><ED><E0> <F1><EE><E2><EF><E0><E4><E0><F2><FC> <F1> <F3><EA><E0><E7><E0><ED><ED><EE><E9> <E2> <EF><F0><E8><EB><EE><E6><E5><ED><E8><E8> <ED><E0> <EA><EE><EC><EF><E5>
                                                                                                                                                                                                                                                                                                             ^
User/usart.c(1): warning: In file included from...
./Pl\stm32f4xx.h(12027): warning: In file included from...
./Pl/stm32f4xx_conf.h(50): warning: In file included from...
./Pl/inc\stm32f4xx_usart.h(54): warning: padding size of 'USART_InitTypeDef' with 2 bytes to alignment boundary [-Wpadded]
typedef struct
        ^
User/usart.c(28): warning: invalid UTF-8 in comment [-Winvalid-utf8]
  USART_InitStruct.USART_WordLength = USART_WordLength_8b; //<EA><EE><EB><E8><F7><E5><F1><F2><E2><EE> <E1><E8><F2> <E2> <F1><EB><EE><E2><E5> USART <EA><EE><F2><EE><F0><FB><E5> <E1><F3><E4><E5><F2> <EF><E5><F0><E5><E4><E0><E2><E0><F2><FC> <E7><E0> 1 <EF><F1><FB><EB><EA><F3> <F1><F2><E0><ED><E4><E0><F0><F2><ED><EE> 8 <ED><EE> <EC><EE><E6><E5><F2> <E1><FB><F2><FC> <E8> 9
                                                             ^
User/usart.c(28): warning: invalid UTF-8 in comment [-Winvalid-utf8]
  USART_InitStruct.USART_WordLength = USART_WordLength_8b; //<EA><EE><EB><E8><F7><E5><F1><F2><E2><EE> <E1><E8><F2> <E2> <F1><EB><EE><E2><E5> USART <EA><EE><F2><EE><F0><FB><E5> <E1><F3><E4><E5><F2> <EF><E5><F0><E5><E4><E0><E2><E0><F2><FC> <E7><E0> 1 <EF><F1><FB><EB><EA><F3> <F1><F2><E0><ED><E4><E0><F0><F2><ED><EE> 8 <ED><EE> <EC><EE><E6><E5><F2> <E1><FB><F2><FC> <E8> 9
                                                                                                      ^
User/usart.c(28): warning: invalid UTF-8 in comment [-Winvalid-utf8]
  USART_InitStruct.USART_WordLength = USART_WordLength_8b; //<EA><EE><EB><E8><F7><E5><F1><F2><E2><EE> <E1><E8><F2> <E2> <F1><EB><EE><E2><E5> USART <EA><EE><F2><EE><F0><FB><E5> <E1><F3><E4><E5><F2> <EF><E5><F0><E5><E4><E0><E2><E0><F2><FC> <E7><E0> 1 <EF><F1><FB><EB><EA><F3> <F1><F2><E0><ED><E4><E0><F0><F2><ED><EE> 8 <ED><EE> <EC><EE><E6><E5><F2> <E1><FB><F2><FC> <E8> 9
                                                                                                                   ^
User/usart.c(28): warning: invalid UTF-8 in comment [-Winvalid-utf8]
  USART_InitStruct.USART_WordLength = USART_WordLength_8b; //<EA><EE><EB><E8><F7><E5><F1><F2><E2><EE> <E1><E8><F2> <E2> <F1><EB><EE><E2><E5> USART <EA><EE><F2><EE><F0><FB><E5> <E1><F3><E4><E5><F2> <EF><E5><F0><E5><E4><E0><E2><E0><F2><FC> <E7><E0> 1 <EF><F1><FB><EB><EA><F3> <F1><F2><E0><ED><E4><E0><F0><F2><ED><EE> 8 <ED><EE> <EC><EE><E6><E5><F2> <E1><FB><F2><FC> <E8> 9
                                                                                                                        ^
User/usart.c(28): warning: invalid UTF-8 in comment [-Winvalid-utf8]
  USART_InitStruct.USART_WordLength = USART_WordLength_8b; //<EA><EE><EB><E8><F7><E5><F1><F2><E2><EE> <E1><E8><F2> <E2> <F1><EB><EE><E2><E5> USART <EA><EE><F2><EE><F0><FB><E5> <E1><F3><E4><E5><F2> <EF><E5><F0><E5><E4><E0><E2><E0><F2><FC> <E7><E0> 1 <EF><F1><FB><EB><EA><F3> <F1><F2><E0><ED><E4><E0><F0><F2><ED><EE> 8 <ED><EE> <EC><EE><E6><E5><F2> <E1><FB><F2><FC> <E8> 9
                                                                                                                                                   ^
User/usart.c(28): warning: invalid UTF-8 in comment [-Winvalid-utf8]
  USART_InitStruct.USART_WordLength = USART_WordLength_8b; //<EA><EE><EB><E8><F7><E5><F1><F2><E2><EE> <E1><E8><F2> <E2> <F1><EB><EE><E2><E5> USART <EA><EE><F2><EE><F0><FB><E5> <E1><F3><E4><E5><F2> <EF><E5><F0><E5><E4><E0><E2><E0><F2><FC> <E7><E0> 1 <EF><F1><FB><EB><EA><F3> <F1><F2><E0><ED><E4><E0><F0><F2><ED><EE> 8 <ED><EE> <EC><EE><E6><E5><F2> <E1><FB><F2><FC> <E8> 9
                                                                                                                                                                                ^
User/usart.c(28): warning: invalid UTF-8 in comment [-Winvalid-utf8]
  USART_InitStruct.USART_WordLength = USART_WordLength_8b; //<EA><EE><EB><E8><F7><E5><F1><F2><E2><EE> <E1><E8><F2> <E2> <F1><EB><EE><E2><E5> USART <EA><EE><F2><EE><F0><FB><E5> <E1><F3><E4><E5><F2> <EF><E5><F0><E5><E4><E0><E2><E0><F2><FC> <E7><E0> 1 <EF><F1><FB><EB><EA><F3> <F1><F2><E0><ED><E4><E0><F0><F2><ED><EE> 8 <ED><EE> <EC><EE><E6><E5><F2> <E1><FB><F2><FC> <E8> 9
                                                                                                                                                                                                     ^
User/usart.c(28): warning: invalid UTF-8 in comment [-Winvalid-utf8]
  USART_InitStruct.USART_WordLength = USART_WordLength_8b; //<EA><EE><EB><E8><F7><E5><F1><F2><E2><EE> <E1><E8><F2> <E2> <F1><EB><EE><E2><E5> USART <EA><EE><F2><EE><F0><FB><E5> <E1><F3><E4><E5><F2> <EF><E5><F0><E5><E4><E0><E2><E0><F2><FC> <E7><E0> 1 <EF><F1><FB><EB><EA><F3> <F1><F2><E0><ED><E4><E0><F0><F2><ED><EE> 8 <ED><EE> <EC><EE><E6><E5><F2> <E1><FB><F2><FC> <E8> 9
                                                                                                                                                                                                                                              ^
User/usart.c(28): warning: invalid UTF-8 in comment [-Winvalid-utf8]
  USART_InitStruct.USART_WordLength = USART_WordLength_8b; //<EA><EE><EB><E8><F7><E5><F1><F2><E2><EE> <E1><E8><F2> <E2> <F1><EB><EE><E2><E5> USART <EA><EE><F2><EE><F0><FB><E5> <E1><F3><E4><E5><F2> <EF><E5><F0><E5><E4><E0><E2><E0><F2><FC> <E7><E0> 1 <EF><F1><FB><EB><EA><F3> <F1><F2><E0><ED><E4><E0><F0><F2><ED><EE> 8 <ED><EE> <EC><EE><E6><E5><F2> <E1><FB><F2><FC> <E8> 9
                                                                                                                                                                                                                                                         ^
User/usart.c(28): warning: invalid UTF-8 in comment [-Winvalid-utf8]
  USART_InitStruct.USART_WordLength = USART_WordLength_8b; //<EA><EE><EB><E8><F7><E5><F1><F2><E2><EE> <E1><E8><F2> <E2> <F1><EB><EE><E2><E5> USART <EA><EE><F2><EE><F0><FB><E5> <E1><F3><E4><E5><F2> <EF><E5><F0><E5><E4><E0><E2><E0><F2><FC> <E7><E0> 1 <EF><F1><FB><EB><EA><F3> <F1><F2><E0><ED><E4><E0><F0><F2><ED><EE> 8 <ED><EE> <EC><EE><E6><E5><F2> <E1><FB><F2><FC> <E8> 9
                                                                                                                                                                                                                                                                                  ^
User/usart.c(28): warning: invalid UTF-8 in comment [-Winvalid-utf8]
  USART_InitStruct.USART_WordLength = USART_WordLength_8b; //<EA><EE><EB><E8><F7><E5><F1><F2><E2><EE> <E1><E8><F2> <E2> <F1><EB><EE><E2><E5> USART <EA><EE><F2><EE><F0><FB><E5> <E1><F3><E4><E5><F2> <EF><E5><F0><E5><E4><E0><E2><E0><F2><FC> <E7><E0> 1 <EF><F1><FB><EB><EA><F3> <F1><F2><E0><ED><E4><E0><F0><F2><ED><EE> 8 <ED><EE> <EC><EE><E6><E5><F2> <E1><FB><F2><FC> <E8> 9
                                                                                                                                                                                                                                                                                                                             ^
User/usart.c(28): warning: invalid UTF-8 in comment [-Winvalid-utf8]
  USART_InitStruct.USART_WordLength = USART_WordLength_8b; //<EA><EE><EB><E8><F7><E5><F1><F2><E2><EE> <E1><E8><F2> <E2> <F1><EB><EE><E2><E5> USART <EA><EE><F2><EE><F0><FB><E5> <E1><F3><E4><E5><F2> <EF><E5><F0><E5><E4><E0><E2><E0><F2><FC> <E7><E0> 1 <EF><F1><FB><EB><EA><F3> <F1><F2><E0><ED><E4><E0><F0><F2><ED><EE> 8 <ED><EE> <EC><EE><E6><E5><F2> <E1><FB><F2><FC> <E8> 9
                                                                                                                                                                                                                                                                                                                                      ^
User/usart.c(28): warning: invalid UTF-8 in comment [-Winvalid-utf8]
  USART_InitStruct.USART_WordLength = USART_WordLength_8b; //<EA><EE><EB><E8><F7><E5><F1><F2><E2><EE> <E1><E8><F2> <E2> <F1><EB><EE><E2><E5> USART <EA><EE><F2><EE><F0><FB><E5> <E1><F3><E4><E5><F2> <EF><E5><F0><E5><E4><E0><E2><E0><F2><FC> <E7><E0> 1 <EF><F1><FB><EB><EA><F3> <F1><F2><E0><ED><E4><E0><F0><F2><ED><EE> 8 <ED><EE> <EC><EE><E6><E5><F2> <E1><FB><F2><FC> <E8> 9
                                                                                                                                                                                                                                                                                                                                                           ^
User/usart.c(28): warning: invalid UTF-8 in comment [-Winvalid-utf8]
  USART_InitStruct.USART_WordLength = USART_WordLength_8b; //<EA><EE><EB><E8><F7><E5><F1><F2><E2><EE> <E1><E8><F2> <E2> <F1><EB><EE><E2><E5> USART <EA><EE><F2><EE><F0><FB><E5> <E1><F3><E4><E5><F2> <EF><E5><F0><E5><E4><E0><E2><E0><F2><FC> <E7><E0> 1 <EF><F1><FB><EB><EA><F3> <F1><F2><E0><ED><E4><E0><F0><F2><ED><EE> 8 <ED><EE> <EC><EE><E6><E5><F2> <E1><FB><F2><FC> <E8> 9
                                                                                                                                                                                                                                                                                                                                                                            ^
User/usart.c(29): warning: invalid UTF-8 in comment [-Winvalid-utf8]
  USART_InitStruct.USART_StopBits = USART_StopBits_1; //<F7><E5><EC> <E1><EE><EB><FC><F8><E5> <F1><F2><EE><EF><E1><E8><F2><EE><E2> <F2><E5><EC> <E2><FB><F8><E5> <ED><E0><E4><B8><E6><ED><EE><F1><F2><FC>, <F7><EC><E5><EC> <EC><E5><ED><FC><F8><E5> <F2><E5><EC> <E2><FB><F8><E5> <F1><EA><EE><F0><EE><F1><F2><FC> <EF><E5><F0><E5><E4><E0><F7><E8>
                                                        ^
User/usart.c(29): warning: invalid UTF-8 in comment [-Winvalid-utf8]
  USART_InitStruct.USART_StopBits = USART_StopBits_1; //<F7><E5><EC> <E1><EE><EB><FC><F8><E5> <F1><F2><EE><EF><E1><E8><F2><EE><E2> <F2><E5><EC> <E2><FB><F8><E5> <ED><E0><E4><B8><E6><ED><EE><F1><F2><FC>, <F7><EC><E5><EC> <EC><E5><ED><FC><F8><E5> <F2><E5><EC> <E2><FB><F8><E5> <F1><EA><EE><F0><EE><F1><F2><FC> <EF><E5><F0><E5><E4><E0><F7><E8>
                                                                     ^
User/usart.c(29): warning: invalid UTF-8 in comment [-Winvalid-utf8]
  USART_InitStruct.USART_StopBits = USART_StopBits_1; //<F7><E5><EC> <E1><EE><EB><FC><F8><E5> <F1><F2><EE><EF><E1><E8><F2><EE><E2> <F2><E5><EC> <E2><FB><F8><E5> <ED><E0><E4><B8><E6><ED><EE><F1><F2><FC>, <F7><EC><E5><EC> <EC><E5><ED><FC><F8><E5> <F2><E5><EC> <E2><FB><F8><E5> <F1><EA><EE><F0><EE><F1><F2><FC> <EF><E5><F0><E5><E4><E0><F7><E8>
                                                                                              ^
User/usart.c(29): warning: invalid UTF-8 in comment [-Winvalid-utf8]
  USART_InitStruct.USART_StopBits = USART_StopBits_1; //<F7><E5><EC> <E1><EE><EB><FC><F8><E5> <F1><F2><EE><EF><E1><E8><F2><EE><E2> <F2><E5><EC> <E2><FB><F8><E5> <ED><E0><E4><B8><E6><ED><EE><F1><F2><FC>, <F7><EC><E5><EC> <EC><E5><ED><FC><F8><E5> <F2><E5><EC> <E2><FB><F8><E5> <F1><EA><EE><F0><EE><F1><F2><FC> <EF><E5><F0><E5><E4><E0><F7><E8>
                                                                                                                                   ^
User/usart.c(29): warning: invalid UTF-8 in comment [-Winvalid-utf8]
  USART_InitStruct.USART_StopBits = USART_StopBits_1; //<F7><E5><EC> <E1><EE><EB><FC><F8><E5> <F1><F2><EE><EF><E1><E8><F2><EE><E2> <F2><E5><EC> <E2><FB><F8><E5> <ED><E0><E4><B8><E6><ED><EE><F1><F2><FC>, <F7><EC><E5><EC> <EC><E5><ED><FC><F8><E5> <F2><E5><EC> <E2><FB><F8><E5> <F1><EA><EE><F0><EE><F1><F2><FC> <EF><E5><F0><E5><E4><E0><F7><E8>
                                                                                                                                                ^
User/usart.c(29): warning: invalid UTF-8 in comment [-Winvalid-utf8]
  USART_InitStruct.USART_StopBits = USART_StopBits_1; //<F7><E5><EC> <E1><EE><EB><FC><F8><E5> <F1><F2><EE><EF><E1><E8><F2><EE><E2> <F2><E5><EC> <E2><FB><F8><E5> <ED><E0><E4><B8><E6><ED><EE><F1><F2><FC>, <F7><EC><E5><EC> <EC><E5><ED><FC><F8><E5> <F2><E5><EC> <E2><FB><F8><E5> <F1><EA><EE><F0><EE><F1><F2><FC> <EF><E5><F0><E5><E4><E0><F7><E8>
                                                                                                                                                                 ^
User/usart.c(29): warning: invalid UTF-8 in comment [-Winvalid-utf8]
  USART_InitStruct.USART_StopBits = USART_StopBits_1; //<F7><E5><EC> <E1><EE><EB><FC><F8><E5> <F1><F2><EE><EF><E1><E8><F2><EE><E2> <F2><E5><EC> <E2><FB><F8><E5> <ED><E0><E4><B8><E6><ED><EE><F1><F2><FC>, <F7><EC><E5><EC> <EC><E5><ED><FC><F8><E5> <F2><E5><EC> <E2><FB><F8><E5> <F1><EA><EE><F0><EE><F1><F2><FC> <EF><E5><F0><E5><E4><E0><F7><E8>
                                                                                                                                                                                                           ^
User/usart.c(29): warning: invalid UTF-8 in comment [-Winvalid-utf8]
  USART_InitStruct.USART_StopBits = USART_StopBits_1; //<F7><E5><EC> <E1><EE><EB><FC><F8><E5> <F1><F2><EE><EF><E1><E8><F2><EE><E2> <F2><E5><EC> <E2><FB><F8><E5> <ED><E0><E4><B8><E6><ED><EE><F1><F2><FC>, <F7><EC><E5><EC> <EC><E5><ED><FC><F8><E5> <F2><E5><EC> <E2><FB><F8><E5> <F1><EA><EE><F0><EE><F1><F2><FC> <EF><E5><F0><E5><E4><E0><F7><E8>
                                                                                                                                                                                                                            ^
User/usart.c(29): warning: invalid UTF-8 in comment [-Winvalid-utf8]
  USART_InitStruct.USART_StopBits = USART_StopBits_1; //<F7><E5><EC> <E1><EE><EB><FC><F8><E5> <F1><F2><EE><EF><E1><E8><F2><EE><E2> <F2><E5><EC> <E2><FB><F8><E5> <ED><E0><E4><B8><E6><ED><EE><F1><F2><FC>, <F7><EC><E5><EC> <EC><E5><ED><FC><F8><E5> <F2><E5><EC> <E2><FB><F8><E5> <F1><EA><EE><F0><EE><F1><F2><FC> <EF><E5><F0><E5><E4><E0><F7><E8>
                                                                                                                                                                                                                                                     ^
User/usart.c(29): warning: invalid UTF-8 in comment [-Winvalid-utf8]
  USART_InitStruct.USART_StopBits = USART_StopBits_1; //<F7><E5><EC> <E1><EE><EB><FC><F8><E5> <F1><F2><EE><EF><E1><E8><F2><EE><E2> <F2><E5><EC> <E2><FB><F8><E5> <ED><E0><E4><B8><E6><ED><EE><F1><F2><FC>, <F7><EC><E5><EC> <EC><E5><ED><FC><F8><E5> <F2><E5><EC> <E2><FB><F8><E5> <F1><EA><EE><F0><EE><F1><F2><FC> <EF><E5><F0><E5><E4><E0><F7><E8>
                                                                                                                                                                                                                                                                  ^
User/usart.c(29): warning: invalid UTF-8 in comment [-Winvalid-utf8]
  USART_InitStruct.USART_StopBits = USART_StopBits_1; //<F7><E5><EC> <E1><EE><EB><FC><F8><E5> <F1><F2><EE><EF><E1><E8><F2><EE><E2> <F2><E5><EC> <E2><FB><F8><E5> <ED><E0><E4><B8><E6><ED><EE><F1><F2><FC>, <F7><EC><E5><EC> <EC><E5><ED><FC><F8><E5> <F2><E5><EC> <E2><FB><F8><E5> <F1><EA><EE><F0><EE><F1><F2><FC> <EF><E5><F0><E5><E4><E0><F7><E8>
                                                                                                                                                                                                                                                                                   ^
User/usart.c(29): warning: invalid UTF-8 in comment [-Winvalid-utf8]
  USART_InitStruct.USART_StopBits = USART_StopBits_1; //<F7><E5><EC> <E1><EE><EB><FC><F8><E5> <F1><F2><EE><EF><E1><E8><F2><EE><E2> <F2><E5><EC> <E2><FB><F8><E5> <ED><E0><E4><B8><E6><ED><EE><F1><F2><FC>, <F7><EC><E5><EC> <EC><E5><ED><FC><F8><E5> <F2><E5><EC> <E2><FB><F8><E5> <F1><EA><EE><F0><EE><F1><F2><FC> <EF><E5><F0><E5><E4><E0><F7><E8>
                                                                                                                                                                                                                                                                                                                    ^
User/usart.c(30): warning: invalid UTF-8 in comment [-Winvalid-utf8]
  USART_InitStruct.USART_Parity = USART_Parity_No ; //<E1><E8><F2> <F7><B8><FC><ED><EE><F1><F2><E8> <ED><E5> <E8><F1><EF><EE><EB><FC><E7><F3><E5><F2><F1><FF>
                                                      ^
User/usart.c(30): warning: invalid UTF-8 in comment [-Winvalid-utf8]
  USART_InitStruct.USART_Parity = USART_Parity_No ; //<E1><E8><F2> <F7><B8><FC><ED><EE><F1><F2><E8> <ED><E5> <E8><F1><EF><EE><EB><FC><E7><F3><E5><F2><F1><FF>
                                                                   ^
User/usart.c(30): warning: invalid UTF-8 in comment [-Winvalid-utf8]
  USART_InitStruct.USART_Parity = USART_Parity_No ; //<E1><E8><F2> <F7><B8><FC><ED><EE><F1><F2><E8> <ED><E5> <E8><F1><EF><EE><EB><FC><E7><F3><E5><F2><F1><FF>
                                                                                                    ^
User/usart.c(30): warning: invalid UTF-8 in comment [-Winvalid-utf8]
  USART_InitStruct.USART_Parity = USART_Parity_No ; //<E1><E8><F2> <F7><B8><FC><ED><EE><F1><F2><E8> <ED><E5> <E8><F1><EF><EE><EB><FC><E7><F3><E5><F2><F1><FF>
                                                                                                             ^
User/usart.c(31): warning: invalid UTF-8 in comment [-Winvalid-utf8]
  USART_InitStruct.USART_Mode = USART_Mode_Rx | USART_Mode_Tx; //<F0><E5><E7><E8><EC> <F0><E0><E1><EE><F2><FB> <ED><E0> <EF><E5><F0><E5><E4><E0><F7><F3> <E8> <ED><E0> <EF><F0><E8><B8><EC>
                                                                 ^
User/usart.c(31): warning: invalid UTF-8 in comment [-Winvalid-utf8]
  USART_InitStruct.USART_Mode = USART_Mode_Rx | USART_Mode_Tx; //<F0><E5><E7><E8><EC> <F0><E0><E1><EE><F2><FB> <ED><E0> <EF><E5><F0><E5><E4><E0><F7><F3> <E8> <ED><E0> <EF><F0><E8><B8><EC>
                                                                                      ^
User/usart.c(31): warning: invalid UTF-8 in comment [-Winvalid-utf8]
  USART_InitStruct.USART_Mode = USART_Mode_Rx | USART_Mode_Tx; //<F0><E5><E7><E8><EC> <F0><E0><E1><EE><F2><FB> <ED><E0> <EF><E5><F0><E5><E4><E0><F7><F3> <E8> <ED><E0> <EF><F0><E8><B8><EC>
                                                                                                               ^
User/usart.c(31): warning: invalid UTF-8 in comment [-Winvalid-utf8]
  USART_InitStruct.USART_Mode = USART_Mode_Rx | USART_Mode_Tx; //<F0><E5><E7><E8><EC> <F0><E0><E1><EE><F2><FB> <ED><E0> <EF><E5><F0><E5><E4><E0><F7><F3> <E8> <ED><E0> <EF><F0><E8><B8><EC>
                                                                                                                        ^
User/usart.c(31): warning: invalid UTF-8 in comment [-Winvalid-utf8]
  USART_InitStruct.USART_Mode = USART_Mode_Rx | USART_Mode_Tx; //<F0><E5><E7><E8><EC> <F0><E0><E1><EE><F2><FB> <ED><E0> <EF><E5><F0><E5><E4><E0><F7><F3> <E8> <ED><E0> <EF><F0><E8><B8><EC>
                                                                                                                                                         ^
User/usart.c(31): warning: invalid UTF-8 in comment [-Winvalid-utf8]
  USART_InitStruct.USART_Mode = USART_Mode_Rx | USART_Mode_Tx; //<F0><E5><E7><E8><EC> <F0><E0><E1><EE><F2><FB> <ED><E0> <EF><E5><F0><E5><E4><E0><F7><F3> <E8> <ED><E0> <EF><F0><E8><B8><EC>
                                                                                                                                                              ^
User/usart.c(31): warning: invalid UTF-8 in comment [-Winvalid-utf8]
  USART_InitStruct.USART_Mode = USART_Mode_Rx | USART_Mode_Tx; //<F0><E5><E7><E8><EC> <F0><E0><E1><EE><F2><FB> <ED><E0> <EF><E5><F0><E5><E4><E0><F7><F3> <E8> <ED><E0> <EF><F0><E8><B8><EC>
                                                                                                                                                                       ^
User/usart.c(32): warning: invalid UTF-8 in comment [-Winvalid-utf8]
  USART_InitStruct.USART_HardwareFlowControl = USART_HardwareFlowControl_None; //<F3><EF><F0><E0><E2><EB><E5><ED><E8><E5> <EF><EE><F2><EE><EA><EE><EC> <ED><E5> <E8><F1><EF><EE><EB><FC><E7><F3><E5><F2><F1><FF>
                                                                                 ^
User/usart.c(32): warning: invalid UTF-8 in comment [-Winvalid-utf8]
  USART_InitStruct.USART_HardwareFlowControl = USART_HardwareFlowControl_None; //<F3><EF><F0><E0><E2><EB><E5><ED><E8><E5> <EF><EE><F2><EE><EA><EE><EC> <ED><E5> <E8><F1><EF><EE><EB><FC><E7><F3><E5><F2><F1><FF>
                                                                                                                          ^
User/usart.c(32): warning: invalid UTF-8 in comment [-Winvalid-utf8]
  USART_InitStruct.USART_HardwareFlowControl = USART_HardwareFlowControl_None; //<F3><EF><F0><E0><E2><EB><E5><ED><E8><E5> <EF><EE><F2><EE><EA><EE><EC> <ED><E5> <E8><F1><EF><EE><EB><FC><E7><F3><E5><F2><F1><FF>
                                                                                                                                                       ^
User/usart.c(32): warning: invalid UTF-8 in comment [-Winvalid-utf8]
  USART_InitStruct.USART_HardwareFlowControl = USART_HardwareFlowControl_None; //<F3><EF><F0><E0><E2><EB><E5><ED><E8><E5> <EF><EE><F2><EE><EA><EE><EC> <ED><E5> <E8><F1><EF><EE><EB><FC><E7><F3><E5><F2><F1><FF>
                                                                                                                                                                ^
165 warnings generated.
linking...
Program Size: Code=3330 RO-data=458 RW-data=4 ZI-data=2160  
".\Objects\lab7.axf" - 0 Error(s), 165 Warning(s).

<h2>Software Packages used:</h2>

Package Vendor: ARM
                http://www.keil.com/pack/ARM.CMSIS.5.9.0.pack
                ARM.CMSIS.5.9.0
                CMSIS (Common Microcontroller Software Interface Standard)
   * Component: CORE Version: 5.6.0

Package Vendor: Keil
                https://www.keil.com/pack/Keil.STM32F4xx_DFP.2.17.0.pack
                Keil.STM32F4xx_DFP.2.17.0
                STMicroelectronics STM32F4 Series Device Support, Drivers and Examples
   * Component: Startup Version: 2.6.3

<h2>Collection of Component include folders:</h2>
  ./RTE/_Target_1
  C:/Users/Evgen/AppData/Local/Arm/Packs/ARM/CMSIS/5.9.0/CMSIS/Core/Include
  C:/Users/Evgen/AppData/Local/Arm/Packs/Keil/STM32F4xx_DFP/2.17.0/Drivers/CMSIS/Device/ST/STM32F4xx/Include

<h2>Collection of Component Files used:</h2>

   * Component: ARM::CMSIS:CORE:5.6.0

   * Component: Keil::Device:Startup:2.6.3
      Source file:   MDK/Device/Source/ARM/STM32F40xxx_41xxx_OPT.s
      Source file:   MDK/Device/Source/ARM/STM32F4xx_OTP.s
      Include file:  Drivers/CMSIS/Device/ST/STM32F4xx/Include/stm32f4xx.h
      Source file:   Drivers/CMSIS/Device/ST/STM32F4xx/Source/Templates/arm/startup_stm32f407xx.s
      Source file:   Drivers/CMSIS/Device/ST/STM32F4xx/Source/Templates/system_stm32f4xx.c
Build Time Elapsed:  00:00:01
</pre>
</body>
</html>
