<html>
<body>
<pre>
<h1>µVision Build Log</h1>
<h2>Tool Versions:</h2>
IDE-Version: µVision V5.38.0.0
Copyright (C) 2022 ARM Ltd and ARM Germany GmbH. All rights reserved.
License Information: Evgeny Dotsenko, home, LIC=----
 
Tool Versions:
Toolchain:       MDK-Lite  Version: 5.38.0.0
Toolchain Path:  C:\Keil_v5\ARM\ARMCLANG\Bin
C Compiler:      ArmClang.exe V6.19
Assembler:       Armasm.exe V6.19
Linker/Locator:  ArmLink.exe V6.19
Library Manager: ArmAr.exe V6.19
Hex Converter:   FromElf.exe V6.19
CPU DLL:         SARMCM3.DLL V5.38.0.0
Dialog DLL:      DCM.DLL V1.17.5.0
Target DLL:      STLink\ST-LINKIII-KEIL_SWO.dll V3.1.0.0
Dialog DLL:      TCM.DLL V1.56.4.0
 
<h2>Project:</h2>
D:\MK\STM32\Lab12_Encoder\Lab12_Encoder.uvprojx
Project File Date:  05/17/2023

<h2>Output:</h2>
*** Using Compiler 'V6.19', folder: 'C:\Keil_v5\ARM\ARMCLANG\Bin'
Build target 'Target 1'
compiling main.c...
User/main.c(1): warning: In file included from...
./User/main.h(4): warning: In file included from...
./Pl\stm32f4xx.h(15): warning: invalid UTF-8 in comment [-Winvalid-utf8]
  *              - To use or not the peripheral<92>s drivers in application code(i.e. 
                                               ^
./Pl\stm32f4xx.h(16): warning: invalid UTF-8 in comment [-Winvalid-utf8]
  *                code will be based on direct access to peripheral<92>s registers 
                                                                    ^
./Pl\stm32f4xx.h(23): warning: invalid UTF-8 in comment [-Winvalid-utf8]
  *           - Macros to access peripheral<92>s registers hardware
                                           ^
User/main.c(1): warning: In file included from...
./User/main.h(4): warning: In file included from...
./Pl\stm32f4xx.h(12027): warning: In file included from...
./Pl/stm32f4xx_conf.h(34): warning: In file included from...
./Pl/inc\stm32f4xx_adc.h(38): warning: In file included from...
./Pl\stm32f4xx.h(15): warning: invalid UTF-8 in comment [-Winvalid-utf8]
  *              - To use or not the peripheral<92>s drivers in application code(i.e. 
                                               ^
./Pl\stm32f4xx.h(16): warning: invalid UTF-8 in comment [-Winvalid-utf8]
  *                code will be based on direct access to peripheral<92>s registers 
                                                                    ^
./Pl\stm32f4xx.h(23): warning: invalid UTF-8 in comment [-Winvalid-utf8]
  *           - Macros to access peripheral<92>s registers hardware
                                           ^
User/main.c(1): warning: In file included from...
./User/main.h(4): warning: In file included from...
./Pl\stm32f4xx.h(12027): warning: In file included from...
./Pl/stm32f4xx_conf.h(35): warning: In file included from...
./Pl/inc\stm32f4xx_crc.h(38): warning: In file included from...
./Pl\stm32f4xx.h(15): warning: invalid UTF-8 in comment [-Winvalid-utf8]
  *              - To use or not the peripheral<92>s drivers in application code(i.e. 
                                               ^
./Pl\stm32f4xx.h(16): warning: invalid UTF-8 in comment [-Winvalid-utf8]
  *                code will be based on direct access to peripheral<92>s registers 
                                                                    ^
./Pl\stm32f4xx.h(23): warning: invalid UTF-8 in comment [-Winvalid-utf8]
  *           - Macros to access peripheral<92>s registers hardware
                                           ^
User/main.c(1): warning: In file included from...
./User/main.h(4): warning: In file included from...
./Pl\stm32f4xx.h(12027): warning: In file included from...
./Pl/stm32f4xx_conf.h(36): warning: In file included from...
./Pl/inc\stm32f4xx_dbgmcu.h(37): warning: In file included from...
./Pl\stm32f4xx.h(15): warning: invalid UTF-8 in comment [-Winvalid-utf8]
  *              - To use or not the peripheral<92>s drivers in application code(i.e. 
                                               ^
./Pl\stm32f4xx.h(16): warning: invalid UTF-8 in comment [-Winvalid-utf8]
  *                code will be based on direct access to peripheral<92>s registers 
                                                                    ^
./Pl\stm32f4xx.h(23): warning: invalid UTF-8 in comment [-Winvalid-utf8]
  *           - Macros to access peripheral<92>s registers hardware
                                           ^
User/main.c(1): warning: In file included from...
./User/main.h(4): warning: In file included from...
./Pl\stm32f4xx.h(12027): warning: In file included from...
./Pl/stm32f4xx_conf.h(37): warning: In file included from...
./Pl/inc\stm32f4xx_dma.h(38): warning: In file included from...
./Pl\stm32f4xx.h(15): warning: invalid UTF-8 in comment [-Winvalid-utf8]
  *              - To use or not the peripheral<92>s drivers in application code(i.e. 
                                               ^
./Pl\stm32f4xx.h(16): warning: invalid UTF-8 in comment [-Winvalid-utf8]
  *                code will be based on direct access to peripheral<92>s registers 
                                                                    ^
./Pl\stm32f4xx.h(23): warning: invalid UTF-8 in comment [-Winvalid-utf8]
  *           - Macros to access peripheral<92>s registers hardware
                                           ^
User/main.c(1): warning: In file included from...
./User/main.h(4): warning: In file included from...
./Pl\stm32f4xx.h(12027): warning: In file included from...
./Pl/stm32f4xx_conf.h(38): warning: In file included from...
./Pl/inc\stm32f4xx_exti.h(38): warning: In file included from...
./Pl\stm32f4xx.h(15): warning: invalid UTF-8 in comment [-Winvalid-utf8]
  *              - To use or not the peripheral<92>s drivers in application code(i.e. 
                                               ^
./Pl\stm32f4xx.h(16): warning: invalid UTF-8 in comment [-Winvalid-utf8]
  *                code will be based on direct access to peripheral<92>s registers 
                                                                    ^
./Pl\stm32f4xx.h(23): warning: invalid UTF-8 in comment [-Winvalid-utf8]
  *           - Macros to access peripheral<92>s registers hardware
                                           ^
User/main.c(1): warning: In file included from...
./User/main.h(4): warning: In file included from...
./Pl\stm32f4xx.h(12027): warning: In file included from...
./Pl/stm32f4xx_conf.h(39): warning: In file included from...
./Pl/inc\stm32f4xx_flash.h(38): warning: In file included from...
./Pl\stm32f4xx.h(15): warning: invalid UTF-8 in comment [-Winvalid-utf8]
  *              - To use or not the peripheral<92>s drivers in application code(i.e. 
                                               ^
./Pl\stm32f4xx.h(16): warning: invalid UTF-8 in comment [-Winvalid-utf8]
  *                code will be based on direct access to peripheral<92>s registers 
                                                                    ^
./Pl\stm32f4xx.h(23): warning: invalid UTF-8 in comment [-Winvalid-utf8]
  *           - Macros to access peripheral<92>s registers hardware
                                           ^
User/main.c(1): warning: In file included from...
./User/main.h(4): warning: In file included from...
./Pl\stm32f4xx.h(12027): warning: In file included from...
./Pl/stm32f4xx_conf.h(40): warning: In file included from...
./Pl/inc\stm32f4xx_gpio.h(38): warning: In file included from...
./Pl\stm32f4xx.h(15): warning: invalid UTF-8 in comment [-Winvalid-utf8]
  *              - To use or not the peripheral<92>s drivers in application code(i.e. 
                                               ^
./Pl\stm32f4xx.h(16): warning: invalid UTF-8 in comment [-Winvalid-utf8]
  *                code will be based on direct access to peripheral<92>s registers 
                                                                    ^
./Pl\stm32f4xx.h(23): warning: invalid UTF-8 in comment [-Winvalid-utf8]
  *           - Macros to access peripheral<92>s registers hardware
                                           ^
User/main.c(1): warning: In file included from...
./User/main.h(4): warning: In file included from...
./Pl\stm32f4xx.h(12027): warning: In file included from...
./Pl/stm32f4xx_conf.h(41): warning: In file included from...
./Pl/inc\stm32f4xx_i2c.h(38): warning: In file included from...
./Pl\stm32f4xx.h(15): warning: invalid UTF-8 in comment [-Winvalid-utf8]
  *              - To use or not the peripheral<92>s drivers in application code(i.e. 
                                               ^
./Pl\stm32f4xx.h(16): warning: invalid UTF-8 in comment [-Winvalid-utf8]
  *                code will be based on direct access to peripheral<92>s registers 
                                                                    ^
./Pl\stm32f4xx.h(23): warning: invalid UTF-8 in comment [-Winvalid-utf8]
  *           - Macros to access peripheral<92>s registers hardware
                                           ^
User/main.c(1): warning: In file included from...
./User/main.h(4): warning: In file included from...
./Pl\stm32f4xx.h(12027): warning: In file included from...
./Pl/stm32f4xx_conf.h(42): warning: In file included from...
./Pl/inc\stm32f4xx_iwdg.h(38): warning: In file included from...
./Pl\stm32f4xx.h(15): warning: invalid UTF-8 in comment [-Winvalid-utf8]
  *              - To use or not the peripheral<92>s drivers in application code(i.e. 
                                               ^
./Pl\stm32f4xx.h(16): warning: invalid UTF-8 in comment [-Winvalid-utf8]
  *                code will be based on direct access to peripheral<92>s registers 
                                                                    ^
./Pl\stm32f4xx.h(23): warning: invalid UTF-8 in comment [-Winvalid-utf8]
  *           - Macros to access peripheral<92>s registers hardware
                                           ^
User/main.c(1): warning: In file included from...
./User/main.h(4): warning: In file included from...
./Pl\stm32f4xx.h(12027): warning: In file included from...
./Pl/stm32f4xx_conf.h(43): warning: In file included from...
./Pl/inc\stm32f4xx_pwr.h(38): warning: In file included from...
./Pl\stm32f4xx.h(15): warning: invalid UTF-8 in comment [-Winvalid-utf8]
  *              - To use or not the peripheral<92>s drivers in application code(i.e. 
                                               ^
./Pl\stm32f4xx.h(16): warning: invalid UTF-8 in comment [-Winvalid-utf8]
  *                code will be based on direct access to peripheral<92>s registers 
                                                                    ^
./Pl\stm32f4xx.h(23): warning: invalid UTF-8 in comment [-Winvalid-utf8]
  *           - Macros to access peripheral<92>s registers hardware
                                           ^
User/main.c(1): warning: In file included from...
./User/main.h(4): warning: In file included from...
./Pl\stm32f4xx.h(12027): warning: In file included from...
./Pl/stm32f4xx_conf.h(44): warning: In file included from...
./Pl/inc\stm32f4xx_rcc.h(37): warning: In file included from...
./Pl\stm32f4xx.h(15): warning: invalid UTF-8 in comment [-Winvalid-utf8]
  *              - To use or not the peripheral<92>s drivers in application code(i.e. 
                                               ^
./Pl\stm32f4xx.h(16): warning: invalid UTF-8 in comment [-Winvalid-utf8]
  *                code will be based on direct access to peripheral<92>s registers 
                                                                    ^
./Pl\stm32f4xx.h(23): warning: invalid UTF-8 in comment [-Winvalid-utf8]
  *           - Macros to access peripheral<92>s registers hardware
                                           ^
User/main.c(1): warning: In file included from...
./User/main.h(4): warning: In file included from...
./Pl\stm32f4xx.h(12027): warning: In file included from...
./Pl/stm32f4xx_conf.h(45): warning: In file included from...
./Pl/inc\stm32f4xx_rtc.h(38): warning: In file included from...
./Pl\stm32f4xx.h(15): warning: invalid UTF-8 in comment [-Winvalid-utf8]
  *              - To use or not the peripheral<92>s drivers in application code(i.e. 
                                               ^
./Pl\stm32f4xx.h(16): warning: invalid UTF-8 in comment [-Winvalid-utf8]
  *                code will be based on direct access to peripheral<92>s registers 
                                                                    ^
./Pl\stm32f4xx.h(23): warning: invalid UTF-8 in comment [-Winvalid-utf8]
  *           - Macros to access peripheral<92>s registers hardware
                                           ^
User/main.c(1): warning: In file included from...
./User/main.h(4): warning: In file included from...
./Pl\stm32f4xx.h(12027): warning: In file included from...
./Pl/stm32f4xx_conf.h(46): warning: In file included from...
./Pl/inc\stm32f4xx_sdio.h(38): warning: In file included from...
./Pl\stm32f4xx.h(15): warning: invalid UTF-8 in comment [-Winvalid-utf8]
  *              - To use or not the peripheral<92>s drivers in application code(i.e. 
                                               ^
./Pl\stm32f4xx.h(16): warning: invalid UTF-8 in comment [-Winvalid-utf8]
  *                code will be based on direct access to peripheral<92>s registers 
                                                                    ^
./Pl\stm32f4xx.h(23): warning: invalid UTF-8 in comment [-Winvalid-utf8]
  *           - Macros to access peripheral<92>s registers hardware
                                           ^
User/main.c(1): warning: In file included from...
./User/main.h(4): warning: In file included from...
./Pl\stm32f4xx.h(12027): warning: In file included from...
./Pl/stm32f4xx_conf.h(47): warning: In file included from...
./Pl/inc\stm32f4xx_spi.h(38): warning: In file included from...
./Pl\stm32f4xx.h(15): warning: invalid UTF-8 in comment [-Winvalid-utf8]
  *              - To use or not the peripheral<92>s drivers in application code(i.e. 
                                               ^
./Pl\stm32f4xx.h(16): warning: invalid UTF-8 in comment [-Winvalid-utf8]
  *                code will be based on direct access to peripheral<92>s registers 
                                                                    ^
./Pl\stm32f4xx.h(23): warning: invalid UTF-8 in comment [-Winvalid-utf8]
  *           - Macros to access peripheral<92>s registers hardware
                                           ^
User/main.c(1): warning: In file included from...
./User/main.h(4): warning: In file included from...
./Pl\stm32f4xx.h(12027): warning: In file included from...
./Pl/stm32f4xx_conf.h(48): warning: In file included from...
./Pl/inc\stm32f4xx_syscfg.h(38): warning: In file included from...
./Pl\stm32f4xx.h(15): warning: invalid UTF-8 in comment [-Winvalid-utf8]
  *              - To use or not the peripheral<92>s drivers in application code(i.e. 
                                               ^
./Pl\stm32f4xx.h(16): warning: invalid UTF-8 in comment [-Winvalid-utf8]
  *                code will be based on direct access to peripheral<92>s registers 
                                                                    ^
./Pl\stm32f4xx.h(23): warning: invalid UTF-8 in comment [-Winvalid-utf8]
  *           - Macros to access peripheral<92>s registers hardware
                                           ^
User/main.c(1): warning: In file included from...
./User/main.h(4): warning: In file included from...
./Pl\stm32f4xx.h(12027): warning: In file included from...
./Pl/stm32f4xx_conf.h(49): warning: In file included from...
./Pl/inc\stm32f4xx_tim.h(38): warning: In file included from...
./Pl\stm32f4xx.h(15): warning: invalid UTF-8 in comment [-Winvalid-utf8]
  *              - To use or not the peripheral<92>s drivers in application code(i.e. 
                                               ^
./Pl\stm32f4xx.h(16): warning: invalid UTF-8 in comment [-Winvalid-utf8]
  *                code will be based on direct access to peripheral<92>s registers 
                                                                    ^
./Pl\stm32f4xx.h(23): warning: invalid UTF-8 in comment [-Winvalid-utf8]
  *           - Macros to access peripheral<92>s registers hardware
                                           ^
User/main.c(1): warning: In file included from...
./User/main.h(4): warning: In file included from...
./Pl\stm32f4xx.h(12027): warning: In file included from...
./Pl/stm32f4xx_conf.h(50): warning: In file included from...
./Pl/inc\stm32f4xx_usart.h(38): warning: In file included from...
./Pl\stm32f4xx.h(15): warning: invalid UTF-8 in comment [-Winvalid-utf8]
  *              - To use or not the peripheral<92>s drivers in application code(i.e. 
                                               ^
./Pl\stm32f4xx.h(16): warning: invalid UTF-8 in comment [-Winvalid-utf8]
  *                code will be based on direct access to peripheral<92>s registers 
                                                                    ^
./Pl\stm32f4xx.h(23): warning: invalid UTF-8 in comment [-Winvalid-utf8]
  *           - Macros to access peripheral<92>s registers hardware
                                           ^
User/main.c(1): warning: In file included from...
./User/main.h(4): warning: In file included from...
./Pl\stm32f4xx.h(12027): warning: In file included from...
./Pl/stm32f4xx_conf.h(51): warning: In file included from...
./Pl/inc\stm32f4xx_wwdg.h(38): warning: In file included from...
./Pl\stm32f4xx.h(15): warning: invalid UTF-8 in comment [-Winvalid-utf8]
  *              - To use or not the peripheral<92>s drivers in application code(i.e. 
                                               ^
./Pl\stm32f4xx.h(16): warning: invalid UTF-8 in comment [-Winvalid-utf8]
  *                code will be based on direct access to peripheral<92>s registers 
                                                                    ^
./Pl\stm32f4xx.h(23): warning: invalid UTF-8 in comment [-Winvalid-utf8]
  *           - Macros to access peripheral<92>s registers hardware
                                           ^
User/main.c(1): warning: In file included from...
./User/main.h(4): warning: In file included from...
./Pl\stm32f4xx.h(12027): warning: In file included from...
./Pl/stm32f4xx_conf.h(52): warning: In file included from...
./Pl/inc\misc.h(38): warning: In file included from...
./Pl\stm32f4xx.h(15): warning: invalid UTF-8 in comment [-Winvalid-utf8]
  *              - To use or not the peripheral<92>s drivers in application code(i.e. 
                                               ^
./Pl\stm32f4xx.h(16): warning: invalid UTF-8 in comment [-Winvalid-utf8]
  *                code will be based on direct access to peripheral<92>s registers 
                                                                    ^
./Pl\stm32f4xx.h(23): warning: invalid UTF-8 in comment [-Winvalid-utf8]
  *           - Macros to access peripheral<92>s registers hardware
                                           ^
User/main.c(1): warning: In file included from...
./User/main.h(4): warning: In file included from...
./Pl\stm32f4xx.h(12027): warning: In file included from...
./Pl/stm32f4xx_conf.h(80): warning: In file included from...
./Pl/inc\stm32f4xx_cryp.h(38): warning: In file included from...
./Pl\stm32f4xx.h(15): warning: invalid UTF-8 in comment [-Winvalid-utf8]
  *              - To use or not the peripheral<92>s drivers in application code(i.e. 
                                               ^
./Pl\stm32f4xx.h(16): warning: invalid UTF-8 in comment [-Winvalid-utf8]
  *                code will be based on direct access to peripheral<92>s registers 
                                                                    ^
./Pl\stm32f4xx.h(23): warning: invalid UTF-8 in comment [-Winvalid-utf8]
  *           - Macros to access peripheral<92>s registers hardware
                                           ^
User/main.c(1): warning: In file included from...
./User/main.h(4): warning: In file included from...
./Pl\stm32f4xx.h(12027): warning: In file included from...
./Pl/stm32f4xx_conf.h(81): warning: In file included from...
./Pl/inc\stm32f4xx_hash.h(38): warning: In file included from...
./Pl\stm32f4xx.h(15): warning: invalid UTF-8 in comment [-Winvalid-utf8]
  *              - To use or not the peripheral<92>s drivers in application code(i.e. 
                                               ^
./Pl\stm32f4xx.h(16): warning: invalid UTF-8 in comment [-Winvalid-utf8]
  *                code will be based on direct access to peripheral<92>s registers 
                                                                    ^
./Pl\stm32f4xx.h(23): warning: invalid UTF-8 in comment [-Winvalid-utf8]
  *           - Macros to access peripheral<92>s registers hardware
                                           ^
User/main.c(1): warning: In file included from...
./User/main.h(4): warning: In file included from...
./Pl\stm32f4xx.h(12027): warning: In file included from...
./Pl/stm32f4xx_conf.h(82): warning: In file included from...
./Pl/inc\stm32f4xx_rng.h(38): warning: In file included from...
./Pl\stm32f4xx.h(15): warning: invalid UTF-8 in comment [-Winvalid-utf8]
  *              - To use or not the peripheral<92>s drivers in application code(i.e. 
                                               ^
./Pl\stm32f4xx.h(16): warning: invalid UTF-8 in comment [-Winvalid-utf8]
  *                code will be based on direct access to peripheral<92>s registers 
                                                                    ^
./Pl\stm32f4xx.h(23): warning: invalid UTF-8 in comment [-Winvalid-utf8]
  *           - Macros to access peripheral<92>s registers hardware
                                           ^
User/main.c(1): warning: In file included from...
./User/main.h(4): warning: In file included from...
./Pl\stm32f4xx.h(12027): warning: In file included from...
./Pl/stm32f4xx_conf.h(83): warning: In file included from...
./Pl/inc\stm32f4xx_can.h(38): warning: In file included from...
./Pl\stm32f4xx.h(15): warning: invalid UTF-8 in comment [-Winvalid-utf8]
  *              - To use or not the peripheral<92>s drivers in application code(i.e. 
                                               ^
./Pl\stm32f4xx.h(16): warning: invalid UTF-8 in comment [-Winvalid-utf8]
  *                code will be based on direct access to peripheral<92>s registers 
                                                                    ^
./Pl\stm32f4xx.h(23): warning: invalid UTF-8 in comment [-Winvalid-utf8]
  *           - Macros to access peripheral<92>s registers hardware
                                           ^
User/main.c(1): warning: In file included from...
./User/main.h(4): warning: In file included from...
./Pl\stm32f4xx.h(12027): warning: In file included from...
./Pl/stm32f4xx_conf.h(84): warning: In file included from...
./Pl/inc\stm32f4xx_dac.h(38): warning: In file included from...
./Pl\stm32f4xx.h(15): warning: invalid UTF-8 in comment [-Winvalid-utf8]
  *              - To use or not the peripheral<92>s drivers in application code(i.e. 
                                               ^
./Pl\stm32f4xx.h(16): warning: invalid UTF-8 in comment [-Winvalid-utf8]
  *                code will be based on direct access to peripheral<92>s registers 
                                                                    ^
./Pl\stm32f4xx.h(23): warning: invalid UTF-8 in comment [-Winvalid-utf8]
  *           - Macros to access peripheral<92>s registers hardware
                                           ^
User/main.c(1): warning: In file included from...
./User/main.h(4): warning: In file included from...
./Pl\stm32f4xx.h(12027): warning: In file included from...
./Pl/stm32f4xx_conf.h(85): warning: In file included from...
./Pl/inc\stm32f4xx_dcmi.h(37): warning: In file included from...
./Pl\stm32f4xx.h(15): warning: invalid UTF-8 in comment [-Winvalid-utf8]
  *              - To use or not the peripheral<92>s drivers in application code(i.e. 
                                               ^
./Pl\stm32f4xx.h(16): warning: invalid UTF-8 in comment [-Winvalid-utf8]
  *                code will be based on direct access to peripheral<92>s registers 
                                                                    ^
./Pl\stm32f4xx.h(23): warning: invalid UTF-8 in comment [-Winvalid-utf8]
  *           - Macros to access peripheral<92>s registers hardware
                                           ^
User/main.c(1): warning: In file included from...
./User/main.h(4): warning: In file included from...
./Pl\stm32f4xx.h(12027): warning: In file included from...
./Pl/stm32f4xx_conf.h(86): warning: In file included from...
./Pl/inc\stm32f4xx_fsmc.h(38): warning: In file included from...
./Pl\stm32f4xx.h(15): warning: invalid UTF-8 in comment [-Winvalid-utf8]
  *              - To use or not the peripheral<92>s drivers in application code(i.e. 
                                               ^
./Pl\stm32f4xx.h(16): warning: invalid UTF-8 in comment [-Winvalid-utf8]
  *                code will be based on direct access to peripheral<92>s registers 
                                                                    ^
./Pl\stm32f4xx.h(23): warning: invalid UTF-8 in comment [-Winvalid-utf8]
  *           - Macros to access peripheral<92>s registers hardware
                                           ^
User/main.c(1): warning: In file included from...
./User/main.h(8): warning: In file included from...
./User/LED_init.h(6): warning: invalid UTF-8 in comment [-Winvalid-utf8]
#define OFF_All_LEDs GPIO_ResetBits(GPIOD, GPIO_Pin_12|GPIO_Pin_13|GPIO_Pin_14|GPIO_Pin_15); //<F3><F1><F2><E0><ED><E0><E2><EB><E8><E2><E0><E5><EC> <ED><E8><E7><EA><E8><E9> <F3><F0><EE><E2><E5><ED><FC> <ED><E0><EF><F0><FF><E6><E5><ED><E8><FF> 0 <ED><E0> <ED><EE><E6><EA><E8> <F1><E2><E5><F2><EE><E4><E8><EE><E4><EE><E2> PD12/13/14/15
                                                                                               ^
./User/LED_init.h(6): warning: invalid UTF-8 in comment [-Winvalid-utf8]
#define OFF_All_LEDs GPIO_ResetBits(GPIOD, GPIO_Pin_12|GPIO_Pin_13|GPIO_Pin_14|GPIO_Pin_15); //<F3><F1><F2><E0><ED><E0><E2><EB><E8><E2><E0><E5><EC> <ED><E8><E7><EA><E8><E9> <F3><F0><EE><E2><E5><ED><FC> <ED><E0><EF><F0><FF><E6><E5><ED><E8><FF> 0 <ED><E0> <ED><EE><E6><EA><E8> <F1><E2><E5><F2><EE><E4><E8><EE><E4><EE><E2> PD12/13/14/15
                                                                                                                                                    ^
./User/LED_init.h(6): warning: invalid UTF-8 in comment [-Winvalid-utf8]
#define OFF_All_LEDs GPIO_ResetBits(GPIOD, GPIO_Pin_12|GPIO_Pin_13|GPIO_Pin_14|GPIO_Pin_15); //<F3><F1><F2><E0><ED><E0><E2><EB><E8><E2><E0><E5><EC> <ED><E8><E7><EA><E8><E9> <F3><F0><EE><E2><E5><ED><FC> <ED><E0><EF><F0><FF><E6><E5><ED><E8><FF> 0 <ED><E0> <ED><EE><E6><EA><E8> <F1><E2><E5><F2><EE><E4><E8><EE><E4><EE><E2> PD12/13/14/15
                                                                                                                                                                             ^
./User/LED_init.h(6): warning: invalid UTF-8 in comment [-Winvalid-utf8]
#define OFF_All_LEDs GPIO_ResetBits(GPIOD, GPIO_Pin_12|GPIO_Pin_13|GPIO_Pin_14|GPIO_Pin_15); //<F3><F1><F2><E0><ED><E0><E2><EB><E8><E2><E0><E5><EC> <ED><E8><E7><EA><E8><E9> <F3><F0><EE><E2><E5><ED><FC> <ED><E0><EF><F0><FF><E6><E5><ED><E8><FF> 0 <ED><E0> <ED><EE><E6><EA><E8> <F1><E2><E5><F2><EE><E4><E8><EE><E4><EE><E2> PD12/13/14/15
                                                                                                                                                                                                          ^
./User/LED_init.h(6): warning: invalid UTF-8 in comment [-Winvalid-utf8]
#define OFF_All_LEDs GPIO_ResetBits(GPIOD, GPIO_Pin_12|GPIO_Pin_13|GPIO_Pin_14|GPIO_Pin_15); //<F3><F1><F2><E0><ED><E0><E2><EB><E8><E2><E0><E5><EC> <ED><E8><E7><EA><E8><E9> <F3><F0><EE><E2><E5><ED><FC> <ED><E0><EF><F0><FF><E6><E5><ED><E8><FF> 0 <ED><E0> <ED><EE><E6><EA><E8> <F1><E2><E5><F2><EE><E4><E8><EE><E4><EE><E2> PD12/13/14/15
                                                                                                                                                                                                                                                     ^
./User/LED_init.h(6): warning: invalid UTF-8 in comment [-Winvalid-utf8]
#define OFF_All_LEDs GPIO_ResetBits(GPIOD, GPIO_Pin_12|GPIO_Pin_13|GPIO_Pin_14|GPIO_Pin_15); //<F3><F1><F2><E0><ED><E0><E2><EB><E8><E2><E0><E5><EC> <ED><E8><E7><EA><E8><E9> <F3><F0><EE><E2><E5><ED><FC> <ED><E0><EF><F0><FF><E6><E5><ED><E8><FF> 0 <ED><E0> <ED><EE><E6><EA><E8> <F1><E2><E5><F2><EE><E4><E8><EE><E4><EE><E2> PD12/13/14/15
                                                                                                                                                                                                                                                              ^
./User/LED_init.h(6): warning: invalid UTF-8 in comment [-Winvalid-utf8]
#define OFF_All_LEDs GPIO_ResetBits(GPIOD, GPIO_Pin_12|GPIO_Pin_13|GPIO_Pin_14|GPIO_Pin_15); //<F3><F1><F2><E0><ED><E0><E2><EB><E8><E2><E0><E5><EC> <ED><E8><E7><EA><E8><E9> <F3><F0><EE><E2><E5><ED><FC> <ED><E0><EF><F0><FF><E6><E5><ED><E8><FF> 0 <ED><E0> <ED><EE><E6><EA><E8> <F1><E2><E5><F2><EE><E4><E8><EE><E4><EE><E2> PD12/13/14/15
                                                                                                                                                                                                                                                                                   ^
./User/LED_init.h(7): warning: invalid UTF-8 in comment [-Winvalid-utf8]
#define ON_All_LEDs GPIO_SetBits(GPIOD, GPIO_Pin_12|GPIO_Pin_13|GPIO_Pin_14|GPIO_Pin_15); //<F3><F1><F2><E0><ED><E0><E2><EB><E8><E2><E0><E5><EC> <E2><FB><F1><EE><EA><E8><E9> <F3><F0><EE><E2><E5><ED><FC> <ED><E0><EF><F0><FF><E6><E5><ED><E8><FF> 1 <ED><E0> <ED><EE><E6><EA><E8> <F1><E2><E5><F2><EE><E4><E8><EE><E4><EE><E2> PD12/13/14/15
                                                                                            ^
./User/LED_init.h(7): warning: invalid UTF-8 in comment [-Winvalid-utf8]
#define ON_All_LEDs GPIO_SetBits(GPIOD, GPIO_Pin_12|GPIO_Pin_13|GPIO_Pin_14|GPIO_Pin_15); //<F3><F1><F2><E0><ED><E0><E2><EB><E8><E2><E0><E5><EC> <E2><FB><F1><EE><EA><E8><E9> <F3><F0><EE><E2><E5><ED><FC> <ED><E0><EF><F0><FF><E6><E5><ED><E8><FF> 1 <ED><E0> <ED><EE><E6><EA><E8> <F1><E2><E5><F2><EE><E4><E8><EE><E4><EE><E2> PD12/13/14/15
                                                                                                                                                 ^
./User/LED_init.h(7): warning: invalid UTF-8 in comment [-Winvalid-utf8]
#define ON_All_LEDs GPIO_SetBits(GPIOD, GPIO_Pin_12|GPIO_Pin_13|GPIO_Pin_14|GPIO_Pin_15); //<F3><F1><F2><E0><ED><E0><E2><EB><E8><E2><E0><E5><EC> <E2><FB><F1><EE><EA><E8><E9> <F3><F0><EE><E2><E5><ED><FC> <ED><E0><EF><F0><FF><E6><E5><ED><E8><FF> 1 <ED><E0> <ED><EE><E6><EA><E8> <F1><E2><E5><F2><EE><E4><E8><EE><E4><EE><E2> PD12/13/14/15
                                                                                                                                                                              ^
./User/LED_init.h(7): warning: invalid UTF-8 in comment [-Winvalid-utf8]
#define ON_All_LEDs GPIO_SetBits(GPIOD, GPIO_Pin_12|GPIO_Pin_13|GPIO_Pin_14|GPIO_Pin_15); //<F3><F1><F2><E0><ED><E0><E2><EB><E8><E2><E0><E5><EC> <E2><FB><F1><EE><EA><E8><E9> <F3><F0><EE><E2><E5><ED><FC> <ED><E0><EF><F0><FF><E6><E5><ED><E8><FF> 1 <ED><E0> <ED><EE><E6><EA><E8> <F1><E2><E5><F2><EE><E4><E8><EE><E4><EE><E2> PD12/13/14/15
                                                                                                                                                                                                           ^
./User/LED_init.h(7): warning: invalid UTF-8 in comment [-Winvalid-utf8]
#define ON_All_LEDs GPIO_SetBits(GPIOD, GPIO_Pin_12|GPIO_Pin_13|GPIO_Pin_14|GPIO_Pin_15); //<F3><F1><F2><E0><ED><E0><E2><EB><E8><E2><E0><E5><EC> <E2><FB><F1><EE><EA><E8><E9> <F3><F0><EE><E2><E5><ED><FC> <ED><E0><EF><F0><FF><E6><E5><ED><E8><FF> 1 <ED><E0> <ED><EE><E6><EA><E8> <F1><E2><E5><F2><EE><E4><E8><EE><E4><EE><E2> PD12/13/14/15
                                                                                                                                                                                                                                                      ^
./User/LED_init.h(7): warning: invalid UTF-8 in comment [-Winvalid-utf8]
#define ON_All_LEDs GPIO_SetBits(GPIOD, GPIO_Pin_12|GPIO_Pin_13|GPIO_Pin_14|GPIO_Pin_15); //<F3><F1><F2><E0><ED><E0><E2><EB><E8><E2><E0><E5><EC> <E2><FB><F1><EE><EA><E8><E9> <F3><F0><EE><E2><E5><ED><FC> <ED><E0><EF><F0><FF><E6><E5><ED><E8><FF> 1 <ED><E0> <ED><EE><E6><EA><E8> <F1><E2><E5><F2><EE><E4><E8><EE><E4><EE><E2> PD12/13/14/15
                                                                                                                                                                                                                                                               ^
./User/LED_init.h(7): warning: invalid UTF-8 in comment [-Winvalid-utf8]
#define ON_All_LEDs GPIO_SetBits(GPIOD, GPIO_Pin_12|GPIO_Pin_13|GPIO_Pin_14|GPIO_Pin_15); //<F3><F1><F2><E0><ED><E0><E2><EB><E8><E2><E0><E5><EC> <E2><FB><F1><EE><EA><E8><E9> <F3><F0><EE><E2><E5><ED><FC> <ED><E0><EF><F0><FF><E6><E5><ED><E8><FF> 1 <ED><E0> <ED><EE><E6><EA><E8> <F1><E2><E5><F2><EE><E4><E8><EE><E4><EE><E2> PD12/13/14/15
                                                                                                                                                                                                                                                                                    ^
./User/LED_init.h(9): warning: invalid UTF-8 in comment [-Winvalid-utf8]
#define Green_ON GPIO_SetBits(GPIOD, GPIO_Pin_12); //<F3><F1><F2><E0><ED><E0><E2><EB><E8><E2><E0><E5><EC> <E2><FB><F1><EE><EA><E8><E9> <F3><F0><EE><E2><E5><ED><FC> <ED><E0><EF><F0><FF><E6><E5><ED><E8><FF> 1 <ED><E0> <ED><EE><E6><EA><E5> <F1><E2><E5><F2><EE><E4><E8><EE><E4><E0> PD12
                                                     ^
./User/LED_init.h(9): warning: invalid UTF-8 in comment [-Winvalid-utf8]
#define Green_ON GPIO_SetBits(GPIOD, GPIO_Pin_12); //<F3><F1><F2><E0><ED><E0><E2><EB><E8><E2><E0><E5><EC> <E2><FB><F1><EE><EA><E8><E9> <F3><F0><EE><E2><E5><ED><FC> <ED><E0><EF><F0><FF><E6><E5><ED><E8><FF> 1 <ED><E0> <ED><EE><E6><EA><E5> <F1><E2><E5><F2><EE><E4><E8><EE><E4><E0> PD12
                                                                                                          ^
./User/LED_init.h(9): warning: invalid UTF-8 in comment [-Winvalid-utf8]
#define Green_ON GPIO_SetBits(GPIOD, GPIO_Pin_12); //<F3><F1><F2><E0><ED><E0><E2><EB><E8><E2><E0><E5><EC> <E2><FB><F1><EE><EA><E8><E9> <F3><F0><EE><E2><E5><ED><FC> <ED><E0><EF><F0><FF><E6><E5><ED><E8><FF> 1 <ED><E0> <ED><EE><E6><EA><E5> <F1><E2><E5><F2><EE><E4><E8><EE><E4><E0> PD12
                                                                                                                                       ^
./User/LED_init.h(9): warning: invalid UTF-8 in comment [-Winvalid-utf8]
#define Green_ON GPIO_SetBits(GPIOD, GPIO_Pin_12); //<F3><F1><F2><E0><ED><E0><E2><EB><E8><E2><E0><E5><EC> <E2><FB><F1><EE><EA><E8><E9> <F3><F0><EE><E2><E5><ED><FC> <ED><E0><EF><F0><FF><E6><E5><ED><E8><FF> 1 <ED><E0> <ED><EE><E6><EA><E5> <F1><E2><E5><F2><EE><E4><E8><EE><E4><E0> PD12
                                                                                                                                                                    ^
./User/LED_init.h(9): warning: invalid UTF-8 in comment [-Winvalid-utf8]
#define Green_ON GPIO_SetBits(GPIOD, GPIO_Pin_12); //<F3><F1><F2><E0><ED><E0><E2><EB><E8><E2><E0><E5><EC> <E2><FB><F1><EE><EA><E8><E9> <F3><F0><EE><E2><E5><ED><FC> <ED><E0><EF><F0><FF><E6><E5><ED><E8><FF> 1 <ED><E0> <ED><EE><E6><EA><E5> <F1><E2><E5><F2><EE><E4><E8><EE><E4><E0> PD12
                                                                                                                                                                                                               ^
./User/LED_init.h(9): warning: invalid UTF-8 in comment [-Winvalid-utf8]
#define Green_ON GPIO_SetBits(GPIOD, GPIO_Pin_12); //<F3><F1><F2><E0><ED><E0><E2><EB><E8><E2><E0><E5><EC> <E2><FB><F1><EE><EA><E8><E9> <F3><F0><EE><E2><E5><ED><FC> <ED><E0><EF><F0><FF><E6><E5><ED><E8><FF> 1 <ED><E0> <ED><EE><E6><EA><E5> <F1><E2><E5><F2><EE><E4><E8><EE><E4><E0> PD12
                                                                                                                                                                                                                        ^
./User/LED_init.h(9): warning: invalid UTF-8 in comment [-Winvalid-utf8]
#define Green_ON GPIO_SetBits(GPIOD, GPIO_Pin_12); //<F3><F1><F2><E0><ED><E0><E2><EB><E8><E2><E0><E5><EC> <E2><FB><F1><EE><EA><E8><E9> <F3><F0><EE><E2><E5><ED><FC> <ED><E0><EF><F0><FF><E6><E5><ED><E8><FF> 1 <ED><E0> <ED><EE><E6><EA><E5> <F1><E2><E5><F2><EE><E4><E8><EE><E4><E0> PD12
                                                                                                                                                                                                                                             ^
./User/LED_init.h(10): warning: invalid UTF-8 in comment [-Winvalid-utf8]
#define Green_OFF GPIO_ResetBits(GPIOD, GPIO_Pin_12); //<F3><F1><F2><E0><ED><E0><E2><EB><E8><E2><E0><E5><EC> <ED><E8><E7><EA><E8><E9> <F3><F0><EE><E2><E5><ED><FC> <ED><E0><EF><F0><FF><E6><E5><ED><E8><FF> 0 <ED><E0> <ED><EE><E6><EA><E5> <F1><E2><E5><F2><EE><E4><E8><EE><E4><E0> PD12
                                                        ^
./User/LED_init.h(10): warning: invalid UTF-8 in comment [-Winvalid-utf8]
#define Green_OFF GPIO_ResetBits(GPIOD, GPIO_Pin_12); //<F3><F1><F2><E0><ED><E0><E2><EB><E8><E2><E0><E5><EC> <ED><E8><E7><EA><E8><E9> <F3><F0><EE><E2><E5><ED><FC> <ED><E0><EF><F0><FF><E6><E5><ED><E8><FF> 0 <ED><E0> <ED><EE><E6><EA><E5> <F1><E2><E5><F2><EE><E4><E8><EE><E4><E0> PD12
                                                                                                             ^
./User/LED_init.h(10): warning: invalid UTF-8 in comment [-Winvalid-utf8]
#define Green_OFF GPIO_ResetBits(GPIOD, GPIO_Pin_12); //<F3><F1><F2><E0><ED><E0><E2><EB><E8><E2><E0><E5><EC> <ED><E8><E7><EA><E8><E9> <F3><F0><EE><E2><E5><ED><FC> <ED><E0><EF><F0><FF><E6><E5><ED><E8><FF> 0 <ED><E0> <ED><EE><E6><EA><E5> <F1><E2><E5><F2><EE><E4><E8><EE><E4><E0> PD12
                                                                                                                                      ^
./User/LED_init.h(10): warning: invalid UTF-8 in comment [-Winvalid-utf8]
#define Green_OFF GPIO_ResetBits(GPIOD, GPIO_Pin_12); //<F3><F1><F2><E0><ED><E0><E2><EB><E8><E2><E0><E5><EC> <ED><E8><E7><EA><E8><E9> <F3><F0><EE><E2><E5><ED><FC> <ED><E0><EF><F0><FF><E6><E5><ED><E8><FF> 0 <ED><E0> <ED><EE><E6><EA><E5> <F1><E2><E5><F2><EE><E4><E8><EE><E4><E0> PD12
                                                                                                                                                                   ^
./User/LED_init.h(10): warning: invalid UTF-8 in comment [-Winvalid-utf8]
#define Green_OFF GPIO_ResetBits(GPIOD, GPIO_Pin_12); //<F3><F1><F2><E0><ED><E0><E2><EB><E8><E2><E0><E5><EC> <ED><E8><E7><EA><E8><E9> <F3><F0><EE><E2><E5><ED><FC> <ED><E0><EF><F0><FF><E6><E5><ED><E8><FF> 0 <ED><E0> <ED><EE><E6><EA><E5> <F1><E2><E5><F2><EE><E4><E8><EE><E4><E0> PD12
                                                                                                                                                                                                              ^
./User/LED_init.h(10): warning: invalid UTF-8 in comment [-Winvalid-utf8]
#define Green_OFF GPIO_ResetBits(GPIOD, GPIO_Pin_12); //<F3><F1><F2><E0><ED><E0><E2><EB><E8><E2><E0><E5><EC> <ED><E8><E7><EA><E8><E9> <F3><F0><EE><E2><E5><ED><FC> <ED><E0><EF><F0><FF><E6><E5><ED><E8><FF> 0 <ED><E0> <ED><EE><E6><EA><E5> <F1><E2><E5><F2><EE><E4><E8><EE><E4><E0> PD12
                                                                                                                                                                                                                       ^
./User/LED_init.h(10): warning: invalid UTF-8 in comment [-Winvalid-utf8]
#define Green_OFF GPIO_ResetBits(GPIOD, GPIO_Pin_12); //<F3><F1><F2><E0><ED><E0><E2><EB><E8><E2><E0><E5><EC> <ED><E8><E7><EA><E8><E9> <F3><F0><EE><E2><E5><ED><FC> <ED><E0><EF><F0><FF><E6><E5><ED><E8><FF> 0 <ED><E0> <ED><EE><E6><EA><E5> <F1><E2><E5><F2><EE><E4><E8><EE><E4><E0> PD12
                                                                                                                                                                                                                                            ^
./User/LED_init.h(12): warning: invalid UTF-8 in comment [-Winvalid-utf8]
#define Yellow_ON GPIO_SetBits(GPIOD, GPIO_Pin_13); //<F3><F1><F2><E0><ED><E0><E2><EB><E8><E2><E0><E5><EC> <E2><FB><F1><EE><EA><E8><E9> <F3><F0><EE><E2><E5><ED><FC> <ED><E0><EF><F0><FF><E6><E5><ED><E8><FF> 1 <ED><E0> <ED><EE><E6><EA><E5> <F1><E2><E5><F2><EE><E4><E8><EE><E4><E0> PD13
                                                      ^
./User/LED_init.h(12): warning: invalid UTF-8 in comment [-Winvalid-utf8]
#define Yellow_ON GPIO_SetBits(GPIOD, GPIO_Pin_13); //<F3><F1><F2><E0><ED><E0><E2><EB><E8><E2><E0><E5><EC> <E2><FB><F1><EE><EA><E8><E9> <F3><F0><EE><E2><E5><ED><FC> <ED><E0><EF><F0><FF><E6><E5><ED><E8><FF> 1 <ED><E0> <ED><EE><E6><EA><E5> <F1><E2><E5><F2><EE><E4><E8><EE><E4><E0> PD13
                                                                                                           ^
./User/LED_init.h(12): warning: invalid UTF-8 in comment [-Winvalid-utf8]
#define Yellow_ON GPIO_SetBits(GPIOD, GPIO_Pin_13); //<F3><F1><F2><E0><ED><E0><E2><EB><E8><E2><E0><E5><EC> <E2><FB><F1><EE><EA><E8><E9> <F3><F0><EE><E2><E5><ED><FC> <ED><E0><EF><F0><FF><E6><E5><ED><E8><FF> 1 <ED><E0> <ED><EE><E6><EA><E5> <F1><E2><E5><F2><EE><E4><E8><EE><E4><E0> PD13
                                                                                                                                        ^
./User/LED_init.h(12): warning: invalid UTF-8 in comment [-Winvalid-utf8]
#define Yellow_ON GPIO_SetBits(GPIOD, GPIO_Pin_13); //<F3><F1><F2><E0><ED><E0><E2><EB><E8><E2><E0><E5><EC> <E2><FB><F1><EE><EA><E8><E9> <F3><F0><EE><E2><E5><ED><FC> <ED><E0><EF><F0><FF><E6><E5><ED><E8><FF> 1 <ED><E0> <ED><EE><E6><EA><E5> <F1><E2><E5><F2><EE><E4><E8><EE><E4><E0> PD13
                                                                                                                                                                     ^
./User/LED_init.h(12): warning: invalid UTF-8 in comment [-Winvalid-utf8]
#define Yellow_ON GPIO_SetBits(GPIOD, GPIO_Pin_13); //<F3><F1><F2><E0><ED><E0><E2><EB><E8><E2><E0><E5><EC> <E2><FB><F1><EE><EA><E8><E9> <F3><F0><EE><E2><E5><ED><FC> <ED><E0><EF><F0><FF><E6><E5><ED><E8><FF> 1 <ED><E0> <ED><EE><E6><EA><E5> <F1><E2><E5><F2><EE><E4><E8><EE><E4><E0> PD13
                                                                                                                                                                                                                ^
./User/LED_init.h(12): warning: invalid UTF-8 in comment [-Winvalid-utf8]
#define Yellow_ON GPIO_SetBits(GPIOD, GPIO_Pin_13); //<F3><F1><F2><E0><ED><E0><E2><EB><E8><E2><E0><E5><EC> <E2><FB><F1><EE><EA><E8><E9> <F3><F0><EE><E2><E5><ED><FC> <ED><E0><EF><F0><FF><E6><E5><ED><E8><FF> 1 <ED><E0> <ED><EE><E6><EA><E5> <F1><E2><E5><F2><EE><E4><E8><EE><E4><E0> PD13
                                                                                                                                                                                                                         ^
./User/LED_init.h(12): warning: invalid UTF-8 in comment [-Winvalid-utf8]
#define Yellow_ON GPIO_SetBits(GPIOD, GPIO_Pin_13); //<F3><F1><F2><E0><ED><E0><E2><EB><E8><E2><E0><E5><EC> <E2><FB><F1><EE><EA><E8><E9> <F3><F0><EE><E2><E5><ED><FC> <ED><E0><EF><F0><FF><E6><E5><ED><E8><FF> 1 <ED><E0> <ED><EE><E6><EA><E5> <F1><E2><E5><F2><EE><E4><E8><EE><E4><E0> PD13
                                                                                                                                                                                                                                              ^
./User/LED_init.h(13): warning: invalid UTF-8 in comment [-Winvalid-utf8]
#define Yellow_OFF GPIO_ResetBits(GPIOD, GPIO_Pin_13); //<F3><F1><F2><E0><ED><E0><E2><EB><E8><E2><E0><E5><EC> <ED><E8><E7><EA><E8><E9> <F3><F0><EE><E2><E5><ED><FC> <ED><E0><EF><F0><FF><E6><E5><ED><E8><FF> 0 <ED><E0> <ED><EE><E6><EA><E5> <F1><E2><E5><F2><EE><E4><E8><EE><E4><E0> PD13
                                                         ^
./User/LED_init.h(13): warning: invalid UTF-8 in comment [-Winvalid-utf8]
#define Yellow_OFF GPIO_ResetBits(GPIOD, GPIO_Pin_13); //<F3><F1><F2><E0><ED><E0><E2><EB><E8><E2><E0><E5><EC> <ED><E8><E7><EA><E8><E9> <F3><F0><EE><E2><E5><ED><FC> <ED><E0><EF><F0><FF><E6><E5><ED><E8><FF> 0 <ED><E0> <ED><EE><E6><EA><E5> <F1><E2><E5><F2><EE><E4><E8><EE><E4><E0> PD13
                                                                                                              ^
./User/LED_init.h(13): warning: invalid UTF-8 in comment [-Winvalid-utf8]
#define Yellow_OFF GPIO_ResetBits(GPIOD, GPIO_Pin_13); //<F3><F1><F2><E0><ED><E0><E2><EB><E8><E2><E0><E5><EC> <ED><E8><E7><EA><E8><E9> <F3><F0><EE><E2><E5><ED><FC> <ED><E0><EF><F0><FF><E6><E5><ED><E8><FF> 0 <ED><E0> <ED><EE><E6><EA><E5> <F1><E2><E5><F2><EE><E4><E8><EE><E4><E0> PD13
                                                                                                                                       ^
./User/LED_init.h(13): warning: invalid UTF-8 in comment [-Winvalid-utf8]
#define Yellow_OFF GPIO_ResetBits(GPIOD, GPIO_Pin_13); //<F3><F1><F2><E0><ED><E0><E2><EB><E8><E2><E0><E5><EC> <ED><E8><E7><EA><E8><E9> <F3><F0><EE><E2><E5><ED><FC> <ED><E0><EF><F0><FF><E6><E5><ED><E8><FF> 0 <ED><E0> <ED><EE><E6><EA><E5> <F1><E2><E5><F2><EE><E4><E8><EE><E4><E0> PD13
                                                                                                                                                                    ^
./User/LED_init.h(13): warning: invalid UTF-8 in comment [-Winvalid-utf8]
#define Yellow_OFF GPIO_ResetBits(GPIOD, GPIO_Pin_13); //<F3><F1><F2><E0><ED><E0><E2><EB><E8><E2><E0><E5><EC> <ED><E8><E7><EA><E8><E9> <F3><F0><EE><E2><E5><ED><FC> <ED><E0><EF><F0><FF><E6><E5><ED><E8><FF> 0 <ED><E0> <ED><EE><E6><EA><E5> <F1><E2><E5><F2><EE><E4><E8><EE><E4><E0> PD13
                                                                                                                                                                                                               ^
./User/LED_init.h(13): warning: invalid UTF-8 in comment [-Winvalid-utf8]
#define Yellow_OFF GPIO_ResetBits(GPIOD, GPIO_Pin_13); //<F3><F1><F2><E0><ED><E0><E2><EB><E8><E2><E0><E5><EC> <ED><E8><E7><EA><E8><E9> <F3><F0><EE><E2><E5><ED><FC> <ED><E0><EF><F0><FF><E6><E5><ED><E8><FF> 0 <ED><E0> <ED><EE><E6><EA><E5> <F1><E2><E5><F2><EE><E4><E8><EE><E4><E0> PD13
                                                                                                                                                                                                                        ^
./User/LED_init.h(13): warning: invalid UTF-8 in comment [-Winvalid-utf8]
#define Yellow_OFF GPIO_ResetBits(GPIOD, GPIO_Pin_13); //<F3><F1><F2><E0><ED><E0><E2><EB><E8><E2><E0><E5><EC> <ED><E8><E7><EA><E8><E9> <F3><F0><EE><E2><E5><ED><FC> <ED><E0><EF><F0><FF><E6><E5><ED><E8><FF> 0 <ED><E0> <ED><EE><E6><EA><E5> <F1><E2><E5><F2><EE><E4><E8><EE><E4><E0> PD13
                                                                                                                                                                                                                                             ^
./User/LED_init.h(15): warning: invalid UTF-8 in comment [-Winvalid-utf8]
#define Red_ON GPIO_SetBits(GPIOD, GPIO_Pin_14); //<F3><F1><F2><E0><ED><E0><E2><EB><E8><E2><E0><E5><EC> <E2><FB><F1><EE><EA><E8><E9> <F3><F0><EE><E2><E5><ED><FC> <ED><E0><EF><F0><FF><E6><E5><ED><E8><FF> 1 <ED><E0> <ED><EE><E6><EA><E5> <F1><E2><E5><F2><EE><E4><E8><EE><E4><E0> PD14
                                                   ^
./User/LED_init.h(15): warning: invalid UTF-8 in comment [-Winvalid-utf8]
#define Red_ON GPIO_SetBits(GPIOD, GPIO_Pin_14); //<F3><F1><F2><E0><ED><E0><E2><EB><E8><E2><E0><E5><EC> <E2><FB><F1><EE><EA><E8><E9> <F3><F0><EE><E2><E5><ED><FC> <ED><E0><EF><F0><FF><E6><E5><ED><E8><FF> 1 <ED><E0> <ED><EE><E6><EA><E5> <F1><E2><E5><F2><EE><E4><E8><EE><E4><E0> PD14
                                                                                                        ^
./User/LED_init.h(15): warning: invalid UTF-8 in comment [-Winvalid-utf8]
#define Red_ON GPIO_SetBits(GPIOD, GPIO_Pin_14); //<F3><F1><F2><E0><ED><E0><E2><EB><E8><E2><E0><E5><EC> <E2><FB><F1><EE><EA><E8><E9> <F3><F0><EE><E2><E5><ED><FC> <ED><E0><EF><F0><FF><E6><E5><ED><E8><FF> 1 <ED><E0> <ED><EE><E6><EA><E5> <F1><E2><E5><F2><EE><E4><E8><EE><E4><E0> PD14
                                                                                                                                     ^
./User/LED_init.h(15): warning: invalid UTF-8 in comment [-Winvalid-utf8]
#define Red_ON GPIO_SetBits(GPIOD, GPIO_Pin_14); //<F3><F1><F2><E0><ED><E0><E2><EB><E8><E2><E0><E5><EC> <E2><FB><F1><EE><EA><E8><E9> <F3><F0><EE><E2><E5><ED><FC> <ED><E0><EF><F0><FF><E6><E5><ED><E8><FF> 1 <ED><E0> <ED><EE><E6><EA><E5> <F1><E2><E5><F2><EE><E4><E8><EE><E4><E0> PD14
                                                                                                                                                                  ^
./User/LED_init.h(15): warning: invalid UTF-8 in comment [-Winvalid-utf8]
#define Red_ON GPIO_SetBits(GPIOD, GPIO_Pin_14); //<F3><F1><F2><E0><ED><E0><E2><EB><E8><E2><E0><E5><EC> <E2><FB><F1><EE><EA><E8><E9> <F3><F0><EE><E2><E5><ED><FC> <ED><E0><EF><F0><FF><E6><E5><ED><E8><FF> 1 <ED><E0> <ED><EE><E6><EA><E5> <F1><E2><E5><F2><EE><E4><E8><EE><E4><E0> PD14
                                                                                                                                                                                                             ^
./User/LED_init.h(15): warning: invalid UTF-8 in comment [-Winvalid-utf8]
#define Red_ON GPIO_SetBits(GPIOD, GPIO_Pin_14); //<F3><F1><F2><E0><ED><E0><E2><EB><E8><E2><E0><E5><EC> <E2><FB><F1><EE><EA><E8><E9> <F3><F0><EE><E2><E5><ED><FC> <ED><E0><EF><F0><FF><E6><E5><ED><E8><FF> 1 <ED><E0> <ED><EE><E6><EA><E5> <F1><E2><E5><F2><EE><E4><E8><EE><E4><E0> PD14
                                                                                                                                                                                                                      ^
./User/LED_init.h(15): warning: invalid UTF-8 in comment [-Winvalid-utf8]
#define Red_ON GPIO_SetBits(GPIOD, GPIO_Pin_14); //<F3><F1><F2><E0><ED><E0><E2><EB><E8><E2><E0><E5><EC> <E2><FB><F1><EE><EA><E8><E9> <F3><F0><EE><E2><E5><ED><FC> <ED><E0><EF><F0><FF><E6><E5><ED><E8><FF> 1 <ED><E0> <ED><EE><E6><EA><E5> <F1><E2><E5><F2><EE><E4><E8><EE><E4><E0> PD14
                                                                                                                                                                                                                                           ^
./User/LED_init.h(16): warning: invalid UTF-8 in comment [-Winvalid-utf8]
#define Red_OFF GPIO_ResetBits(GPIOD, GPIO_Pin_14); //<F3><F1><F2><E0><ED><E0><E2><EB><E8><E2><E0><E5><EC> <ED><E8><E7><EA><E8><E9> <F3><F0><EE><E2><E5><ED><FC> <ED><E0><EF><F0><FF><E6><E5><ED><E8><FF> 0 <ED><E0> <ED><EE><E6><EA><E5> <F1><E2><E5><F2><EE><E4><E8><EE><E4><E0> PD14
                                                      ^
./User/LED_init.h(16): warning: invalid UTF-8 in comment [-Winvalid-utf8]
#define Red_OFF GPIO_ResetBits(GPIOD, GPIO_Pin_14); //<F3><F1><F2><E0><ED><E0><E2><EB><E8><E2><E0><E5><EC> <ED><E8><E7><EA><E8><E9> <F3><F0><EE><E2><E5><ED><FC> <ED><E0><EF><F0><FF><E6><E5><ED><E8><FF> 0 <ED><E0> <ED><EE><E6><EA><E5> <F1><E2><E5><F2><EE><E4><E8><EE><E4><E0> PD14
                                                                                                           ^
./User/LED_init.h(16): warning: invalid UTF-8 in comment [-Winvalid-utf8]
#define Red_OFF GPIO_ResetBits(GPIOD, GPIO_Pin_14); //<F3><F1><F2><E0><ED><E0><E2><EB><E8><E2><E0><E5><EC> <ED><E8><E7><EA><E8><E9> <F3><F0><EE><E2><E5><ED><FC> <ED><E0><EF><F0><FF><E6><E5><ED><E8><FF> 0 <ED><E0> <ED><EE><E6><EA><E5> <F1><E2><E5><F2><EE><E4><E8><EE><E4><E0> PD14
                                                                                                                                    ^
./User/LED_init.h(16): warning: invalid UTF-8 in comment [-Winvalid-utf8]
#define Red_OFF GPIO_ResetBits(GPIOD, GPIO_Pin_14); //<F3><F1><F2><E0><ED><E0><E2><EB><E8><E2><E0><E5><EC> <ED><E8><E7><EA><E8><E9> <F3><F0><EE><E2><E5><ED><FC> <ED><E0><EF><F0><FF><E6><E5><ED><E8><FF> 0 <ED><E0> <ED><EE><E6><EA><E5> <F1><E2><E5><F2><EE><E4><E8><EE><E4><E0> PD14
                                                                                                                                                                 ^
./User/LED_init.h(16): warning: invalid UTF-8 in comment [-Winvalid-utf8]
#define Red_OFF GPIO_ResetBits(GPIOD, GPIO_Pin_14); //<F3><F1><F2><E0><ED><E0><E2><EB><E8><E2><E0><E5><EC> <ED><E8><E7><EA><E8><E9> <F3><F0><EE><E2><E5><ED><FC> <ED><E0><EF><F0><FF><E6><E5><ED><E8><FF> 0 <ED><E0> <ED><EE><E6><EA><E5> <F1><E2><E5><F2><EE><E4><E8><EE><E4><E0> PD14
                                                                                                                                                                                                            ^
./User/LED_init.h(16): warning: invalid UTF-8 in comment [-Winvalid-utf8]
#define Red_OFF GPIO_ResetBits(GPIOD, GPIO_Pin_14); //<F3><F1><F2><E0><ED><E0><E2><EB><E8><E2><E0><E5><EC> <ED><E8><E7><EA><E8><E9> <F3><F0><EE><E2><E5><ED><FC> <ED><E0><EF><F0><FF><E6><E5><ED><E8><FF> 0 <ED><E0> <ED><EE><E6><EA><E5> <F1><E2><E5><F2><EE><E4><E8><EE><E4><E0> PD14
                                                                                                                                                                                                                     ^
./User/LED_init.h(16): warning: invalid UTF-8 in comment [-Winvalid-utf8]
#define Red_OFF GPIO_ResetBits(GPIOD, GPIO_Pin_14); //<F3><F1><F2><E0><ED><E0><E2><EB><E8><E2><E0><E5><EC> <ED><E8><E7><EA><E8><E9> <F3><F0><EE><E2><E5><ED><FC> <ED><E0><EF><F0><FF><E6><E5><ED><E8><FF> 0 <ED><E0> <ED><EE><E6><EA><E5> <F1><E2><E5><F2><EE><E4><E8><EE><E4><E0> PD14
                                                                                                                                                                                                                                          ^
./User/LED_init.h(18): warning: invalid UTF-8 in comment [-Winvalid-utf8]
#define Blue_ON GPIO_SetBits(GPIOD, GPIO_Pin_15); //<F3><F1><F2><E0><ED><E0><E2><EB><E8><E2><E0><E5><EC> <E2><FB><F1><EE><EA><E8><E9> <F3><F0><EE><E2><E5><ED><FC> <ED><E0><EF><F0><FF><E6><E5><ED><E8><FF> 1 <ED><E0> <ED><EE><E6><EA><E5> <F1><E2><E5><F2><EE><E4><E8><EE><E4><E0> PD15
                                                    ^
./User/LED_init.h(18): warning: invalid UTF-8 in comment [-Winvalid-utf8]
#define Blue_ON GPIO_SetBits(GPIOD, GPIO_Pin_15); //<F3><F1><F2><E0><ED><E0><E2><EB><E8><E2><E0><E5><EC> <E2><FB><F1><EE><EA><E8><E9> <F3><F0><EE><E2><E5><ED><FC> <ED><E0><EF><F0><FF><E6><E5><ED><E8><FF> 1 <ED><E0> <ED><EE><E6><EA><E5> <F1><E2><E5><F2><EE><E4><E8><EE><E4><E0> PD15
                                                                                                         ^
./User/LED_init.h(18): warning: invalid UTF-8 in comment [-Winvalid-utf8]
#define Blue_ON GPIO_SetBits(GPIOD, GPIO_Pin_15); //<F3><F1><F2><E0><ED><E0><E2><EB><E8><E2><E0><E5><EC> <E2><FB><F1><EE><EA><E8><E9> <F3><F0><EE><E2><E5><ED><FC> <ED><E0><EF><F0><FF><E6><E5><ED><E8><FF> 1 <ED><E0> <ED><EE><E6><EA><E5> <F1><E2><E5><F2><EE><E4><E8><EE><E4><E0> PD15
                                                                                                                                      ^
./User/LED_init.h(18): warning: invalid UTF-8 in comment [-Winvalid-utf8]
#define Blue_ON GPIO_SetBits(GPIOD, GPIO_Pin_15); //<F3><F1><F2><E0><ED><E0><E2><EB><E8><E2><E0><E5><EC> <E2><FB><F1><EE><EA><E8><E9> <F3><F0><EE><E2><E5><ED><FC> <ED><E0><EF><F0><FF><E6><E5><ED><E8><FF> 1 <ED><E0> <ED><EE><E6><EA><E5> <F1><E2><E5><F2><EE><E4><E8><EE><E4><E0> PD15
                                                                                                                                                                   ^
./User/LED_init.h(18): warning: invalid UTF-8 in comment [-Winvalid-utf8]
#define Blue_ON GPIO_SetBits(GPIOD, GPIO_Pin_15); //<F3><F1><F2><E0><ED><E0><E2><EB><E8><E2><E0><E5><EC> <E2><FB><F1><EE><EA><E8><E9> <F3><F0><EE><E2><E5><ED><FC> <ED><E0><EF><F0><FF><E6><E5><ED><E8><FF> 1 <ED><E0> <ED><EE><E6><EA><E5> <F1><E2><E5><F2><EE><E4><E8><EE><E4><E0> PD15
                                                                                                                                                                                                              ^
./User/LED_init.h(18): warning: invalid UTF-8 in comment [-Winvalid-utf8]
#define Blue_ON GPIO_SetBits(GPIOD, GPIO_Pin_15); //<F3><F1><F2><E0><ED><E0><E2><EB><E8><E2><E0><E5><EC> <E2><FB><F1><EE><EA><E8><E9> <F3><F0><EE><E2><E5><ED><FC> <ED><E0><EF><F0><FF><E6><E5><ED><E8><FF> 1 <ED><E0> <ED><EE><E6><EA><E5> <F1><E2><E5><F2><EE><E4><E8><EE><E4><E0> PD15
                                                                                                                                                                                                                       ^
./User/LED_init.h(18): warning: invalid UTF-8 in comment [-Winvalid-utf8]
#define Blue_ON GPIO_SetBits(GPIOD, GPIO_Pin_15); //<F3><F1><F2><E0><ED><E0><E2><EB><E8><E2><E0><E5><EC> <E2><FB><F1><EE><EA><E8><E9> <F3><F0><EE><E2><E5><ED><FC> <ED><E0><EF><F0><FF><E6><E5><ED><E8><FF> 1 <ED><E0> <ED><EE><E6><EA><E5> <F1><E2><E5><F2><EE><E4><E8><EE><E4><E0> PD15
                                                                                                                                                                                                                                            ^
./User/LED_init.h(19): warning: invalid UTF-8 in comment [-Winvalid-utf8]
#define Blue_OFF GPIO_ResetBits(GPIOD, GPIO_Pin_15); //<F3><F1><F2><E0><ED><E0><E2><EB><E8><E2><E0><E5><EC> <ED><E8><E7><EA><E8><E9> <F3><F0><EE><E2><E5><ED><FC> <ED><E0><EF><F0><FF><E6><E5><ED><E8><FF> 0 <ED><E0> <ED><EE><E6><EA><E5> <F1><E2><E5><F2><EE><E4><E8><EE><E4><E0> PD15
                                                       ^
./User/LED_init.h(19): warning: invalid UTF-8 in comment [-Winvalid-utf8]
#define Blue_OFF GPIO_ResetBits(GPIOD, GPIO_Pin_15); //<F3><F1><F2><E0><ED><E0><E2><EB><E8><E2><E0><E5><EC> <ED><E8><E7><EA><E8><E9> <F3><F0><EE><E2><E5><ED><FC> <ED><E0><EF><F0><FF><E6><E5><ED><E8><FF> 0 <ED><E0> <ED><EE><E6><EA><E5> <F1><E2><E5><F2><EE><E4><E8><EE><E4><E0> PD15
                                                                                                            ^
./User/LED_init.h(19): warning: invalid UTF-8 in comment [-Winvalid-utf8]
#define Blue_OFF GPIO_ResetBits(GPIOD, GPIO_Pin_15); //<F3><F1><F2><E0><ED><E0><E2><EB><E8><E2><E0><E5><EC> <ED><E8><E7><EA><E8><E9> <F3><F0><EE><E2><E5><ED><FC> <ED><E0><EF><F0><FF><E6><E5><ED><E8><FF> 0 <ED><E0> <ED><EE><E6><EA><E5> <F1><E2><E5><F2><EE><E4><E8><EE><E4><E0> PD15
                                                                                                                                     ^
./User/LED_init.h(19): warning: invalid UTF-8 in comment [-Winvalid-utf8]
#define Blue_OFF GPIO_ResetBits(GPIOD, GPIO_Pin_15); //<F3><F1><F2><E0><ED><E0><E2><EB><E8><E2><E0><E5><EC> <ED><E8><E7><EA><E8><E9> <F3><F0><EE><E2><E5><ED><FC> <ED><E0><EF><F0><FF><E6><E5><ED><E8><FF> 0 <ED><E0> <ED><EE><E6><EA><E5> <F1><E2><E5><F2><EE><E4><E8><EE><E4><E0> PD15
                                                                                                                                                                  ^
./User/LED_init.h(19): warning: invalid UTF-8 in comment [-Winvalid-utf8]
#define Blue_OFF GPIO_ResetBits(GPIOD, GPIO_Pin_15); //<F3><F1><F2><E0><ED><E0><E2><EB><E8><E2><E0><E5><EC> <ED><E8><E7><EA><E8><E9> <F3><F0><EE><E2><E5><ED><FC> <ED><E0><EF><F0><FF><E6><E5><ED><E8><FF> 0 <ED><E0> <ED><EE><E6><EA><E5> <F1><E2><E5><F2><EE><E4><E8><EE><E4><E0> PD15
                                                                                                                                                                                                             ^
./User/LED_init.h(19): warning: invalid UTF-8 in comment [-Winvalid-utf8]
#define Blue_OFF GPIO_ResetBits(GPIOD, GPIO_Pin_15); //<F3><F1><F2><E0><ED><E0><E2><EB><E8><E2><E0><E5><EC> <ED><E8><E7><EA><E8><E9> <F3><F0><EE><E2><E5><ED><FC> <ED><E0><EF><F0><FF><E6><E5><ED><E8><FF> 0 <ED><E0> <ED><EE><E6><EA><E5> <F1><E2><E5><F2><EE><E4><E8><EE><E4><E0> PD15
                                                                                                                                                                                                                      ^
./User/LED_init.h(19): warning: invalid UTF-8 in comment [-Winvalid-utf8]
#define Blue_OFF GPIO_ResetBits(GPIOD, GPIO_Pin_15); //<F3><F1><F2><E0><ED><E0><E2><EB><E8><E2><E0><E5><EC> <ED><E8><E7><EA><E8><E9> <F3><F0><EE><E2><E5><ED><FC> <ED><E0><EF><F0><FF><E6><E5><ED><E8><FF> 0 <ED><E0> <ED><EE><E6><EA><E5> <F1><E2><E5><F2><EE><E4><E8><EE><E4><E0> PD15
                                                                                                                                                                                                                                           ^
User/main.c(5): warning: no previous extern declaration for non-static variable 'new_state_A' [-Wmissing-variable-declarations]
uint8_t new_state_A = 1;
        ^
User/main.c(5): note: declare 'static' if the variable is not intended to be used outside of this translation unit
uint8_t new_state_A = 1;
^
User/main.c(6): warning: no previous extern declaration for non-static variable 'new_state_B' [-Wmissing-variable-declarations]
uint8_t new_state_B = 1;
        ^
User/main.c(6): note: declare 'static' if the variable is not intended to be used outside of this translation unit
uint8_t new_state_B = 1;
^
User/main.c(7): warning: no previous extern declaration for non-static variable 'enc_a' [-Wmissing-variable-declarations]
uint8_t enc_a=1, enc_b=1;
        ^
User/main.c(7): note: declare 'static' if the variable is not intended to be used outside of this translation unit
uint8_t enc_a=1, enc_b=1;
^
User/main.c(7): warning: no previous extern declaration for non-static variable 'enc_b' [-Wmissing-variable-declarations]
uint8_t enc_a=1, enc_b=1;
                 ^
User/main.c(7): note: declare 'static' if the variable is not intended to be used outside of this translation unit
uint8_t enc_a=1, enc_b=1;
^
User/main.c(8): warning: no previous extern declaration for non-static variable 'count_a' [-Wmissing-variable-declarations]
int32_t count_a=0, count_b=0;
        ^
User/main.c(8): note: declare 'static' if the variable is not intended to be used outside of this translation unit
int32_t count_a=0, count_b=0;
^
User/main.c(8): warning: no previous extern declaration for non-static variable 'count_b' [-Wmissing-variable-declarations]
int32_t count_a=0, count_b=0;
                   ^
User/main.c(8): note: declare 'static' if the variable is not intended to be used outside of this translation unit
int32_t count_a=0, count_b=0;
^
User/main.c(9): warning: no previous extern declaration for non-static variable 'M' [-Wmissing-variable-declarations]
uint8_t M=0, encoder_state=0;
        ^
User/main.c(9): note: declare 'static' if the variable is not intended to be used outside of this translation unit
uint8_t M=0, encoder_state=0;
^
User/main.c(9): warning: no previous extern declaration for non-static variable 'encoder_state' [-Wmissing-variable-declarations]
uint8_t M=0, encoder_state=0;
             ^
User/main.c(9): note: declare 'static' if the variable is not intended to be used outside of this translation unit
uint8_t M=0, encoder_state=0;
^
User/main.c(10): warning: no previous extern declaration for non-static variable 'cnt' [-Wmissing-variable-declarations]
uint8_t cnt=4;
        ^
User/main.c(10): note: declare 'static' if the variable is not intended to be used outside of this translation unit
uint8_t cnt=4;
^
User/main.c(11): warning: unused variable 'Test' [-Wunused-variable]
static uint32_t Test;
                ^
161 warnings generated.
linking...
Program Size: Code=3036 RO-data=456 RW-data=12 ZI-data=1640  
".\Objects\Lab12_Encoder.axf" - 0 Error(s), 161 Warning(s).

<h2>Software Packages used:</h2>

Package Vendor: ARM
                http://www.keil.com/pack/ARM.CMSIS.5.9.0.pack
                ARM.CMSIS.5.9.0
                CMSIS (Common Microcontroller Software Interface Standard)
   * Component: CORE Version: 5.6.0

Package Vendor: Keil
                https://www.keil.com/pack/Keil.STM32F4xx_DFP.2.17.0.pack
                Keil.STM32F4xx_DFP.2.17.0
                STMicroelectronics STM32F4 Series Device Support, Drivers and Examples
   * Component: Startup Version: 2.6.3

<h2>Collection of Component include folders:</h2>
  ./RTE/_Target_1
  C:/Users/Evgen/AppData/Local/Arm/Packs/ARM/CMSIS/5.9.0/CMSIS/Core/Include
  C:/Users/Evgen/AppData/Local/Arm/Packs/Keil/STM32F4xx_DFP/2.17.0/Drivers/CMSIS/Device/ST/STM32F4xx/Include

<h2>Collection of Component Files used:</h2>

   * Component: ARM::CMSIS:CORE:5.6.0

   * Component: Keil::Device:Startup:2.6.3
      Source file:   MDK/Device/Source/ARM/STM32F40xxx_41xxx_OPT.s
      Source file:   MDK/Device/Source/ARM/STM32F4xx_OTP.s
      Include file:  Drivers/CMSIS/Device/ST/STM32F4xx/Include/stm32f4xx.h
      Source file:   Drivers/CMSIS/Device/ST/STM32F4xx/Source/Templates/arm/startup_stm32f407xx.s
      Source file:   Drivers/CMSIS/Device/ST/STM32F4xx/Source/Templates/system_stm32f4xx.c
Build Time Elapsed:  00:00:01
</pre>
</body>
</html>
